Archive member included to satisfy reference by file (symbol)

/mnt/d/work/Ai-Thinker-LoRaWAN-Ra-08/drivers/crypto/lib/libcrypto.a(aes.o)
                              out/cmac.o (aes_init)
/usr/lib/gcc/arm-none-eabi/9.2.1/thumb/v7e-m/nofp/libgcc.a(_arm_muldf3.o)
                              out/printf-stdarg.o (__aeabi_dmul)
/usr/lib/gcc/arm-none-eabi/9.2.1/thumb/v7e-m/nofp/libgcc.a(_arm_addsubdf3.o)
                              out/printf-stdarg.o (__aeabi_dsub)
/usr/lib/gcc/arm-none-eabi/9.2.1/thumb/v7e-m/nofp/libgcc.a(_arm_muldivdf3.o)
                              out/printf-stdarg.o (__aeabi_ddiv)
/usr/lib/gcc/arm-none-eabi/9.2.1/thumb/v7e-m/nofp/libgcc.a(_arm_cmpdf2.o)
                              out/printf-stdarg.o (__aeabi_dcmpeq)
/usr/lib/gcc/arm-none-eabi/9.2.1/thumb/v7e-m/nofp/libgcc.a(_arm_fixdfsi.o)
                              out/printf-stdarg.o (__aeabi_d2iz)
/usr/lib/gcc/arm-none-eabi/9.2.1/thumb/v7e-m/nofp/libgcc.a(_arm_fixunsdfsi.o)
                              out/printf-stdarg.o (__aeabi_d2uiz)
/usr/lib/gcc/arm-none-eabi/9.2.1/thumb/v7e-m/nofp/libgcc.a(_aeabi_uldivmod.o)
                              out/printf-stdarg.o (__aeabi_uldivmod)
/usr/lib/gcc/arm-none-eabi/9.2.1/thumb/v7e-m/nofp/libgcc.a(_fixunsdfdi.o)
                              out/rtc-board.o (__aeabi_d2ulz)
/usr/lib/gcc/arm-none-eabi/9.2.1/thumb/v7e-m/nofp/libgcc.a(_udivmoddi4.o)
                              /usr/lib/gcc/arm-none-eabi/9.2.1/thumb/v7e-m/nofp/libgcc.a(_aeabi_uldivmod.o) (__udivmoddi4)
/usr/lib/gcc/arm-none-eabi/9.2.1/thumb/v7e-m/nofp/libgcc.a(_dvmd_tls.o)
                              /usr/lib/gcc/arm-none-eabi/9.2.1/thumb/v7e-m/nofp/libgcc.a(_aeabi_uldivmod.o) (__aeabi_ldiv0)
/usr/lib/gcc/arm-none-eabi/9.2.1/../../../arm-none-eabi/lib/thumb/v7e-m/nofp/libc.a(lib_a-atexit.o)
                              /usr/lib/gcc/arm-none-eabi/9.2.1/../../../arm-none-eabi/lib/thumb/v7e-m/nofp/crt0.o (atexit)
/usr/lib/gcc/arm-none-eabi/9.2.1/../../../arm-none-eabi/lib/thumb/v7e-m/nofp/libc.a(lib_a-exit.o)
                              /usr/lib/gcc/arm-none-eabi/9.2.1/../../../arm-none-eabi/lib/thumb/v7e-m/nofp/crt0.o (exit)
/usr/lib/gcc/arm-none-eabi/9.2.1/../../../arm-none-eabi/lib/thumb/v7e-m/nofp/libc.a(lib_a-fini.o)
                              /usr/lib/gcc/arm-none-eabi/9.2.1/../../../arm-none-eabi/lib/thumb/v7e-m/nofp/crt0.o (__libc_fini_array)
/usr/lib/gcc/arm-none-eabi/9.2.1/../../../arm-none-eabi/lib/thumb/v7e-m/nofp/libc.a(lib_a-impure.o)
                              /usr/lib/gcc/arm-none-eabi/9.2.1/../../../arm-none-eabi/lib/thumb/v7e-m/nofp/libc.a(lib_a-exit.o) (_global_impure_ptr)
/usr/lib/gcc/arm-none-eabi/9.2.1/../../../arm-none-eabi/lib/thumb/v7e-m/nofp/libc.a(lib_a-init.o)
                              /usr/lib/gcc/arm-none-eabi/9.2.1/../../../arm-none-eabi/lib/thumb/v7e-m/nofp/crt0.o (__libc_init_array)
/usr/lib/gcc/arm-none-eabi/9.2.1/../../../arm-none-eabi/lib/thumb/v7e-m/nofp/libc.a(lib_a-memcpy.o)
                              out/pingpong.o (memcpy)
/usr/lib/gcc/arm-none-eabi/9.2.1/../../../arm-none-eabi/lib/thumb/v7e-m/nofp/libc.a(lib_a-memset.o)
                              /usr/lib/gcc/arm-none-eabi/9.2.1/../../../arm-none-eabi/lib/thumb/v7e-m/nofp/crt0.o (memset)
/usr/lib/gcc/arm-none-eabi/9.2.1/../../../arm-none-eabi/lib/thumb/v7e-m/nofp/libc.a(lib_a-rand.o)
                              out/pingpong.o (srand)
/usr/lib/gcc/arm-none-eabi/9.2.1/../../../arm-none-eabi/lib/thumb/v7e-m/nofp/libc.a(lib_a-strncmp.o)
                              out/pingpong.o (strncmp)
/usr/lib/gcc/arm-none-eabi/9.2.1/../../../arm-none-eabi/lib/thumb/v7e-m/nofp/libc.a(lib_a-__atexit.o)
                              /usr/lib/gcc/arm-none-eabi/9.2.1/../../../arm-none-eabi/lib/thumb/v7e-m/nofp/libc.a(lib_a-atexit.o) (__register_exitproc)
/usr/lib/gcc/arm-none-eabi/9.2.1/../../../arm-none-eabi/lib/thumb/v7e-m/nofp/libc.a(lib_a-__call_atexit.o)
                              /usr/lib/gcc/arm-none-eabi/9.2.1/../../../arm-none-eabi/lib/thumb/v7e-m/nofp/libc.a(lib_a-exit.o) (__call_exitprocs)
/usr/lib/gcc/arm-none-eabi/9.2.1/../../../arm-none-eabi/lib/thumb/v7e-m/nofp/libm.a(lib_a-s_ceil.o)
                              out/radio.o (ceil)
/usr/lib/gcc/arm-none-eabi/9.2.1/../../../arm-none-eabi/lib/thumb/v7e-m/nofp/libm.a(lib_a-s_floor.o)
                              out/radio.o (floor)
/usr/lib/gcc/arm-none-eabi/9.2.1/../../../arm-none-eabi/lib/thumb/v7e-m/nofp/libm.a(lib_a-s_rint.o)
                              out/radio.o (rint)
/usr/lib/gcc/arm-none-eabi/9.2.1/../../../arm-none-eabi/lib/thumb/v7e-m/nofp/libm.a(lib_a-s_round.o)
                              out/rtc-board.o (round)

Allocating common symbols
Common symbol       size              file

irqRegs             0x2               out/radio.o
SX126x              0x3c              out/radio.o
RtcCalendarContext  0xc               out/rtc-board.o
RtcTimerContext     0x8               out/rtc-board.o
g_dma_callback_handler
[...]
Memory Configuration

Name             Origin             Length             Attributes
FLASH            0x0000000008000000 0x0000000000020000 xr
RAM              0x0000000020000000 0x0000000000004000 xrw
*default*        0x0000000000000000 0xffffffffffffffff

Linker script and memory map

LOAD /usr/lib/gcc/arm-none-eabi/9.2.1/thumb/v7e-m/nofp/crti.o
LOAD /usr/lib/gcc/arm-none-eabi/9.2.1/thumb/v7e-m/nofp/crtbegin.o
LOAD /usr/lib/gcc/arm-none-eabi/9.2.1/../../../arm-none-eabi/lib/thumb/v7e-m/nofp/crt0.o
LOAD out/tremo_it.o
LOAD out/pingpong.o
LOAD out/main.o
LOAD out/printf-stdarg.o
LOAD out/system_cm4.o
LOAD out/tremo_crc.o
LOAD out/tremo_lcd.o
LOAD out/tremo_bstimer.o
LOAD out/tremo_adc.o
LOAD out/tremo_spi.o
LOAD out/tremo_i2s.o
LOAD out/tremo_gpio.o
LOAD out/tremo_iwdg.o
LOAD out/tremo_uart.o
LOAD out/tremo_lpuart.o
LOAD out/tremo_timer.o
LOAD out/tremo_dma.o
LOAD out/tremo_delay.o
LOAD out/tremo_dac.o
LOAD out/tremo_rtc.o
LOAD out/tremo_lptimer.o
LOAD out/tremo_pwr.o
LOAD out/tremo_i2c.o
LOAD out/tremo_system.o
LOAD out/tremo_rcc.o
LOAD out/tremo_wdg.o
LOAD out/tremo_flash.o
LOAD out/delay.o
LOAD out/timer.o
LOAD out/cmac.o
LOAD out/radio.o
LOAD out/sx126x.o
LOAD out/utilities.o
LOAD out/rtc-board.o
LOAD out/sx1262-board.o
LOAD out/startup_cm4.o
LOAD /mnt/d/work/Ai-Thinker-LoRaWAN-Ra-08/drivers/crypto/lib/libcrypto.a
START GROUP
LOAD /usr/lib/gcc/arm-none-eabi/9.2.1/thumb/v7e-m/nofp/libgcc.a
LOAD /usr/lib/gcc/arm-none-eabi/9.2.1/../../../arm-none-eabi/lib/thumb/v7e-m/nofp/libc.a
END GROUP
LOAD /usr/lib/gcc/arm-none-eabi/9.2.1/thumb/v7e-m/nofp/crtend.o
LOAD /usr/lib/gcc/arm-none-eabi/9.2.1/thumb/v7e-m/nofp/crtn.o
                0x0000000020004000                _estack = 0x20004000
                0x0000000000000000                _HEAP_SIZE = 0x0
                0x0000000000001000                _STACK_SIZE = 0x1000

.isr_vector     0x0000000008000000       0xd4
                0x0000000008000000                . = ALIGN (0x4)
 *(.isr_vector)
 .isr_vector    0x0000000008000000       0xd4 out/startup_cm4.o
                0x0000000008000000                g_pfnVectors
                0x00000000080000d4                . = ALIGN (0x4)

.text           0x00000000080000d8     0x4f08
                0x00000000080000d8                . = ALIGN (0x4)
 *(.text)
 .text          0x00000000080000d8       0x88 /usr/lib/gcc/arm-none-eabi/9.2.1/thumb/v7e-m/nofp/crtbegin.o
 .text          0x0000000008000160      0x378 /usr/lib/gcc/arm-none-eabi/9.2.1/thumb/v7e-m/nofp/libgcc.a(_arm_addsubdf3.o)
                0x0000000008000160                __aeabi_drsub
                0x0000000008000168                __aeabi_dsub
                0x0000000008000168                __subdf3
                0x000000000800016c                __adddf3
                0x000000000800016c                __aeabi_dadd
                0x00000000080003e4                __aeabi_ui2d
                0x00000000080003e4                __floatunsidf
                0x0000000008000404                __floatsidf
                0x0000000008000404                __aeabi_i2d
                0x0000000008000428                __extendsfdf2
                0x0000000008000428                __aeabi_f2d
                0x000000000800046c                __aeabi_ul2d
                0x000000000800046c                __floatundidf
                0x000000000800047c                __floatdidf
                0x000000000800047c                __aeabi_l2d
 .text          0x00000000080004d8      0x424 /usr/lib/gcc/arm-none-eabi/9.2.1/thumb/v7e-m/nofp/libgcc.a(_arm_muldivdf3.o)
                0x00000000080004d8                __aeabi_dmul
                0x00000000080004d8                __muldf3
                0x000000000800072c                __aeabi_ddiv
                0x000000000800072c                __divdf3
 .text          0x00000000080008fc      0x110 /usr/lib/gcc/arm-none-eabi/9.2.1/thumb/v7e-m/nofp/libgcc.a(_arm_cmpdf2.o)
                0x00000000080008fc                __gtdf2
                0x00000000080008fc                __gedf2
                0x0000000008000904                __ltdf2
                0x0000000008000904                __ledf2
                0x000000000800090c                __cmpdf2
                0x000000000800090c                __eqdf2
                0x000000000800090c                __nedf2
                0x0000000008000988                __aeabi_cdrcmple
                0x0000000008000998                __aeabi_cdcmple
                0x0000000008000998                __aeabi_cdcmpeq
                0x00000000080009a8                __aeabi_dcmpeq
                0x00000000080009bc                __aeabi_dcmplt
                0x00000000080009d0                __aeabi_dcmple
                0x00000000080009e4                __aeabi_dcmpge
                0x00000000080009f8                __aeabi_dcmpgt
 .text          0x0000000008000a0c       0x50 /usr/lib/gcc/arm-none-eabi/9.2.1/thumb/v7e-m/nofp/libgcc.a(_arm_fixdfsi.o)
                0x0000000008000a0c                __fixdfsi
                0x0000000008000a0c                __aeabi_d2iz
 .text          0x0000000008000a5c       0x40 /usr/lib/gcc/arm-none-eabi/9.2.1/thumb/v7e-m/nofp/libgcc.a(_arm_fixunsdfsi.o)
                0x0000000008000a5c                __fixunsdfsi
                0x0000000008000a5c                __aeabi_d2uiz
 .text          0x0000000008000a9c       0x30 /usr/lib/gcc/arm-none-eabi/9.2.1/thumb/v7e-m/nofp/libgcc.a(_aeabi_uldivmod.o)
                0x0000000008000a9c                __aeabi_uldivmod
 .text          0x0000000008000acc       0x3c /usr/lib/gcc/arm-none-eabi/9.2.1/thumb/v7e-m/nofp/libgcc.a(_fixunsdfdi.o)
                0x0000000008000acc                __aeabi_d2ulz
                0x0000000008000acc                __fixunsdfdi
 .text          0x0000000008000b08      0x2c0 /usr/lib/gcc/arm-none-eabi/9.2.1/thumb/v7e-m/nofp/libgcc.a(_udivmoddi4.o)
                0x0000000008000b08                __udivmoddi4
 .text          0x0000000008000dc8        0x4 /usr/lib/gcc/arm-none-eabi/9.2.1/thumb/v7e-m/nofp/libgcc.a(_dvmd_tls.o)
                0x0000000008000dc8                __aeabi_ldiv0
                0x0000000008000dc8                __aeabi_idiv0
 .text          0x0000000008000dcc        0xc /usr/lib/gcc/arm-none-eabi/9.2.1/../../../arm-none-eabi/lib/thumb/v7e-m/nofp/libc.a(lib_a-atexit.o)
                0x0000000008000dcc                atexit
 .text          0x0000000008000dd8       0x34 /usr/lib/gcc/arm-none-eabi/9.2.1/../../../arm-none-eabi/lib/thumb/v7e-m/nofp/libc.a(lib_a-fini.o)
                0x0000000008000dd8                __libc_fini_array
 .text          0x0000000008000e0c       0x48 /usr/lib/gcc/arm-none-eabi/9.2.1/../../../arm-none-eabi/lib/thumb/v7e-m/nofp/libc.a(lib_a-init.o)
                0x0000000008000e0c                __libc_init_array
 .text          0x0000000008000e54      0x134 /usr/lib/gcc/arm-none-eabi/9.2.1/../../../arm-none-eabi/lib/thumb/v7e-m/nofp/libc.a(lib_a-memcpy.o)
                0x0000000008000e54                memcpy
 .text          0x0000000008000f88       0xa0 /usr/lib/gcc/arm-none-eabi/9.2.1/../../../arm-none-eabi/lib/thumb/v7e-m/nofp/libc.a(lib_a-memset.o)
                0x0000000008000f88                memset
 .text          0x0000000008001028       0x4c /usr/lib/gcc/arm-none-eabi/9.2.1/../../../arm-none-eabi/lib/thumb/v7e-m/nofp/libc.a(lib_a-rand.o)
                0x0000000008001028                srand
                0x0000000008001038                rand
 .text          0x0000000008001074       0xa4 /usr/lib/gcc/arm-none-eabi/9.2.1/../../../arm-none-eabi/lib/thumb/v7e-m/nofp/libc.a(lib_a-strncmp.o)
                0x0000000008001074                strncmp
 .text          0x0000000008001118       0x68 /usr/lib/gcc/arm-none-eabi/9.2.1/../../../arm-none-eabi/lib/thumb/v7e-m/nofp/libc.a(lib_a-__atexit.o)
                0x0000000008001118                __register_exitproc
 .text          0x0000000008001180      0x108 /usr/lib/gcc/arm-none-eabi/9.2.1/../../../arm-none-eabi/lib/thumb/v7e-m/nofp/libm.a(lib_a-s_ceil.o)
                0x0000000008001180                ceil
 .text          0x0000000008001288      0x108 /usr/lib/gcc/arm-none-eabi/9.2.1/../../../arm-none-eabi/lib/thumb/v7e-m/nofp/libm.a(lib_a-s_floor.o)
                0x0000000008001288                floor
 .text          0x0000000008001390      0x118 /usr/lib/gcc/arm-none-eabi/9.2.1/../../../arm-none-eabi/lib/thumb/v7e-m/nofp/libm.a(lib_a-s_rint.o)
                0x0000000008001390                rint
 .text          0x00000000080014a8       0x90 /usr/lib/gcc/arm-none-eabi/9.2.1/../../../arm-none-eabi/lib/thumb/v7e-m/nofp/libm.a(lib_a-s_round.o)
                0x00000000080014a8                round
 *(.text*)
 .text.NMI_Handler
                0x0000000008001538        0x2 out/tremo_it.o
                0x0000000008001538                NMI_Handler
 .text.HardFault_Handler
                0x000000000800153a        0x2 out/tremo_it.o
                0x000000000800153a                HardFault_Handler
 .text.MemManage_Handler
                0x000000000800153c        0x2 out/tremo_it.o
                0x000000000800153c                MemManage_Handler
 .text.BusFault_Handler
                0x000000000800153e        0x2 out/tremo_it.o
                0x000000000800153e                BusFault_Handler
 .text.UsageFault_Handler
                0x0000000008001540        0x2 out/tremo_it.o
                0x0000000008001540                UsageFault_Handler
 .text.SVC_Handler
                0x0000000008001542        0x2 out/tremo_it.o
                0x0000000008001542                SVC_Handler
 .text.PendSV_Handler
                0x0000000008001544        0x2 out/tremo_it.o
                0x0000000008001544                PendSV_Handler
 .text.SysTick_Handler
                0x0000000008001546        0x2 out/tremo_it.o
                0x0000000008001546                SysTick_Handler
 .text.PWR_IRQHandler
                0x0000000008001548        0x2 out/tremo_it.o
                0x0000000008001548                PWR_IRQHandler
 .text.LORA_IRQHandler
                0x000000000800154a        0x4 out/tremo_it.o
                0x000000000800154a                LORA_IRQHandler
 .text.RTC_IRQHandler
                0x000000000800154e        0x4 out/tremo_it.o
                0x000000000800154e                RTC_IRQHandler
 *fill*         0x0000000008001552        0x2 
 .text.OnTxDone
                0x0000000008001554       0x18 out/pingpong.o
                0x0000000008001554                OnTxDone
 .text.OnTxTimeout
                0x000000000800156c       0x18 out/pingpong.o
                0x000000000800156c                OnTxTimeout
 .text.OnRxError
                0x0000000008001584       0x18 out/pingpong.o
                0x0000000008001584                OnRxError
 .text.OnRxTimeout
                0x000000000800159c       0x24 out/pingpong.o
                0x000000000800159c                OnRxTimeout
 .text.OnRxDone
                0x00000000080015c0       0x3c out/pingpong.o
                0x00000000080015c0                OnRxDone
 .text.app_start
                0x00000000080015fc      0x234 out/pingpong.o
                0x00000000080015fc                app_start
 .text.uart_log_init
                0x0000000008001830       0x40 out/main.o
                0x0000000008001830                uart_log_init
 .text.board_init
                0x0000000008001870       0x6a out/main.o
                0x0000000008001870                board_init
 .text.startup.main
                0x00000000080018da        0xe out/main.o
                0x00000000080018da                main
 .text._out_null
                0x00000000080018e8        0x2 out/printf-stdarg.o
 .text._out_rev
                0x00000000080018ea       0x96 out/printf-stdarg.o
 .text._ntoa_format
                0x0000000008001980      0x10a out/printf-stdarg.o
 .text._ntoa_long
                0x0000000008001a8a       0x82 out/printf-stdarg.o
 .text._ntoa_long_long
                0x0000000008001b0c       0xa6 out/printf-stdarg.o
 *fill*         0x0000000008001bb2        0x2 
 .text._out_char
                0x0000000008001bb4       0x10 out/printf-stdarg.o
 *fill*         0x0000000008001bc4        0x4 
 .text._ftoa    0x0000000008001bc8      0x32c out/printf-stdarg.o
 *fill*         0x0000000008001ef4        0x4 
 .text._etoa    0x0000000008001ef8      0x3b8 out/printf-stdarg.o
 .text._vsnprintf
                0x00000000080022b0      0x550 out/printf-stdarg.o
 .text.__wrap_printf
                0x0000000008002800       0x28 out/printf-stdarg.o
                0x0000000008002800                __wrap_printf
 .text.nvic_init
                0x0000000008002828       0x24 out/system_cm4.o
                0x0000000008002828                nvic_init
 .text.system_init
                0x000000000800284c       0x44 out/system_cm4.o
                0x000000000800284c                system_init
 .text.gpio_init
                0x0000000008002890      0x124 out/tremo_gpio.o
                0x0000000008002890                gpio_init
 .text.gpio_set_iomux
                0x00000000080029b4       0x40 out/tremo_gpio.o
                0x00000000080029b4                gpio_set_iomux
 .text.uart_send_data
                0x00000000080029f4        0xa out/tremo_uart.o
                0x00000000080029f4                uart_send_data
 .text.uart_config_init
                0x00000000080029fe       0x16 out/tremo_uart.o
                0x00000000080029fe                uart_config_init
 .text.uart_cmd
                0x0000000008002a14       0x12 out/tremo_uart.o
                0x0000000008002a14                uart_cmd
 *fill*         0x0000000008002a26        0x2 
 .text.uart_init
                0x0000000008002a28      0x140 out/tremo_uart.o
                0x0000000008002a28                uart_init
 .text.delay_init
                0x0000000008002b68       0x48 out/tremo_delay.o
                0x0000000008002b68                delay_init
 .text.delay_us
                0x0000000008002bb0       0x30 out/tremo_delay.o
                0x0000000008002bb0                delay_us
 .text.delay_ms
                0x0000000008002be0        0xa out/tremo_delay.o
                0x0000000008002be0                delay_ms
 .text.rtc_deinit
                0x0000000008002bea       0x1e out/tremo_rtc.o
                0x0000000008002bea                rtc_deinit
 .text.rtc_check_syn
                0x0000000008002c08       0x14 out/tremo_rtc.o
                0x0000000008002c08                rtc_check_syn
 .text.rtc_calendar_cmd
                0x0000000008002c1c       0x20 out/tremo_rtc.o
                0x0000000008002c1c                rtc_calendar_cmd
 .text.rtc_cyc_cmd
                0x0000000008002c3c       0x20 out/tremo_rtc.o
                0x0000000008002c3c                rtc_cyc_cmd
 .text.rtc_config_cyc_wakeup
                0x0000000008002c5c       0x24 out/tremo_rtc.o
                0x0000000008002c5c                rtc_config_cyc_wakeup
 .text.rtc_get_calendar
                0x0000000008002c80       0xdc out/tremo_rtc.o
                0x0000000008002c80                rtc_get_calendar
 .text.rtc_set_status
                0x0000000008002d5c       0x30 out/tremo_rtc.o
                0x0000000008002d5c                rtc_set_status
 .text.rtc_get_status
                0x0000000008002d8c       0x38 out/tremo_rtc.o
                0x0000000008002d8c                rtc_get_status
 .text.rtc_config_interrupt
                0x0000000008002dc4       0x38 out/tremo_rtc.o
                0x0000000008002dc4                rtc_config_interrupt
 .text.rtc_config_cyc_max
                0x0000000008002dfc       0x14 out/tremo_rtc.o
                0x0000000008002dfc                rtc_config_cyc_max
 .text.pwr_xo32k_lpm_cmd
                0x0000000008002e10       0x18 out/tremo_pwr.o
                0x0000000008002e10                pwr_xo32k_lpm_cmd
 .text.system_get_chip_id
                0x0000000008002e28       0x1c out/tremo_system.o
                0x0000000008002e28                system_get_chip_id
 .text.rcc_get_clk_freq
                0x0000000008002e44       0x9c out/tremo_rcc.o
                0x0000000008002e44                rcc_get_clk_freq
 .text.rcc_get_uart0_clk_source
                0x0000000008002ee0        0xc out/tremo_rcc.o
                0x0000000008002ee0                rcc_get_uart0_clk_source
 .text.rcc_get_uart1_clk_source
                0x0000000008002eec        0xc out/tremo_rcc.o
                0x0000000008002eec                rcc_get_uart1_clk_source
 .text.rcc_get_uart2_clk_source
                0x0000000008002ef8        0xc out/tremo_rcc.o
                0x0000000008002ef8                rcc_get_uart2_clk_source
 .text.rcc_get_uart3_clk_source
                0x0000000008002f04        0xc out/tremo_rcc.o
                0x0000000008002f04                rcc_get_uart3_clk_source
 .text.rcc_get_rtc_clk_source
                0x0000000008002f10        0xc out/tremo_rcc.o
                0x0000000008002f10                rcc_get_rtc_clk_source
 .text.rcc_enable_peripheral_clk
                0x0000000008002f1c      0x4b4 out/tremo_rcc.o
                0x0000000008002f1c                rcc_enable_peripheral_clk
 .text.rcc_enable_oscillator
                0x00000000080033d0       0xfc out/tremo_rcc.o
                0x00000000080033d0                rcc_enable_oscillator
 .text.rcc_rst_peripheral
                0x00000000080034cc       0x4a out/tremo_rcc.o
                0x00000000080034cc                rcc_rst_peripheral
 .text.DelayMs  0x0000000008003516        0x4 out/delay.o
                0x0000000008003516                DelayMs
 *fill*         0x000000000800351a        0x2 
 .text.TimeStampsUpdate
                0x000000000800351c       0x2c out/timer.o
 .text.TimerInsertNewHeadTimer
                0x0000000008003548       0x1c out/timer.o
 .text.TimerInit
                0x0000000008003564        0xe out/timer.o
                0x0000000008003564                TimerInit
 *fill*         0x0000000008003572        0x2 
 .text.TimerStart
                0x0000000008003574       0x78 out/timer.o
                0x0000000008003574                TimerStart
 .text.TimerIrqHandler
                0x00000000080035ec       0x68 out/timer.o
                0x00000000080035ec                TimerIrqHandler
 .text.TimerStop
                0x0000000008003654       0x60 out/timer.o
                0x0000000008003654                TimerStop
 .text.TimerSetValue
                0x00000000080036b4       0x10 out/timer.o
                0x00000000080036b4                TimerSetValue
 .text.TimerGetCurrentTime
                0x00000000080036c4       0x18 out/timer.o
                0x00000000080036c4                TimerGetCurrentTime
 .text.TimerGetElapsedTime
                0x00000000080036dc       0x12 out/timer.o
                0x00000000080036dc                TimerGetElapsedTime
 .text.RadioCheckRfFrequency
                0x00000000080036ee        0x4 out/radio.o
                0x00000000080036ee                RadioCheckRfFrequency
 *fill*         0x00000000080036f2        0x2 
 .text.RadioOnTxTimeoutIrq
                0x00000000080036f4       0x14 out/radio.o
                0x00000000080036f4                RadioOnTxTimeoutIrq
 .text.RadioOnRxTimeoutIrq
                0x0000000008003708       0x14 out/radio.o
                0x0000000008003708                RadioOnRxTimeoutIrq
 .text.RadioStandby
                0x000000000800371c        0x6 out/radio.o
                0x000000000800371c                RadioStandby
 *fill*         0x0000000008003722        0x2 
 .text.RadioInit
                0x0000000008003724       0x6c out/radio.o
                0x0000000008003724                RadioInit
 .text.RadioGetStatus
                0x0000000008003790       0x18 out/radio.o
                0x0000000008003790                RadioGetStatus
 .text.RadioSetChannel
                0x00000000080037a8        0x4 out/radio.o
                0x00000000080037a8                RadioSetChannel
 .text.RadioRssi
                0x00000000080037ac        0xa out/radio.o
                0x00000000080037ac                RadioRssi
 .text.RadioRead
                0x00000000080037b6        0x4 out/radio.o
                0x00000000080037b6                RadioRead
 .text.RadioWrite
                0x00000000080037ba        0x4 out/radio.o
                0x00000000080037ba                RadioWrite
 *fill*         0x00000000080037be        0x2 
 .text.RadioSend
                0x00000000080037c0       0x54 out/radio.o
                0x00000000080037c0                RadioSend
 .text.RadioSleep
                0x0000000008003814       0x14 out/radio.o
                0x0000000008003814                RadioSleep
 .text.RadioSetRxDutyCycle
                0x0000000008003828        0x4 out/radio.o
                0x0000000008003828                RadioSetRxDutyCycle
 .text.RadioStartCad
                0x000000000800382c       0x6c out/radio.o
                0x000000000800382c                RadioStartCad
 .text.RadioSetTxContinuousWave
                0x0000000008003898       0x4c out/radio.o
                0x0000000008003898                RadioSetTxContinuousWave
 .text.RadioWriteBuffer
                0x00000000080038e4        0x4 out/radio.o
                0x00000000080038e4                RadioWriteBuffer
 .text.RadioReadBuffer
                0x00000000080038e8        0x4 out/radio.o
                0x00000000080038e8                RadioReadBuffer
 .text.RadioGetWakeupTime
                0x00000000080038ec        0xa out/radio.o
                0x00000000080038ec                RadioGetWakeupTime
 *fill*         0x00000000080038f6        0x2 
 .text.RadioOnCadTimeoutIrq
                0x00000000080038f8       0x20 out/radio.o
                0x00000000080038f8                RadioOnCadTimeoutIrq
 .text.RadioGetFskBandwidthRegValue
                0x0000000008003918       0x34 out/radio.o
 .text.RadioSetMaxPayloadLength
                0x000000000800394c       0x28 out/radio.o
                0x000000000800394c                RadioSetMaxPayloadLength
 .text.RadioRx  0x0000000008003974       0x44 out/radio.o
                0x0000000008003974                RadioRx
 .text.RadioRxBoosted
                0x00000000080039b8       0x40 out/radio.o
                0x00000000080039b8                RadioRxBoosted
 .text.RadioIrqProcess
                0x00000000080039f8      0x160 out/radio.o
                0x00000000080039f8                RadioIrqProcess
 .text.RadioSetPublicNetwork
                0x0000000008003b58       0x3c out/radio.o
                0x0000000008003b58                RadioSetPublicNetwork
 .text.RadioSetModem.part.0
                0x0000000008003b94       0x24 out/radio.o
 .text.RadioSetModem
                0x0000000008003bb8       0x20 out/radio.o
                0x0000000008003bb8                RadioSetModem
 .text.RadioIsChannelFree
                0x0000000008003bd8       0x4e out/radio.o
                0x0000000008003bd8                RadioIsChannelFree
 .text.RadioRandom
                0x0000000008003c26       0x3c out/radio.o
                0x0000000008003c26                RadioRandom
 *fill*         0x0000000008003c62        0x2 
 .text.RadioSymbTime
                0x0000000008003c64       0x2c out/radio.o
                0x0000000008003c64                RadioSymbTime
 .text.RadioSetRxConfig
                0x0000000008003c90      0x21c out/radio.o
                0x0000000008003c90                RadioSetRxConfig
 *fill*         0x0000000008003eac        0x4 
 .text.RadioSetTxConfig
                0x0000000008003eb0      0x198 out/radio.o
                0x0000000008003eb0                RadioSetTxConfig
 .text.RadioTimeOnAir
                0x0000000008004048      0x190 out/radio.o
                0x0000000008004048                RadioTimeOnAir
 .text.RadioOnDioIrq
                0x00000000080041d8       0x24 out/radio.o
                0x00000000080041d8                RadioOnDioIrq
 .text.SX126xGetOperatingMode
                0x00000000080041fc        0xc out/sx126x.o
                0x00000000080041fc                SX126xGetOperatingMode
 .text.SX126xSetOperatingMode
                0x0000000008004208        0xc out/sx126x.o
                0x0000000008004208                SX126xSetOperatingMode
 .text.SX126xCheckDeviceReady
                0x0000000008004214       0x38 out/sx126x.o
                0x0000000008004214                SX126xCheckDeviceReady
 .text.SX126xSetPayload
                0x000000000800424c        0xa out/sx126x.o
                0x000000000800424c                SX126xSetPayload
 .text.SX126xSetSyncWord
                0x0000000008004256       0x12 out/sx126x.o
                0x0000000008004256                SX126xSetSyncWord
 .text.SX126xSetCrcSeed
                0x0000000008004268       0x24 out/sx126x.o
                0x0000000008004268                SX126xSetCrcSeed
 .text.SX126xSetCrcPolynomial
                0x000000000800428c       0x24 out/sx126x.o
                0x000000000800428c                SX126xSetCrcPolynomial
 .text.SX126xSetWhiteningSeed
                0x00000000080042b0       0x38 out/sx126x.o
                0x00000000080042b0                SX126xSetWhiteningSeed
 .text.SX126xSetSleep
                0x00000000080042e8       0x24 out/sx126x.o
                0x00000000080042e8                SX126xSetSleep
 .text.SX126xSetStandby
                0x000000000800430c       0x2c out/sx126x.o
                0x000000000800430c                SX126xSetStandby
 .text.SX126xSetTx
                0x0000000008004338       0x2c out/sx126x.o
                0x0000000008004338                SX126xSetTx
 .text.SX126xSendPayload
                0x0000000008004364       0x12 out/sx126x.o
                0x0000000008004364                SX126xSendPayload
 *fill*         0x0000000008004376        0x2 
 .text.SX126xSetRx
                0x0000000008004378       0x2c out/sx126x.o
                0x0000000008004378                SX126xSetRx
 .text.SX126xSetRxBoosted
                0x00000000080043a4       0x38 out/sx126x.o
                0x00000000080043a4                SX126xSetRxBoosted
 .text.SX126xSetRxDutyCycle
                0x00000000080043dc       0x38 out/sx126x.o
                0x00000000080043dc                SX126xSetRxDutyCycle
 .text.SX126xSetCad
                0x0000000008004414       0x18 out/sx126x.o
                0x0000000008004414                SX126xSetCad
 .text.SX126xSetTxContinuousWave
                0x000000000800442c        0xa out/sx126x.o
                0x000000000800442c                SX126xSetTxContinuousWave
 .text.SX126xSetStopRxTimerOnPreambleDetect
                0x0000000008004436       0x18 out/sx126x.o
                0x0000000008004436                SX126xSetStopRxTimerOnPreambleDetect
 .text.SX126xSetLoRaSymbNumTimeout
                0x000000000800444e       0x18 out/sx126x.o
                0x000000000800444e                SX126xSetLoRaSymbNumTimeout
 .text.SX126xSetRegulatorMode
                0x0000000008004466       0x18 out/sx126x.o
                0x0000000008004466                SX126xSetRegulatorMode
 *fill*         0x000000000800447e        0x2 
 .text.SX126xCalibrateImage
                0x0000000008004480       0x64 out/sx126x.o
                0x0000000008004480                SX126xCalibrateImage
 .text.SX126xSetPaConfig
                0x00000000080044e4       0x24 out/sx126x.o
                0x00000000080044e4                SX126xSetPaConfig
 .text.SX126xSetDioIrqParams
                0x0000000008004508       0x2a out/sx126x.o
                0x0000000008004508                SX126xSetDioIrqParams
 .text.SX126xGetIrqStatus
                0x0000000008004532       0x1e out/sx126x.o
                0x0000000008004532                SX126xGetIrqStatus
 .text.SX126xSetDio2AsRfSwitchCtrl
                0x0000000008004550       0x18 out/sx126x.o
                0x0000000008004550                SX126xSetDio2AsRfSwitchCtrl
 .text.SX126xInit
                0x0000000008004568       0x28 out/sx126x.o
                0x0000000008004568                SX126xInit
 .text.SX126xSetRfFrequency
                0x0000000008004590       0x4c out/sx126x.o
                0x0000000008004590                SX126xSetRfFrequency
 .text.SX126xSetPacketType
                0x00000000080045dc       0x20 out/sx126x.o
                0x00000000080045dc                SX126xSetPacketType
 .text.SX126xGetPacketType
                0x00000000080045fc        0xc out/sx126x.o
                0x00000000080045fc                SX126xGetPacketType
 .text.SX126xSetTxParams
                0x0000000008004608       0xbc out/sx126x.o
                0x0000000008004608                SX126xSetTxParams
 *fill*         0x00000000080046c4        0x4 
 .text.SX126xSetModulationParams
                0x00000000080046c8       0xb4 out/sx126x.o
                0x00000000080046c8                SX126xSetModulationParams
 .text.SX126xSetPacketParams
                0x000000000800477c       0xac out/sx126x.o
                0x000000000800477c                SX126xSetPacketParams
 .text.SX126xSetCadParams
                0x0000000008004828       0x3c out/sx126x.o
                0x0000000008004828                SX126xSetCadParams
 .text.SX126xSetBufferBaseAddress
                0x0000000008004864       0x1a out/sx126x.o
                0x0000000008004864                SX126xSetBufferBaseAddress
 .text.SX126xGetRssiInst
                0x000000000800487e       0x1a out/sx126x.o
                0x000000000800487e                SX126xGetRssiInst
 .text.SX126xGetRxBufferStatus
                0x0000000008004898       0x48 out/sx126x.o
                0x0000000008004898                SX126xGetRxBufferStatus
 .text.SX126xGetPayload
                0x00000000080048e0       0x32 out/sx126x.o
                0x00000000080048e0                SX126xGetPayload
 *fill*         0x0000000008004912        0x2 
 .text.SX126xGetPacketStatus
                0x0000000008004914       0x80 out/sx126x.o
                0x0000000008004914                SX126xGetPacketStatus
 .text.SX126xClearIrqStatus
                0x0000000008004994       0x18 out/sx126x.o
                0x0000000008004994                SX126xClearIrqStatus
 .text.rand1    0x00000000080049ac       0x28 out/utilities.o
                0x00000000080049ac                rand1
 .text.RtcInit  0x00000000080049d4       0x30 out/rtc-board.o
                0x00000000080049d4                RtcInit
 .text.RtcSetTimeout
                0x0000000008004a04       0x8c out/rtc-board.o
                0x0000000008004a04                RtcSetTimeout
 .text.RtcStopTimeout
                0x0000000008004a90       0x14 out/rtc-board.o
                0x0000000008004a90                RtcStopTimeout
 .text.RtcGetTimerContext
                0x0000000008004aa4        0xc out/rtc-board.o
                0x0000000008004aa4                RtcGetTimerContext
 .text.RtcGetTimerValue
                0x0000000008004ab0      0x120 out/rtc-board.o
                0x0000000008004ab0                RtcGetTimerValue
 .text.RtcSetTimerContext
                0x0000000008004bd0       0x18 out/rtc-board.o
                0x0000000008004bd0                RtcSetTimerContext
 .text.RtcGetElapsedTime
                0x0000000008004be8       0x18 out/rtc-board.o
                0x0000000008004be8                RtcGetElapsedTime
 .text.RtcOnIrq
                0x0000000008004c00       0x32 out/rtc-board.o
                0x0000000008004c00                RtcOnIrq
 .text.BoardDisableIrq
                0x0000000008004c32        0x4 out/sx1262-board.o
                0x0000000008004c32                BoardDisableIrq
 .text.BoardEnableIrq
                0x0000000008004c36        0x4 out/sx1262-board.o
                0x0000000008004c36                BoardEnableIrq
 *fill*         0x0000000008004c3a        0x2 
 .text.SpiInOut
                0x0000000008004c3c       0x18 out/sx1262-board.o
                0x0000000008004c3c                SpiInOut
 .text.SX126xLoracInit
                0x0000000008004c54       0x5c out/sx1262-board.o
                0x0000000008004c54                SX126xLoracInit
 .text.SX126xGetBoardTcxoWakeupTime
                0x0000000008004cb0        0x4 out/sx1262-board.o
                0x0000000008004cb0                SX126xGetBoardTcxoWakeupTime
 .text.SX126xReset
                0x0000000008004cb4       0x54 out/sx1262-board.o
                0x0000000008004cb4                SX126xReset
 .text.SX126xWaitOnBusy
                0x0000000008004d08       0x18 out/sx1262-board.o
                0x0000000008004d08                SX126xWaitOnBusy
 .text.SX126xWakeup
                0x0000000008004d20       0x30 out/sx1262-board.o
                0x0000000008004d20                SX126xWakeup
 .text.SX126xWriteCommand
                0x0000000008004d50       0x44 out/sx1262-board.o
                0x0000000008004d50                SX126xWriteCommand
 .text.SX126xReadCommand
                0x0000000008004d94       0x48 out/sx1262-board.o
                0x0000000008004d94                SX126xReadCommand
 .text.SX126xWriteRegisters
                0x0000000008004ddc       0x48 out/sx1262-board.o
                0x0000000008004ddc                SX126xWriteRegisters
 .text.SX126xWriteRegister
                0x0000000008004e24       0x16 out/sx1262-board.o
                0x0000000008004e24                SX126xWriteRegister
 *fill*         0x0000000008004e3a        0x2 
 .text.SX126xReadRegisters
                0x0000000008004e3c       0x50 out/sx1262-board.o
                0x0000000008004e3c                SX126xReadRegisters
 .text.SX126xReadRegister
                0x0000000008004e8c       0x16 out/sx1262-board.o
                0x0000000008004e8c                SX126xReadRegister
 *fill*         0x0000000008004ea2        0x2 
 .text.SX126xWriteBuffer
                0x0000000008004ea4       0x48 out/sx1262-board.o
                0x0000000008004ea4                SX126xWriteBuffer
 .text.SX126xReadBuffer
                0x0000000008004eec       0x50 out/sx1262-board.o
                0x0000000008004eec                SX126xReadBuffer
 .text.SX126xSetRfTxPower
                0x0000000008004f3c        0x6 out/sx1262-board.o
                0x0000000008004f3c                SX126xSetRfTxPower
 .text.SX126xGetPaSelect
                0x0000000008004f42        0x4 out/sx1262-board.o
                0x0000000008004f42                SX126xGetPaSelect
 *fill*         0x0000000008004f46        0x2 
 .text.SX126xAntSwOn
                0x0000000008004f48       0x10 out/sx1262-board.o
                0x0000000008004f48                SX126xAntSwOn
 .text.SX126xAntSwOff
                0x0000000008004f58       0x10 out/sx1262-board.o
                0x0000000008004f58                SX126xAntSwOff
 .text.Reset_Handler
                0x0000000008004f68       0x48 out/startup_cm4.o
                0x0000000008004f68                Reset_Handler
 .text.Default_Handler
                0x0000000008004fb0        0x2 out/startup_cm4.o
                0x0000000008004fb0                GPIO_IRQHandler
                0x0000000008004fb0                SCC_IRQHandler
                0x0000000008004fb0                TIMER2_IRQHandler
                0x0000000008004fb0                EFC_IRQHandler
                0x0000000008004fb0                I2C0_IRQHandler
                0x0000000008004fb0                SAC_IRQHandler
                0x0000000008004fb0                I2C1_IRQHandler
                0x0000000008004fb0                UART1_IRQHandler
                0x0000000008004fb0                BSTIMER0_IRQHandler
                0x0000000008004fb0                TIMER3_IRQHandler
                0x0000000008004fb0                UART0_IRQHandler
                0x0000000008004fb0                SEC_IRQHandler
                0x0000000008004fb0                WDG_IRQHandler
                0x0000000008004fb0                LPTIMER1_IRQHandler
                0x0000000008004fb0                LPTIMER0_IRQHandler
                0x0000000008004fb0                SSP0_IRQHandler
                0x0000000008004fb0                I2S_IRQHandler
                0x0000000008004fb0                I2C2_IRQHandler
                0x0000000008004fb0                TIMER0_IRQHandler
                0x0000000008004fb0                LCD_IRQHandler
                0x0000000008004fb0                LPUART_IRQHandler
                0x0000000008004fb0                TIMER1_IRQHandler
                0x0000000008004fb0                UART2_IRQHandler
                0x0000000008004fb0                Default_Handler
                0x0000000008004fb0                ADC_IRQHandler
                0x0000000008004fb0                SSP1_IRQHandler
                0x0000000008004fb0                DMA0_IRQHandler
                0x0000000008004fb0                IWDG_IRQHandler
                0x0000000008004fb0                SSP2_IRQHandler
                0x0000000008004fb0                BSTIMER1_IRQHandler
                0x0000000008004fb0                DAC_IRQHandler
                0x0000000008004fb0                AFEC_IRQHandler
                0x0000000008004fb0                UART3_IRQHandler
                0x0000000008004fb0                QSPI_IRQHandler
                0x0000000008004fb0                DMA1_IRQHandler
 *fill*         0x0000000008004fb2        0x2 
 .text.startup  0x0000000008004fb4       0x14 /usr/lib/gcc/arm-none-eabi/9.2.1/../../../arm-none-eabi/lib/thumb/v7e-m/nofp/libc.a(lib_a-__call_atexit.o)
 *(.glue_7)
 .glue_7        0x0000000008004fc8        0x0 linker stubs
 *(.glue_7t)
 .glue_7t       0x0000000008004fc8        0x0 linker stubs
 *(.eh_frame)
 .eh_frame      0x0000000008004fc8        0x0 /usr/lib/gcc/arm-none-eabi/9.2.1/thumb/v7e-m/nofp/crtbegin.o
 *(.init)
 .init          0x0000000008004fc8        0x4 /usr/lib/gcc/arm-none-eabi/9.2.1/thumb/v7e-m/nofp/crti.o
                0x0000000008004fc8                _init
 .init          0x0000000008004fcc        0x8 /usr/lib/gcc/arm-none-eabi/9.2.1/thumb/v7e-m/nofp/crtn.o
 *(.fini)
 .fini          0x0000000008004fd4        0x4 /usr/lib/gcc/arm-none-eabi/9.2.1/thumb/v7e-m/nofp/crti.o
                0x0000000008004fd4                _fini
 .fini          0x0000000008004fd8        0x8 /usr/lib/gcc/arm-none-eabi/9.2.1/thumb/v7e-m/nofp/crtn.o
                0x0000000008004fe0                . = ALIGN (0x4)
                0x0000000008004fe0                _etext = .

.vfp11_veneer   0x0000000008004fe0        0x0
 .vfp11_veneer  0x0000000008004fe0        0x0 linker stubs

.v4_bx          0x0000000008004fe0        0x0
 .v4_bx         0x0000000008004fe0        0x0 linker stubs

.iplt           0x0000000008004fe0        0x0
 .iplt          0x0000000008004fe0        0x0 /usr/lib/gcc/arm-none-eabi/9.2.1/thumb/v7e-m/nofp/crtbegin.o

.rodata         0x0000000008004fe0      0x2b4
                0x0000000008004fe0                . = ALIGN (0x4)
 *(.rodata)
 .rodata        0x0000000008004fe0        0xa out/pingpong.o
                0x0000000008004fe0                PongMsg
                0x0000000008004fe5                PingMsg
 *fill*         0x0000000008004fea        0x6 
 .rodata        0x0000000008004ff0       0x50 out/printf-stdarg.o
 .rodata        0x0000000008005040        0xc out/tremo_uart.o
 *fill*         0x000000000800504c        0x4 
 .rodata        0x0000000008005050      0x188 out/radio.o
                0x0000000008005050                FskBandwidths
                0x0000000008005160                Bandwidths
                0x000000000800516c                Radio
 .rodata        0x00000000080051d8       0x11 out/sx126x.o
 .rodata        0x00000000080051e9       0x18 out/rtc-board.o
 *fill*         0x0000000008005201        0x3 
 .rodata        0x0000000008005204        0x4 /usr/lib/gcc/arm-none-eabi/9.2.1/../../../arm-none-eabi/lib/thumb/v7e-m/nofp/libc.a(lib_a-impure.o)
                0x0000000008005204                _global_impure_ptr
 .rodata        0x0000000008005208       0x10 /usr/lib/gcc/arm-none-eabi/9.2.1/../../../arm-none-eabi/lib/thumb/v7e-m/nofp/libm.a(lib_a-s_rint.o)
 *(.rodata*)
 .rodata.str1.1
                0x0000000008005218       0x61 out/pingpong.o
 .rodata.str1.1
                0x0000000008005279       0x19 out/printf-stdarg.o
                0x0000000008005294                . = ALIGN (0x4)
 *fill*         0x0000000008005292        0x2 

.ARM.extab
 *(.ARM.extab* .gnu.linkonce.armextab.*)

.ARM            0x0000000008005294        0x8
                0x0000000008005294                __exidx_start = .
 *(.ARM.exidx*)
 .ARM.exidx     0x0000000008005294        0x8 /usr/lib/gcc/arm-none-eabi/9.2.1/thumb/v7e-m/nofp/libgcc.a(_udivmoddi4.o)
                0x000000000800529c                __exidx_end = .

.rel.dyn        0x000000000800529c        0x0
 .rel.iplt      0x000000000800529c        0x0 /usr/lib/gcc/arm-none-eabi/9.2.1/thumb/v7e-m/nofp/crtbegin.o

.preinit_array  0x000000000800529c        0x0
                0x000000000800529c                PROVIDE (__preinit_array_start = .)
 *(.preinit_array*)
                0x000000000800529c                PROVIDE (__preinit_array_end = .)

.init_array     0x000000000800529c        0x8
                0x000000000800529c                PROVIDE (__init_array_start = .)
 *(SORT_BY_NAME(.init_array.*))
 .init_array.00000
                0x000000000800529c        0x4 /usr/lib/gcc/arm-none-eabi/9.2.1/../../../arm-none-eabi/lib/thumb/v7e-m/nofp/libc.a(lib_a-__call_atexit.o)
 *(.init_array*)
 .init_array    0x00000000080052a0        0x4 /usr/lib/gcc/arm-none-eabi/9.2.1/thumb/v7e-m/nofp/crtbegin.o
                0x00000000080052a4                PROVIDE (__init_array_end = .)

.fini_array     0x00000000080052a4        0x4
                0x00000000080052a4                PROVIDE (__fini_array_start = .)
 *(SORT_BY_NAME(.fini_array.*))
 *(.fini_array*)
 .fini_array    0x00000000080052a4        0x4 /usr/lib/gcc/arm-none-eabi/9.2.1/thumb/v7e-m/nofp/crtbegin.o
                0x00000000080052a8                PROVIDE (__fini_array_end = .)
                0x00000000080052a8                _sidata = LOADADDR (.data)

.data           0x0000000020000000      0x438 load address 0x00000000080052a8
                0x0000000020000000                . = ALIGN (0x4)
                0x0000000020000000                _sdata = .
 *(.data)
 .data          0x0000000020000000        0x2 out/pingpong.o
                0x0000000020000000                BufferSize
 .data          0x0000000020000002        0x1 out/radio.o
                0x0000000020000002                MaxPayloadLength
 *fill*         0x0000000020000003        0x1 
 .data          0x0000000020000004        0x4 out/utilities.o
 .data          0x0000000020000008      0x430 /usr/lib/gcc/arm-none-eabi/9.2.1/../../../arm-none-eabi/lib/thumb/v7e-m/nofp/libc.a(lib_a-impure.o)
                0x0000000020000008                _impure_ptr
 *(.data*)
                0x0000000020000438                . = ALIGN (0x4)
                0x0000000020000438                _edata = .

.tm_clone_table
                0x0000000020000438        0x0 load address 0x00000000080056e0
 .tm_clone_table
                0x0000000020000438        0x0 /usr/lib/gcc/arm-none-eabi/9.2.1/thumb/v7e-m/nofp/crtbegin.o
 .tm_clone_table
                0x0000000020000438        0x0 /usr/lib/gcc/arm-none-eabi/9.2.1/thumb/v7e-m/nofp/crtend.o

.igot.plt       0x0000000020000438        0x0 load address 0x00000000080056e0
 .igot.plt      0x0000000020000438        0x0 /usr/lib/gcc/arm-none-eabi/9.2.1/thumb/v7e-m/nofp/crtbegin.o
                0x0000000020000438                . = ALIGN (0x4)

.bss            0x0000000020000438      0x238 load address 0x00000000080056e0
                0x0000000020000438                _sbss = .
                0x0000000020000438                __bss_start__ = _sbss
 *(.bss)
 .bss           0x0000000020000438       0x1c /usr/lib/gcc/arm-none-eabi/9.2.1/thumb/v7e-m/nofp/crtbegin.o
 .bss           0x0000000020000454       0x28 out/pingpong.o
                0x0000000020000454                State
                0x0000000020000455                RssiValue
                0x0000000020000456                SnrValue
                0x0000000020000458                ChipId
 .bss           0x000000002000047c        0x1 out/tremo_delay.o
 *fill*         0x000000002000047d        0x3 
 .bss           0x0000000020000480       0x11 out/timer.o
                0x0000000020000490                HasLoopedThroughMain
 *fill*         0x0000000020000491        0x3 
 .bss           0x0000000020000494       0x16 out/radio.o
                0x0000000020000498                IrqFired
                0x000000002000049c                TxTimeout
                0x00000000200004a0                RxContinuous
                0x00000000200004a4                RxTimeout
 *fill*         0x00000000200004aa        0x2 
 .bss           0x00000000200004ac        0x8 out/sx126x.o
                0x00000000200004b0                FrequencyError
 .bss           0x00000000200004b4        0x9 out/rtc-board.o
                0x00000000200004b8                McuWakeUpTime
                0x00000000200004bc                NonScheduledWakeUp
 .bss           0x00000000200004bd        0x1 out/sx1262-board.o
                0x00000000200004bd                gPaOptSetting
 *(.bss*)
 *(COMMON)
 COMMON         0x00000000200004be        0x5 out/pingpong.o
                0x00000000200004be                Buffer
 *fill*         0x00000000200004c3        0x1 
 COMMON         0x00000000200004c4      0x190 out/radio.o
                0x00000000200004c4                irqRegs
                0x00000000200004c8                SX126x
                0x0000000020000504                TxTimeoutTimer
                0x0000000020000518                RadioRxPayload
                0x0000000020000618                CadTimeoutTimer
                0x000000002000062c                RadioPktStatus
                0x0000000020000640                RxTimeoutTimer
 *fill*         0x0000000020000654        0x4 
 COMMON         0x0000000020000658       0x18 out/rtc-board.o
                0x0000000020000658                RtcCalendarContext
                0x0000000020000668                RtcTimerContext
                0x0000000020000670                . = ALIGN (0x4)
                0x0000000020000670                _ebss = .
                0x0000000020000670                __bss_end__ = _ebss

.heap           0x0000000020000670        0x0 load address 0x00000000080056e0
                0x0000000020000670                . = ALIGN (0x4)
                0x0000000020000670                _heap_bottom = .
                0x0000000020000670                end = _heap_bottom
                0x0000000020000670                _end = end
                0x0000000020000670                __end = end
                0x0000000020000670                . = (. + _HEAP_SIZE)
                0x0000000020000670                _heap_top = .

.stack          0x0000000020000670     0x1000 load address 0x00000000080056e0
                0x0000000020000670                . = ALIGN (0x4)
                0x0000000020000670                _stack_bottom = .
                0x0000000020001670                . = (. + _STACK_SIZE)
 *fill*         0x0000000020000670     0x1000 
                0x0000000020001670                _stack_top = .

/DISCARD/
 libc.a(*)
 libm.a(*)
 libgcc.a(*)

.ARM.attributes
                0x0000000000000000       0x2e
 *(.ARM.attributes)
 .ARM.attributes
                0x0000000000000000       0x1e /usr/lib/gcc/arm-none-eabi/9.2.1/thumb/v7e-m/nofp/crti.o
 .ARM.attributes
                0x000000000000001e       0x2e /usr/lib/gcc/arm-none-eabi/9.2.1/thumb/v7e-m/nofp/crtbegin.o
 .ARM.attributes
                0x000000000000004c       0x32 out/tremo_it.o
 .ARM.attributes
                0x000000000000007e       0x32 out/pingpong.o
 .ARM.attributes
                0x00000000000000b0       0x32 out/main.o
 .ARM.attributes
                0x00000000000000e2       0x32 out/printf-stdarg.o
 .ARM.attributes
                0x0000000000000114       0x32 out/system_cm4.o
 .ARM.attributes
                0x0000000000000146       0x32 out/tremo_gpio.o
 .ARM.attributes
                0x0000000000000178       0x32 out/tremo_uart.o
 .ARM.attributes
                0x00000000000001aa       0x32 out/tremo_delay.o
 .ARM.attributes
                0x00000000000001dc       0x32 out/tremo_rtc.o
 .ARM.attributes
                0x000000000000020e       0x32 out/tremo_pwr.o
 .ARM.attributes
                0x0000000000000240       0x32 out/tremo_system.o
 .ARM.attributes
                0x0000000000000272       0x32 out/tremo_rcc.o
 .ARM.attributes
                0x00000000000002a4       0x32 out/delay.o
 .ARM.attributes
                0x00000000000002d6       0x32 out/timer.o
 .ARM.attributes
                0x0000000000000308       0x32 out/radio.o
 .ARM.attributes
                0x000000000000033a       0x32 out/sx126x.o
 .ARM.attributes
                0x000000000000036c       0x32 out/utilities.o
 .ARM.attributes
                0x000000000000039e       0x32 out/rtc-board.o
 .ARM.attributes
                0x00000000000003d0       0x32 out/sx1262-board.o
 .ARM.attributes
                0x0000000000000402       0x21 out/startup_cm4.o
 .ARM.attributes
                0x0000000000000423       0x1e /usr/lib/gcc/arm-none-eabi/9.2.1/thumb/v7e-m/nofp/libgcc.a(_arm_addsubdf3.o)
 .ARM.attributes
                0x0000000000000441       0x1e /usr/lib/gcc/arm-none-eabi/9.2.1/thumb/v7e-m/nofp/libgcc.a(_arm_muldivdf3.o)
 .ARM.attributes
                0x000000000000045f       0x1e /usr/lib/gcc/arm-none-eabi/9.2.1/thumb/v7e-m/nofp/libgcc.a(_arm_cmpdf2.o)
 .ARM.attributes
                0x000000000000047d       0x1e /usr/lib/gcc/arm-none-eabi/9.2.1/thumb/v7e-m/nofp/libgcc.a(_arm_fixdfsi.o)
 .ARM.attributes
                0x000000000000049b       0x1e /usr/lib/gcc/arm-none-eabi/9.2.1/thumb/v7e-m/nofp/libgcc.a(_arm_fixunsdfsi.o)
 .ARM.attributes
                0x00000000000004b9       0x1e /usr/lib/gcc/arm-none-eabi/9.2.1/thumb/v7e-m/nofp/libgcc.a(_aeabi_uldivmod.o)
 .ARM.attributes
                0x00000000000004d7       0x2e /usr/lib/gcc/arm-none-eabi/9.2.1/thumb/v7e-m/nofp/libgcc.a(_fixunsdfdi.o)
 .ARM.attributes
                0x0000000000000505       0x2e /usr/lib/gcc/arm-none-eabi/9.2.1/thumb/v7e-m/nofp/libgcc.a(_udivmoddi4.o)
 .ARM.attributes
                0x0000000000000533       0x1e /usr/lib/gcc/arm-none-eabi/9.2.1/thumb/v7e-m/nofp/libgcc.a(_dvmd_tls.o)
 .ARM.attributes
                0x0000000000000551       0x2e /usr/lib/gcc/arm-none-eabi/9.2.1/../../../arm-none-eabi/lib/thumb/v7e-m/nofp/libc.a(lib_a-atexit.o)
 .ARM.attributes
                0x000000000000057f       0x2e /usr/lib/gcc/arm-none-eabi/9.2.1/../../../arm-none-eabi/lib/thumb/v7e-m/nofp/libc.a(lib_a-fini.o)
 .ARM.attributes
                0x00000000000005ad       0x2e /usr/lib/gcc/arm-none-eabi/9.2.1/../../../arm-none-eabi/lib/thumb/v7e-m/nofp/libc.a(lib_a-impure.o)
 .ARM.attributes
                0x00000000000005db       0x2e /usr/lib/gcc/arm-none-eabi/9.2.1/../../../arm-none-eabi/lib/thumb/v7e-m/nofp/libc.a(lib_a-init.o)
 .ARM.attributes
                0x0000000000000609       0x1c /usr/lib/gcc/arm-none-eabi/9.2.1/../../../arm-none-eabi/lib/thumb/v7e-m/nofp/libc.a(lib_a-memcpy.o)
 .ARM.attributes
                0x0000000000000625       0x2e /usr/lib/gcc/arm-none-eabi/9.2.1/../../../arm-none-eabi/lib/thumb/v7e-m/nofp/libc.a(lib_a-memset.o)
 .ARM.attributes
                0x0000000000000653       0x2e /usr/lib/gcc/arm-none-eabi/9.2.1/../../../arm-none-eabi/lib/thumb/v7e-m/nofp/libc.a(lib_a-rand.o)
 .ARM.attributes
                0x0000000000000681       0x2e /usr/lib/gcc/arm-none-eabi/9.2.1/../../../arm-none-eabi/lib/thumb/v7e-m/nofp/libc.a(lib_a-strncmp.o)
 .ARM.attributes
                0x00000000000006af       0x2e /usr/lib/gcc/arm-none-eabi/9.2.1/../../../arm-none-eabi/lib/thumb/v7e-m/nofp/libc.a(lib_a-__atexit.o)
 .ARM.attributes
                0x00000000000006dd       0x2e /usr/lib/gcc/arm-none-eabi/9.2.1/../../../arm-none-eabi/lib/thumb/v7e-m/nofp/libc.a(lib_a-__call_atexit.o)
 .ARM.attributes
                0x000000000000070b       0x2e /usr/lib/gcc/arm-none-eabi/9.2.1/thumb/v7e-m/nofp/crtend.o
 .ARM.attributes
                0x0000000000000739       0x1e /usr/lib/gcc/arm-none-eabi/9.2.1/thumb/v7e-m/nofp/crtn.o
OUTPUT(out/pingpong.elf elf32-littlearm)
LOAD linker stubs
LOAD /usr/lib/gcc/arm-none-eabi/9.2.1/../../../arm-none-eabi/lib/thumb/v7e-m/nofp/libc.a
LOAD /usr/lib/gcc/arm-none-eabi/9.2.1/../../../arm-none-eabi/lib/thumb/v7e-m/nofp/libm.a
LOAD /usr/lib/gcc/arm-none-eabi/9.2.1/thumb/v7e-m/nofp/libgcc.a

.comment        0x0000000000000000       0xa7
 .comment       0x0000000000000000       0x59 /usr/lib/gcc/arm-none-eabi/9.2.1/thumb/v7e-m/nofp/crtbegin.o
                                         0x5a (size before relaxing)
 .comment       0x0000000000000059       0x5a out/tremo_it.o
 .comment       0x0000000000000059       0x5a out/pingpong.o
 .comment       0x0000000000000059       0x5a out/main.o
 .comment       0x0000000000000059       0x5a out/printf-stdarg.o
 .comment       0x0000000000000059       0x5a out/system_cm4.o
 .comment       0x0000000000000059       0x5a out/tremo_gpio.o
 .comment       0x0000000000000059       0x5a out/tremo_uart.o
 .comment       0x0000000000000059       0x5a out/tremo_delay.o
 .comment       0x0000000000000059       0x5a out/tremo_rtc.o
 .comment       0x0000000000000059       0x5a out/tremo_pwr.o
 .comment       0x0000000000000059       0x5a out/tremo_system.o
 .comment       0x0000000000000059       0x5a out/tremo_rcc.o
 .comment       0x0000000000000059       0x5a out/delay.o
 .comment       0x0000000000000059       0x5a out/timer.o
 .comment       0x0000000000000059       0x5a out/radio.o
 .comment       0x0000000000000059       0x5a out/sx126x.o
 .comment       0x0000000000000059       0x5a out/utilities.o
 .comment       0x0000000000000059       0x5a out/rtc-board.o
 .comment       0x0000000000000059       0x5a out/sx1262-board.o
 .comment       0x0000000000000059       0x5a /usr/lib/gcc/arm-none-eabi/9.2.1/thumb/v7e-m/nofp/libgcc.a(_fixunsdfdi.o)
 .comment       0x0000000000000059       0x5a /usr/lib/gcc/arm-none-eabi/9.2.1/thumb/v7e-m/nofp/libgcc.a(_udivmoddi4.o)
 .comment       0x0000000000000059       0x4e /usr/lib/gcc/arm-none-eabi/9.2.1/../../../arm-none-eabi/lib/thumb/v7e-m/nofp/libc.a(lib_a-atexit.o)
                                         0x4f (size before relaxing)
 .comment       0x00000000000000a7       0x4f /usr/lib/gcc/arm-none-eabi/9.2.1/../../../arm-none-eabi/lib/thumb/v7e-m/nofp/libc.a(lib_a-fini.o)
 .comment       0x00000000000000a7       0x4f /usr/lib/gcc/arm-none-eabi/9.2.1/../../../arm-none-eabi/lib/thumb/v7e-m/nofp/libc.a(lib_a-impure.o)
 .comment       0x00000000000000a7       0x4f /usr/lib/gcc/arm-none-eabi/9.2.1/../../../arm-none-eabi/lib/thumb/v7e-m/nofp/libc.a(lib_a-init.o)
 .comment       0x00000000000000a7       0x4f /usr/lib/gcc/arm-none-eabi/9.2.1/../../../arm-none-eabi/lib/thumb/v7e-m/nofp/libc.a(lib_a-memset.o)
 .comment       0x00000000000000a7       0x4f /usr/lib/gcc/arm-none-eabi/9.2.1/../../../arm-none-eabi/lib/thumb/v7e-m/nofp/libc.a(lib_a-rand.o)
 .comment       0x00000000000000a7       0x4f /usr/lib/gcc/arm-none-eabi/9.2.1/../../../arm-none-eabi/lib/thumb/v7e-m/nofp/libc.a(lib_a-strncmp.o)
 .comment       0x00000000000000a7       0x4f /usr/lib/gcc/arm-none-eabi/9.2.1/../../../arm-none-eabi/lib/thumb/v7e-m/nofp/libc.a(lib_a-__atexit.o)
 .comment       0x00000000000000a7       0x4f /usr/lib/gcc/arm-none-eabi/9.2.1/../../../arm-none-eabi/lib/thumb/v7e-m/nofp/libc.a(lib_a-__call_atexit.o)
 .comment       0x00000000000000a7       0x5a /usr/lib/gcc/arm-none-eabi/9.2.1/thumb/v7e-m/nofp/crtend.o

.debug_line     0x0000000000000000     0x1bcd
 .debug_line    0x0000000000000000      0x186 /usr/lib/gcc/arm-none-eabi/9.2.1/thumb/v7e-m/nofp/libgcc.a(_arm_addsubdf3.o)
 .debug_line    0x0000000000000186      0x19b /usr/lib/gcc/arm-none-eabi/9.2.1/thumb/v7e-m/nofp/libgcc.a(_arm_muldivdf3.o)
 .debug_line    0x0000000000000321       0xbd /usr/lib/gcc/arm-none-eabi/9.2.1/thumb/v7e-m/nofp/libgcc.a(_arm_cmpdf2.o)
 .debug_line    0x00000000000003de       0x79 /usr/lib/gcc/arm-none-eabi/9.2.1/thumb/v7e-m/nofp/libgcc.a(_arm_fixdfsi.o)
 .debug_line    0x0000000000000457       0x75 /usr/lib/gcc/arm-none-eabi/9.2.1/thumb/v7e-m/nofp/libgcc.a(_arm_fixunsdfsi.o)
 .debug_line    0x00000000000004cc       0x60 /usr/lib/gcc/arm-none-eabi/9.2.1/thumb/v7e-m/nofp/libgcc.a(_aeabi_uldivmod.o)
 .debug_line    0x000000000000052c      0x133 /usr/lib/gcc/arm-none-eabi/9.2.1/thumb/v7e-m/nofp/libgcc.a(_fixunsdfdi.o)
 .debug_line    0x000000000000065f      0x610 /usr/lib/gcc/arm-none-eabi/9.2.1/thumb/v7e-m/nofp/libgcc.a(_udivmoddi4.o)
 .debug_line    0x0000000000000c6f       0x60 /usr/lib/gcc/arm-none-eabi/9.2.1/thumb/v7e-m/nofp/libgcc.a(_dvmd_tls.o)
 .debug_line    0x0000000000000ccf      0x14a /usr/lib/gcc/arm-none-eabi/9.2.1/../../../arm-none-eabi/lib/thumb/v7e-m/nofp/libc.a(lib_a-atexit.o)
 .debug_line    0x0000000000000e19       0xd7 /usr/lib/gcc/arm-none-eabi/9.2.1/../../../arm-none-eabi/lib/thumb/v7e-m/nofp/libc.a(lib_a-fini.o)
 .debug_line    0x0000000000000ef0       0xe3 /usr/lib/gcc/arm-none-eabi/9.2.1/../../../arm-none-eabi/lib/thumb/v7e-m/nofp/libc.a(lib_a-impure.o)
 .debug_line    0x0000000000000fd3      0x10d /usr/lib/gcc/arm-none-eabi/9.2.1/../../../arm-none-eabi/lib/thumb/v7e-m/nofp/libc.a(lib_a-init.o)
 .debug_line    0x00000000000010e0       0xbe /usr/lib/gcc/arm-none-eabi/9.2.1/../../../arm-none-eabi/lib/thumb/v7e-m/nofp/libc.a(lib_a-memcpy.o)
 .debug_line    0x000000000000119e      0x26b /usr/lib/gcc/arm-none-eabi/9.2.1/../../../arm-none-eabi/lib/thumb/v7e-m/nofp/libc.a(lib_a-memset.o)
 .debug_line    0x0000000000001409      0x179 /usr/lib/gcc/arm-none-eabi/9.2.1/../../../arm-none-eabi/lib/thumb/v7e-m/nofp/libc.a(lib_a-rand.o)
 .debug_line    0x0000000000001582      0x232 /usr/lib/gcc/arm-none-eabi/9.2.1/../../../arm-none-eabi/lib/thumb/v7e-m/nofp/libc.a(lib_a-strncmp.o)
 .debug_line    0x00000000000017b4      0x1e1 /usr/lib/gcc/arm-none-eabi/9.2.1/../../../arm-none-eabi/lib/thumb/v7e-m/nofp/libc.a(lib_a-__atexit.o)
 .debug_line    0x0000000000001995      0x238 /usr/lib/gcc/arm-none-eabi/9.2.1/../../../arm-none-eabi/lib/thumb/v7e-m/nofp/libc.a(lib_a-__call_atexit.o)

.debug_info     0x0000000000000000     0x634f
 .debug_info    0x0000000000000000       0x26 /usr/lib/gcc/arm-none-eabi/9.2.1/thumb/v7e-m/nofp/libgcc.a(_arm_addsubdf3.o)
 .debug_info    0x0000000000000026       0x26 /usr/lib/gcc/arm-none-eabi/9.2.1/thumb/v7e-m/nofp/libgcc.a(_arm_muldivdf3.o)
 .debug_info    0x000000000000004c       0x26 /usr/lib/gcc/arm-none-eabi/9.2.1/thumb/v7e-m/nofp/libgcc.a(_arm_cmpdf2.o)
 .debug_info    0x0000000000000072       0x26 /usr/lib/gcc/arm-none-eabi/9.2.1/thumb/v7e-m/nofp/libgcc.a(_arm_fixdfsi.o)
 .debug_info    0x0000000000000098       0x26 /usr/lib/gcc/arm-none-eabi/9.2.1/thumb/v7e-m/nofp/libgcc.a(_arm_fixunsdfsi.o)
 .debug_info    0x00000000000000be       0x26 /usr/lib/gcc/arm-none-eabi/9.2.1/thumb/v7e-m/nofp/libgcc.a(_aeabi_uldivmod.o)
 .debug_info    0x00000000000000e4      0x96d /usr/lib/gcc/arm-none-eabi/9.2.1/thumb/v7e-m/nofp/libgcc.a(_fixunsdfdi.o)
 .debug_info    0x0000000000000a51      0xd7c /usr/lib/gcc/arm-none-eabi/9.2.1/thumb/v7e-m/nofp/libgcc.a(_udivmoddi4.o)
 .debug_info    0x00000000000017cd       0x26 /usr/lib/gcc/arm-none-eabi/9.2.1/thumb/v7e-m/nofp/libgcc.a(_dvmd_tls.o)
 .debug_info    0x00000000000017f3      0x995 /usr/lib/gcc/arm-none-eabi/9.2.1/../../../arm-none-eabi/lib/thumb/v7e-m/nofp/libc.a(lib_a-atexit.o)
 .debug_info    0x0000000000002188      0x102 /usr/lib/gcc/arm-none-eabi/9.2.1/../../../arm-none-eabi/lib/thumb/v7e-m/nofp/libc.a(lib_a-fini.o)
 .debug_info    0x000000000000228a      0x92a /usr/lib/gcc/arm-none-eabi/9.2.1/../../../arm-none-eabi/lib/thumb/v7e-m/nofp/libc.a(lib_a-impure.o)
 .debug_info    0x0000000000002bb4      0x11a /usr/lib/gcc/arm-none-eabi/9.2.1/../../../arm-none-eabi/lib/thumb/v7e-m/nofp/libc.a(lib_a-init.o)
 .debug_info    0x0000000000002cce       0x26 /usr/lib/gcc/arm-none-eabi/9.2.1/../../../arm-none-eabi/lib/thumb/v7e-m/nofp/libc.a(lib_a-memcpy.o)
 .debug_info    0x0000000000002cf4      0xf21 /usr/lib/gcc/arm-none-eabi/9.2.1/../../../arm-none-eabi/lib/thumb/v7e-m/nofp/libc.a(lib_a-memset.o)
 .debug_info    0x0000000000003c15      0x97a /usr/lib/gcc/arm-none-eabi/9.2.1/../../../arm-none-eabi/lib/thumb/v7e-m/nofp/libc.a(lib_a-rand.o)
 .debug_info    0x000000000000458f      0x995 /usr/lib/gcc/arm-none-eabi/9.2.1/../../../arm-none-eabi/lib/thumb/v7e-m/nofp/libc.a(lib_a-strncmp.o)
 .debug_info    0x0000000000004f24      0x9d5 /usr/lib/gcc/arm-none-eabi/9.2.1/../../../arm-none-eabi/lib/thumb/v7e-m/nofp/libc.a(lib_a-__atexit.o)
 .debug_info    0x00000000000058f9      0xa56 /usr/lib/gcc/arm-none-eabi/9.2.1/../../../arm-none-eabi/lib/thumb/v7e-m/nofp/libc.a(lib_a-__call_atexit.o)

.debug_abbrev   0x0000000000000000     0x144b
 .debug_abbrev  0x0000000000000000       0x14 /usr/lib/gcc/arm-none-eabi/9.2.1/thumb/v7e-m/nofp/libgcc.a(_arm_addsubdf3.o)
 .debug_abbrev  0x0000000000000014       0x14 /usr/lib/gcc/arm-none-eabi/9.2.1/thumb/v7e-m/nofp/libgcc.a(_arm_muldivdf3.o)
 .debug_abbrev  0x0000000000000028       0x14 /usr/lib/gcc/arm-none-eabi/9.2.1/thumb/v7e-m/nofp/libgcc.a(_arm_cmpdf2.o)
 .debug_abbrev  0x000000000000003c       0x14 /usr/lib/gcc/arm-none-eabi/9.2.1/thumb/v7e-m/nofp/libgcc.a(_arm_fixdfsi.o)
 .debug_abbrev  0x0000000000000050       0x14 /usr/lib/gcc/arm-none-eabi/9.2.1/thumb/v7e-m/nofp/libgcc.a(_arm_fixunsdfsi.o)
 .debug_abbrev  0x0000000000000064       0x14 /usr/lib/gcc/arm-none-eabi/9.2.1/thumb/v7e-m/nofp/libgcc.a(_aeabi_uldivmod.o)
 .debug_abbrev  0x0000000000000078      0x14f /usr/lib/gcc/arm-none-eabi/9.2.1/thumb/v7e-m/nofp/libgcc.a(_fixunsdfdi.o)
 .debug_abbrev  0x00000000000001c7      0x1c2 /usr/lib/gcc/arm-none-eabi/9.2.1/thumb/v7e-m/nofp/libgcc.a(_udivmoddi4.o)
 .debug_abbrev  0x0000000000000389       0x14 /usr/lib/gcc/arm-none-eabi/9.2.1/thumb/v7e-m/nofp/libgcc.a(_dvmd_tls.o)
 .debug_abbrev  0x000000000000039d      0x232 /usr/lib/gcc/arm-none-eabi/9.2.1/../../../arm-none-eabi/lib/thumb/v7e-m/nofp/libc.a(lib_a-atexit.o)
 .debug_abbrev  0x00000000000005cf       0xcf /usr/lib/gcc/arm-none-eabi/9.2.1/../../../arm-none-eabi/lib/thumb/v7e-m/nofp/libc.a(lib_a-fini.o)
 .debug_abbrev  0x000000000000069e      0x1b8 /usr/lib/gcc/arm-none-eabi/9.2.1/../../../arm-none-eabi/lib/thumb/v7e-m/nofp/libc.a(lib_a-impure.o)
 .debug_abbrev  0x0000000000000856       0xcc /usr/lib/gcc/arm-none-eabi/9.2.1/../../../arm-none-eabi/lib/thumb/v7e-m/nofp/libc.a(lib_a-init.o)
 .debug_abbrev  0x0000000000000922       0x14 /usr/lib/gcc/arm-none-eabi/9.2.1/../../../arm-none-eabi/lib/thumb/v7e-m/nofp/libc.a(lib_a-memcpy.o)
 .debug_abbrev  0x0000000000000936      0x217 /usr/lib/gcc/arm-none-eabi/9.2.1/../../../arm-none-eabi/lib/thumb/v7e-m/nofp/libc.a(lib_a-memset.o)
 .debug_abbrev  0x0000000000000b4d      0x212 /usr/lib/gcc/arm-none-eabi/9.2.1/../../../arm-none-eabi/lib/thumb/v7e-m/nofp/libc.a(lib_a-rand.o)
 .debug_abbrev  0x0000000000000d5f      0x1e8 /usr/lib/gcc/arm-none-eabi/9.2.1/../../../arm-none-eabi/lib/thumb/v7e-m/nofp/libc.a(lib_a-strncmp.o)
 .debug_abbrev  0x0000000000000f47      0x252 /usr/lib/gcc/arm-none-eabi/9.2.1/../../../arm-none-eabi/lib/thumb/v7e-m/nofp/libc.a(lib_a-__atexit.o)
 .debug_abbrev  0x0000000000001199      0x2b2 /usr/lib/gcc/arm-none-eabi/9.2.1/../../../arm-none-eabi/lib/thumb/v7e-m/nofp/libc.a(lib_a-__call_atexit.o)

.debug_aranges  0x0000000000000000      0x260
 .debug_aranges
                0x0000000000000000       0x20 /usr/lib/gcc/arm-none-eabi/9.2.1/thumb/v7e-m/nofp/libgcc.a(_arm_addsubdf3.o)
 .debug_aranges
                0x0000000000000020       0x20 /usr/lib/gcc/arm-none-eabi/9.2.1/thumb/v7e-m/nofp/libgcc.a(_arm_muldivdf3.o)
 .debug_aranges
                0x0000000000000040       0x20 /usr/lib/gcc/arm-none-eabi/9.2.1/thumb/v7e-m/nofp/libgcc.a(_arm_cmpdf2.o)
 .debug_aranges
                0x0000000000000060       0x20 /usr/lib/gcc/arm-none-eabi/9.2.1/thumb/v7e-m/nofp/libgcc.a(_arm_fixdfsi.o)
 .debug_aranges
                0x0000000000000080       0x20 /usr/lib/gcc/arm-none-eabi/9.2.1/thumb/v7e-m/nofp/libgcc.a(_arm_fixunsdfsi.o)
 .debug_aranges
                0x00000000000000a0       0x20 /usr/lib/gcc/arm-none-eabi/9.2.1/thumb/v7e-m/nofp/libgcc.a(_aeabi_uldivmod.o)
 .debug_aranges
                0x00000000000000c0       0x20 /usr/lib/gcc/arm-none-eabi/9.2.1/thumb/v7e-m/nofp/libgcc.a(_fixunsdfdi.o)
 .debug_aranges
                0x00000000000000e0       0x20 /usr/lib/gcc/arm-none-eabi/9.2.1/thumb/v7e-m/nofp/libgcc.a(_udivmoddi4.o)
 .debug_aranges
                0x0000000000000100       0x20 /usr/lib/gcc/arm-none-eabi/9.2.1/thumb/v7e-m/nofp/libgcc.a(_dvmd_tls.o)
 .debug_aranges
                0x0000000000000120       0x20 /usr/lib/gcc/arm-none-eabi/9.2.1/../../../arm-none-eabi/lib/thumb/v7e-m/nofp/libc.a(lib_a-atexit.o)
 .debug_aranges
                0x0000000000000140       0x20 /usr/lib/gcc/arm-none-eabi/9.2.1/../../../arm-none-eabi/lib/thumb/v7e-m/nofp/libc.a(lib_a-fini.o)
 .debug_aranges
                0x0000000000000160       0x18 /usr/lib/gcc/arm-none-eabi/9.2.1/../../../arm-none-eabi/lib/thumb/v7e-m/nofp/libc.a(lib_a-impure.o)
 .debug_aranges
                0x0000000000000178       0x20 /usr/lib/gcc/arm-none-eabi/9.2.1/../../../arm-none-eabi/lib/thumb/v7e-m/nofp/libc.a(lib_a-init.o)
 .debug_aranges
                0x0000000000000198       0x20 /usr/lib/gcc/arm-none-eabi/9.2.1/../../../arm-none-eabi/lib/thumb/v7e-m/nofp/libc.a(lib_a-memcpy.o)
 .debug_aranges
                0x00000000000001b8       0x20 /usr/lib/gcc/arm-none-eabi/9.2.1/../../../arm-none-eabi/lib/thumb/v7e-m/nofp/libc.a(lib_a-memset.o)
 .debug_aranges
                0x00000000000001d8       0x20 /usr/lib/gcc/arm-none-eabi/9.2.1/../../../arm-none-eabi/lib/thumb/v7e-m/nofp/libc.a(lib_a-rand.o)
 .debug_aranges
                0x00000000000001f8       0x20 /usr/lib/gcc/arm-none-eabi/9.2.1/../../../arm-none-eabi/lib/thumb/v7e-m/nofp/libc.a(lib_a-strncmp.o)
 .debug_aranges
                0x0000000000000218       0x20 /usr/lib/gcc/arm-none-eabi/9.2.1/../../../arm-none-eabi/lib/thumb/v7e-m/nofp/libc.a(lib_a-__atexit.o)
 .debug_aranges
                0x0000000000000238       0x28 /usr/lib/gcc/arm-none-eabi/9.2.1/../../../arm-none-eabi/lib/thumb/v7e-m/nofp/libc.a(lib_a-__call_atexit.o)

.debug_str      0x0000000000000000     0x1f0d
 .debug_str     0x0000000000000000       0xa5 /usr/lib/gcc/arm-none-eabi/9.2.1/thumb/v7e-m/nofp/libgcc.a(_arm_addsubdf3.o)
 .debug_str     0x00000000000000a5       0xa5 /usr/lib/gcc/arm-none-eabi/9.2.1/thumb/v7e-m/nofp/libgcc.a(_arm_muldivdf3.o)
 .debug_str     0x00000000000000a5       0xa5 /usr/lib/gcc/arm-none-eabi/9.2.1/thumb/v7e-m/nofp/libgcc.a(_arm_cmpdf2.o)
 .debug_str     0x00000000000000a5       0xa5 /usr/lib/gcc/arm-none-eabi/9.2.1/thumb/v7e-m/nofp/libgcc.a(_arm_fixdfsi.o)
 .debug_str     0x00000000000000a5       0xa5 /usr/lib/gcc/arm-none-eabi/9.2.1/thumb/v7e-m/nofp/libgcc.a(_arm_fixunsdfsi.o)
 .debug_str     0x00000000000000a5       0x2c /usr/lib/gcc/arm-none-eabi/9.2.1/thumb/v7e-m/nofp/libgcc.a(_aeabi_uldivmod.o)
                                         0xa0 (size before relaxing)
 .debug_str     0x00000000000000d1     0x10fb /usr/lib/gcc/arm-none-eabi/9.2.1/thumb/v7e-m/nofp/libgcc.a(_fixunsdfdi.o)
                                       0x1193 (size before relaxing)
 .debug_str     0x00000000000011cc      0x11c /usr/lib/gcc/arm-none-eabi/9.2.1/thumb/v7e-m/nofp/libgcc.a(_udivmoddi4.o)
                                       0x11e0 (size before relaxing)
 .debug_str     0x00000000000012e8       0x30 /usr/lib/gcc/arm-none-eabi/9.2.1/thumb/v7e-m/nofp/libgcc.a(_dvmd_tls.o)
                                         0xa4 (size before relaxing)
 .debug_str     0x0000000000001318      0x514 /usr/lib/gcc/arm-none-eabi/9.2.1/../../../arm-none-eabi/lib/thumb/v7e-m/nofp/libc.a(lib_a-atexit.o)
                                        0x5e5 (size before relaxing)
 .debug_str     0x000000000000182c       0xc5 /usr/lib/gcc/arm-none-eabi/9.2.1/../../../arm-none-eabi/lib/thumb/v7e-m/nofp/libc.a(lib_a-fini.o)
                                        0x1f4 (size before relaxing)
 .debug_str     0x00000000000018f1       0x98 /usr/lib/gcc/arm-none-eabi/9.2.1/../../../arm-none-eabi/lib/thumb/v7e-m/nofp/libc.a(lib_a-impure.o)
                                        0x59a (size before relaxing)
 .debug_str     0x0000000000001989       0x96 /usr/lib/gcc/arm-none-eabi/9.2.1/../../../arm-none-eabi/lib/thumb/v7e-m/nofp/libc.a(lib_a-init.o)
                                        0x21e (size before relaxing)
 .debug_str     0x0000000000001a1f       0xa2 /usr/lib/gcc/arm-none-eabi/9.2.1/../../../arm-none-eabi/lib/thumb/v7e-m/nofp/libc.a(lib_a-memcpy.o)
                                         0xae (size before relaxing)
 .debug_str     0x0000000000001ac1      0x314 /usr/lib/gcc/arm-none-eabi/9.2.1/../../../arm-none-eabi/lib/thumb/v7e-m/nofp/libc.a(lib_a-memset.o)
                                        0x8c7 (size before relaxing)
 .debug_str     0x0000000000001dd5       0x38 /usr/lib/gcc/arm-none-eabi/9.2.1/../../../arm-none-eabi/lib/thumb/v7e-m/nofp/libc.a(lib_a-rand.o)
                                        0x5ae (size before relaxing)
 .debug_str     0x0000000000001e0d       0x3d /usr/lib/gcc/arm-none-eabi/9.2.1/../../../arm-none-eabi/lib/thumb/v7e-m/nofp/libc.a(lib_a-strncmp.o)
                                        0x5a0 (size before relaxing)
 .debug_str     0x0000000000001e4a       0x4f /usr/lib/gcc/arm-none-eabi/9.2.1/../../../arm-none-eabi/lib/thumb/v7e-m/nofp/libc.a(lib_a-__atexit.o)
                                        0x603 (size before relaxing)
 .debug_str     0x0000000000001e99       0x74 /usr/lib/gcc/arm-none-eabi/9.2.1/../../../arm-none-eabi/lib/thumb/v7e-m/nofp/libc.a(lib_a-__call_atexit.o)
                                        0x616 (size before relaxing)

.debug_frame    0x0000000000000000      0x458
 .debug_frame   0x0000000000000000       0xac /usr/lib/gcc/arm-none-eabi/9.2.1/thumb/v7e-m/nofp/libgcc.a(_arm_addsubdf3.o)
 .debug_frame   0x00000000000000ac       0x50 /usr/lib/gcc/arm-none-eabi/9.2.1/thumb/v7e-m/nofp/libgcc.a(_arm_muldivdf3.o)
 .debug_frame   0x00000000000000fc       0xc4 /usr/lib/gcc/arm-none-eabi/9.2.1/thumb/v7e-m/nofp/libgcc.a(_arm_cmpdf2.o)
 .debug_frame   0x00000000000001c0       0x24 /usr/lib/gcc/arm-none-eabi/9.2.1/thumb/v7e-m/nofp/libgcc.a(_arm_fixdfsi.o)
 .debug_frame   0x00000000000001e4       0x24 /usr/lib/gcc/arm-none-eabi/9.2.1/thumb/v7e-m/nofp/libgcc.a(_arm_fixunsdfsi.o)
 .debug_frame   0x0000000000000208       0x2c /usr/lib/gcc/arm-none-eabi/9.2.1/thumb/v7e-m/nofp/libgcc.a(_aeabi_uldivmod.o)
 .debug_frame   0x0000000000000234       0x2c /usr/lib/gcc/arm-none-eabi/9.2.1/thumb/v7e-m/nofp/libgcc.a(_fixunsdfdi.o)
 .debug_frame   0x0000000000000260       0x34 /usr/lib/gcc/arm-none-eabi/9.2.1/thumb/v7e-m/nofp/libgcc.a(_udivmoddi4.o)
 .debug_frame   0x0000000000000294       0x20 /usr/lib/gcc/arm-none-eabi/9.2.1/../../../arm-none-eabi/lib/thumb/v7e-m/nofp/libc.a(lib_a-atexit.o)
 .debug_frame   0x00000000000002b4       0x34 /usr/lib/gcc/arm-none-eabi/9.2.1/../../../arm-none-eabi/lib/thumb/v7e-m/nofp/libc.a(lib_a-fini.o)
 .debug_frame   0x00000000000002e8       0x2c /usr/lib/gcc/arm-none-eabi/9.2.1/../../../arm-none-eabi/lib/thumb/v7e-m/nofp/libc.a(lib_a-init.o)
 .debug_frame   0x0000000000000314       0x38 /usr/lib/gcc/arm-none-eabi/9.2.1/../../../arm-none-eabi/lib/thumb/v7e-m/nofp/libc.a(lib_a-memset.o)
 .debug_frame   0x000000000000034c       0x3c /usr/lib/gcc/arm-none-eabi/9.2.1/../../../arm-none-eabi/lib/thumb/v7e-m/nofp/libc.a(lib_a-rand.o)
 .debug_frame   0x0000000000000388       0x48 /usr/lib/gcc/arm-none-eabi/9.2.1/../../../arm-none-eabi/lib/thumb/v7e-m/nofp/libc.a(lib_a-strncmp.o)
 .debug_frame   0x00000000000003d0       0x38 /usr/lib/gcc/arm-none-eabi/9.2.1/../../../arm-none-eabi/lib/thumb/v7e-m/nofp/libc.a(lib_a-__atexit.o)
 .debug_frame   0x0000000000000408       0x50 /usr/lib/gcc/arm-none-eabi/9.2.1/../../../arm-none-eabi/lib/thumb/v7e-m/nofp/libc.a(lib_a-__call_atexit.o)

.debug_loc      0x0000000000000000     0x1852
 .debug_loc     0x0000000000000000       0xad /usr/lib/gcc/arm-none-eabi/9.2.1/thumb/v7e-m/nofp/libgcc.a(_fixunsdfdi.o)
 .debug_loc     0x00000000000000ad      0xf8a /usr/lib/gcc/arm-none-eabi/9.2.1/thumb/v7e-m/nofp/libgcc.a(_udivmoddi4.o)
 .debug_loc     0x0000000000001037       0x32 /usr/lib/gcc/arm-none-eabi/9.2.1/../../../arm-none-eabi/lib/thumb/v7e-m/nofp/libc.a(lib_a-atexit.o)
 .debug_loc     0x0000000000001069       0x68 /usr/lib/gcc/arm-none-eabi/9.2.1/../../../arm-none-eabi/lib/thumb/v7e-m/nofp/libc.a(lib_a-fini.o)
 .debug_loc     0x00000000000010d1       0xba /usr/lib/gcc/arm-none-eabi/9.2.1/../../../arm-none-eabi/lib/thumb/v7e-m/nofp/libc.a(lib_a-init.o)
 .debug_loc     0x000000000000118b      0x231 /usr/lib/gcc/arm-none-eabi/9.2.1/../../../arm-none-eabi/lib/thumb/v7e-m/nofp/libc.a(lib_a-memset.o)
 .debug_loc     0x00000000000013bc       0x38 /usr/lib/gcc/arm-none-eabi/9.2.1/../../../arm-none-eabi/lib/thumb/v7e-m/nofp/libc.a(lib_a-rand.o)
 .debug_loc     0x00000000000013f4      0x1dc /usr/lib/gcc/arm-none-eabi/9.2.1/../../../arm-none-eabi/lib/thumb/v7e-m/nofp/libc.a(lib_a-strncmp.o)
 .debug_loc     0x00000000000015d0      0x138 /usr/lib/gcc/arm-none-eabi/9.2.1/../../../arm-none-eabi/lib/thumb/v7e-m/nofp/libc.a(lib_a-__atexit.o)
 .debug_loc     0x0000000000001708      0x14a /usr/lib/gcc/arm-none-eabi/9.2.1/../../../arm-none-eabi/lib/thumb/v7e-m/nofp/libc.a(lib_a-__call_atexit.o)

.debug_ranges   0x0000000000000000      0x100
 .debug_ranges  0x0000000000000000       0xc8 /usr/lib/gcc/arm-none-eabi/9.2.1/thumb/v7e-m/nofp/libgcc.a(_udivmoddi4.o)
 .debug_ranges  0x00000000000000c8       0x38 /usr/lib/gcc/arm-none-eabi/9.2.1/../../../arm-none-eabi/lib/thumb/v7e-m/nofp/libc.a(lib_a-__call_atexit.o)
