Archive member included to satisfy reference by file (symbol)

/mnt/d/work/Ai-Thinker-LoRaWAN-Ra-08/drivers/crypto/lib/libcrypto.a(aes.o)
                              out/cmac.o (aes_init)
/usr/lib/gcc/arm-none-eabi/9.2.1/thumb/v7e-m/nofp/libgcc.a(_arm_muldf3.o)
                              out/printf-stdarg.o (__aeabi_dmul)
/usr/lib/gcc/arm-none-eabi/9.2.1/thumb/v7e-m/nofp/libgcc.a(_arm_addsubdf3.o)
                              out/printf-stdarg.o (__aeabi_dsub)
/usr/lib/gcc/arm-none-eabi/9.2.1/thumb/v7e-m/nofp/libgcc.a(_arm_muldivdf3.o)
                              out/printf-stdarg.o (__aeabi_ddiv)
/usr/lib/gcc/arm-none-eabi/9.2.1/thumb/v7e-m/nofp/libgcc.a(_arm_cmpdf2.o)
                              out/printf-stdarg.o (__aeabi_dcmpeq)
/usr/lib/gcc/arm-none-eabi/9.2.1/thumb/v7e-m/nofp/libgcc.a(_arm_fixdfsi.o)
                              out/printf-stdarg.o (__aeabi_d2iz)
/usr/lib/gcc/arm-none-eabi/9.2.1/thumb/v7e-m/nofp/libgcc.a(_arm_fixunsdfsi.o)
                              out/printf-stdarg.o (__aeabi_d2uiz)
/usr/lib/gcc/arm-none-eabi/9.2.1/thumb/v7e-m/nofp/libgcc.a(_aeabi_uldivmod.o)
                              out/printf-stdarg.o (__aeabi_uldivmod)
/usr/lib/gcc/arm-none-eabi/9.2.1/thumb/v7e-m/nofp/libgcc.a(_fixunsdfdi.o)
                              out/rtc-board.o (__aeabi_d2ulz)
/usr/lib/gcc/arm-none-eabi/9.2.1/thumb/v7e-m/nofp/libgcc.a(_udivmoddi4.o)
                              /usr/lib/gcc/arm-none-eabi/9.2.1/thumb/v7e-m/nofp/libgcc.a(_aeabi_uldivmod.o) (__udivmoddi4)
/usr/lib/gcc/arm-none-eabi/9.2.1/thumb/v7e-m/nofp/libgcc.a(_dvmd_tls.o)
                              /usr/lib/gcc/arm-none-eabi/9.2.1/thumb/v7e-m/nofp/libgcc.a(_aeabi_uldivmod.o) (__aeabi_ldiv0)
/usr/lib/gcc/arm-none-eabi/9.2.1/../../../arm-none-eabi/lib/thumb/v7e-m/nofp/libc.a(lib_a-atexit.o)
                              /usr/lib/gcc/arm-none-eabi/9.2.1/../../../arm-none-eabi/lib/thumb/v7e-m/nofp/crt0.o (atexit)
/usr/lib/gcc/arm-none-eabi/9.2.1/../../../arm-none-eabi/lib/thumb/v7e-m/nofp/libc.a(lib_a-atoi.o)
                              out/lora_driver.o (atoi)
/usr/lib/gcc/arm-none-eabi/9.2.1/../../../arm-none-eabi/lib/thumb/v7e-m/nofp/libc.a(lib_a-exit.o)
                              /usr/lib/gcc/arm-none-eabi/9.2.1/../../../arm-none-eabi/lib/thumb/v7e-m/nofp/crt0.o (exit)
/usr/lib/gcc/arm-none-eabi/9.2.1/../../../arm-none-eabi/lib/thumb/v7e-m/nofp/libc.a(lib_a-fini.o)
                              /usr/lib/gcc/arm-none-eabi/9.2.1/../../../arm-none-eabi/lib/thumb/v7e-m/nofp/crt0.o (__libc_fini_array)
/usr/lib/gcc/arm-none-eabi/9.2.1/../../../arm-none-eabi/lib/thumb/v7e-m/nofp/libc.a(lib_a-impure.o)
                              /usr/lib/gcc/arm-none-eabi/9.2.1/../../../arm-none-eabi/lib/thumb/v7e-m/nofp/libc.a(lib_a-exit.o) (_global_impure_ptr)
/usr/lib/gcc/arm-none-eabi/9.2.1/../../../arm-none-eabi/lib/thumb/v7e-m/nofp/libc.a(lib_a-init.o)
                              /usr/lib/gcc/arm-none-eabi/9.2.1/../../../arm-none-eabi/lib/thumb/v7e-m/nofp/crt0.o (__libc_init_array)
/usr/lib/gcc/arm-none-eabi/9.2.1/../../../arm-none-eabi/lib/thumb/v7e-m/nofp/libc.a(lib_a-memcmp.o)
                              out/address_manager.o (memcmp)
/usr/lib/gcc/arm-none-eabi/9.2.1/../../../arm-none-eabi/lib/thumb/v7e-m/nofp/libc.a(lib_a-memcpy.o)
                              out/lora_driver.o (memcpy)
/usr/lib/gcc/arm-none-eabi/9.2.1/../../../arm-none-eabi/lib/thumb/v7e-m/nofp/libc.a(lib_a-memset.o)
                              /usr/lib/gcc/arm-none-eabi/9.2.1/../../../arm-none-eabi/lib/thumb/v7e-m/nofp/crt0.o (memset)
/usr/lib/gcc/arm-none-eabi/9.2.1/../../../arm-none-eabi/lib/thumb/v7e-m/nofp/libc.a(lib_a-strchr.o)
                              out/lora_driver.o (strchr)
/usr/lib/gcc/arm-none-eabi/9.2.1/../../../arm-none-eabi/lib/thumb/v7e-m/nofp/libc.a(lib_a-strncmp.o)
                              out/lora_driver.o (strncmp)
/usr/lib/gcc/arm-none-eabi/9.2.1/../../../arm-none-eabi/lib/thumb/v7e-m/nofp/libc.a(lib_a-strtol.o)
                              /usr/lib/gcc/arm-none-eabi/9.2.1/../../../arm-none-eabi/lib/thumb/v7e-m/nofp/libc.a(lib_a-atoi.o) (_strtol_r)
/usr/lib/gcc/arm-none-eabi/9.2.1/../../../arm-none-eabi/lib/thumb/v7e-m/nofp/libc.a(lib_a-__atexit.o)
                              /usr/lib/gcc/arm-none-eabi/9.2.1/../../../arm-none-eabi/lib/thumb/v7e-m/nofp/libc.a(lib_a-atexit.o) (__register_exitproc)
/usr/lib/gcc/arm-none-eabi/9.2.1/../../../arm-none-eabi/lib/thumb/v7e-m/nofp/libc.a(lib_a-__call_atexit.o)
                              /usr/lib/gcc/arm-none-eabi/9.2.1/../../../arm-none-eabi/lib/thumb/v7e-m/nofp/libc.a(lib_a-exit.o) (__call_exitprocs)
/usr/lib/gcc/arm-none-eabi/9.2.1/../../../arm-none-eabi/lib/thumb/v7e-m/nofp/libc.a(lib_a-ctype_.o)
                              /usr/lib/gcc/arm-none-eabi/9.2.1/../../../arm-none-eabi/lib/thumb/v7e-m/nofp/libc.a(lib_a-strtol.o) (_ctype_)
/usr/lib/gcc/arm-none-eabi/9.2.1/../../../arm-none-eabi/lib/thumb/v7e-m/nofp/libc.a(lib_a-errno.o)
[...]
Memory Configuration

Name             Origin             Length             Attributes
FLASH            0x0000000008000000 0x0000000000020000 xr
RAM              0x0000000020000000 0x0000000000004000 xrw
*default*        0x0000000000000000 0xffffffffffffffff

Linker script and memory map

LOAD /usr/lib/gcc/arm-none-eabi/9.2.1/thumb/v7e-m/nofp/crti.o
LOAD /usr/lib/gcc/arm-none-eabi/9.2.1/thumb/v7e-m/nofp/crtbegin.o
LOAD /usr/lib/gcc/arm-none-eabi/9.2.1/../../../arm-none-eabi/lib/thumb/v7e-m/nofp/crt0.o
LOAD out/tremo_it.o
LOAD out/main.o
LOAD out/lora_net.o
LOAD out/lora_driver.o
LOAD out/sht3x.o
LOAD out/sht_sensor.o
LOAD out/address_manager.o
LOAD out/address_store.o
LOAD out/sht40.o
LOAD out/printf-stdarg.o
LOAD out/system_cm4.o
LOAD out/tremo_crc.o
LOAD out/tremo_lcd.o
LOAD out/tremo_bstimer.o
LOAD out/tremo_adc.o
LOAD out/tremo_spi.o
LOAD out/tremo_i2s.o
LOAD out/tremo_gpio.o
LOAD out/tremo_iwdg.o
LOAD out/tremo_uart.o
LOAD out/tremo_lpuart.o
LOAD out/tremo_timer.o
LOAD out/tremo_dma.o
LOAD out/tremo_delay.o
LOAD out/tremo_dac.o
LOAD out/tremo_rtc.o
LOAD out/tremo_lptimer.o
LOAD out/tremo_pwr.o
LOAD out/tremo_i2c.o
LOAD out/tremo_system.o
LOAD out/tremo_rcc.o
LOAD out/tremo_wdg.o
LOAD out/tremo_flash.o
LOAD out/delay.o
LOAD out/timer.o
LOAD out/cmac.o
LOAD out/radio.o
LOAD out/sx126x.o
LOAD out/utilities.o
LOAD out/rtc-board.o
LOAD out/sx1262-board.o
LOAD out/startup_cm4.o
LOAD /mnt/d/work/Ai-Thinker-LoRaWAN-Ra-08/drivers/crypto/lib/libcrypto.a
START GROUP
LOAD /usr/lib/gcc/arm-none-eabi/9.2.1/thumb/v7e-m/nofp/libgcc.a
LOAD /usr/lib/gcc/arm-none-eabi/9.2.1/../../../arm-none-eabi/lib/thumb/v7e-m/nofp/libc.a
END GROUP
LOAD /usr/lib/gcc/arm-none-eabi/9.2.1/thumb/v7e-m/nofp/crtend.o
LOAD /usr/lib/gcc/arm-none-eabi/9.2.1/thumb/v7e-m/nofp/crtn.o
                0x0000000020004000                _estack = 0x20004000
                0x0000000000000000                _HEAP_SIZE = 0x0
                0x0000000000001000                _STACK_SIZE = 0x1000

.isr_vector     0x0000000008000000       0xd4
                0x0000000008000000                . = ALIGN (0x4)
 *(.isr_vector)
 .isr_vector    0x0000000008000000       0xd4 out/startup_cm4.o
                0x0000000008000000                g_pfnVectors
                0x00000000080000d4                . = ALIGN (0x4)

.text           0x00000000080000d8     0x58b0
                0x00000000080000d8                . = ALIGN (0x4)
 *(.text)
 .text          0x00000000080000d8       0x88 /usr/lib/gcc/arm-none-eabi/9.2.1/thumb/v7e-m/nofp/crtbegin.o
 .text          0x0000000008000160      0x378 /usr/lib/gcc/arm-none-eabi/9.2.1/thumb/v7e-m/nofp/libgcc.a(_arm_addsubdf3.o)
                0x0000000008000160                __aeabi_drsub
                0x0000000008000168                __aeabi_dsub
                0x0000000008000168                __subdf3
                0x000000000800016c                __adddf3
                0x000000000800016c                __aeabi_dadd
                0x00000000080003e4                __aeabi_ui2d
                0x00000000080003e4                __floatunsidf
                0x0000000008000404                __floatsidf
                0x0000000008000404                __aeabi_i2d
                0x0000000008000428                __extendsfdf2
                0x0000000008000428                __aeabi_f2d
                0x000000000800046c                __aeabi_ul2d
                0x000000000800046c                __floatundidf
                0x000000000800047c                __floatdidf
                0x000000000800047c                __aeabi_l2d
 .text          0x00000000080004d8      0x424 /usr/lib/gcc/arm-none-eabi/9.2.1/thumb/v7e-m/nofp/libgcc.a(_arm_muldivdf3.o)
                0x00000000080004d8                __aeabi_dmul
                0x00000000080004d8                __muldf3
                0x000000000800072c                __aeabi_ddiv
                0x000000000800072c                __divdf3
 .text          0x00000000080008fc      0x110 /usr/lib/gcc/arm-none-eabi/9.2.1/thumb/v7e-m/nofp/libgcc.a(_arm_cmpdf2.o)
                0x00000000080008fc                __gtdf2
                0x00000000080008fc                __gedf2
                0x0000000008000904                __ltdf2
                0x0000000008000904                __ledf2
                0x000000000800090c                __cmpdf2
                0x000000000800090c                __eqdf2
                0x000000000800090c                __nedf2
                0x0000000008000988                __aeabi_cdrcmple
                0x0000000008000998                __aeabi_cdcmple
                0x0000000008000998                __aeabi_cdcmpeq
                0x00000000080009a8                __aeabi_dcmpeq
                0x00000000080009bc                __aeabi_dcmplt
                0x00000000080009d0                __aeabi_dcmple
                0x00000000080009e4                __aeabi_dcmpge
                0x00000000080009f8                __aeabi_dcmpgt
 .text          0x0000000008000a0c       0x50 /usr/lib/gcc/arm-none-eabi/9.2.1/thumb/v7e-m/nofp/libgcc.a(_arm_fixdfsi.o)
                0x0000000008000a0c                __fixdfsi
                0x0000000008000a0c                __aeabi_d2iz
 .text          0x0000000008000a5c       0x40 /usr/lib/gcc/arm-none-eabi/9.2.1/thumb/v7e-m/nofp/libgcc.a(_arm_fixunsdfsi.o)
                0x0000000008000a5c                __fixunsdfsi
                0x0000000008000a5c                __aeabi_d2uiz
 .text          0x0000000008000a9c       0x30 /usr/lib/gcc/arm-none-eabi/9.2.1/thumb/v7e-m/nofp/libgcc.a(_aeabi_uldivmod.o)
                0x0000000008000a9c                __aeabi_uldivmod
 .text          0x0000000008000acc       0x3c /usr/lib/gcc/arm-none-eabi/9.2.1/thumb/v7e-m/nofp/libgcc.a(_fixunsdfdi.o)
                0x0000000008000acc                __aeabi_d2ulz
                0x0000000008000acc                __fixunsdfdi
 .text          0x0000000008000b08      0x2c0 /usr/lib/gcc/arm-none-eabi/9.2.1/thumb/v7e-m/nofp/libgcc.a(_udivmoddi4.o)
                0x0000000008000b08                __udivmoddi4
 .text          0x0000000008000dc8        0x4 /usr/lib/gcc/arm-none-eabi/9.2.1/thumb/v7e-m/nofp/libgcc.a(_dvmd_tls.o)
                0x0000000008000dc8                __aeabi_ldiv0
                0x0000000008000dc8                __aeabi_idiv0
 .text          0x0000000008000dcc        0xc /usr/lib/gcc/arm-none-eabi/9.2.1/../../../arm-none-eabi/lib/thumb/v7e-m/nofp/libc.a(lib_a-atexit.o)
                0x0000000008000dcc                atexit
 .text          0x0000000008000dd8       0x10 /usr/lib/gcc/arm-none-eabi/9.2.1/../../../arm-none-eabi/lib/thumb/v7e-m/nofp/libc.a(lib_a-atoi.o)
                0x0000000008000dd8                atoi
                0x0000000008000de0                _atoi_r
 .text          0x0000000008000de8       0x34 /usr/lib/gcc/arm-none-eabi/9.2.1/../../../arm-none-eabi/lib/thumb/v7e-m/nofp/libc.a(lib_a-fini.o)
                0x0000000008000de8                __libc_fini_array
 .text          0x0000000008000e1c       0x48 /usr/lib/gcc/arm-none-eabi/9.2.1/../../../arm-none-eabi/lib/thumb/v7e-m/nofp/libc.a(lib_a-init.o)
                0x0000000008000e1c                __libc_init_array
 .text          0x0000000008000e64       0x60 /usr/lib/gcc/arm-none-eabi/9.2.1/../../../arm-none-eabi/lib/thumb/v7e-m/nofp/libc.a(lib_a-memcmp.o)
                0x0000000008000e64                memcmp
 .text          0x0000000008000ec4      0x134 /usr/lib/gcc/arm-none-eabi/9.2.1/../../../arm-none-eabi/lib/thumb/v7e-m/nofp/libc.a(lib_a-memcpy.o)
                0x0000000008000ec4                memcpy
 .text          0x0000000008000ff8       0xa0 /usr/lib/gcc/arm-none-eabi/9.2.1/../../../arm-none-eabi/lib/thumb/v7e-m/nofp/libc.a(lib_a-memset.o)
                0x0000000008000ff8                memset
 .text          0x0000000008001098       0xc8 /usr/lib/gcc/arm-none-eabi/9.2.1/../../../arm-none-eabi/lib/thumb/v7e-m/nofp/libc.a(lib_a-strchr.o)
                0x0000000008001098                strchr
 .text          0x0000000008001160       0xa4 /usr/lib/gcc/arm-none-eabi/9.2.1/../../../arm-none-eabi/lib/thumb/v7e-m/nofp/libc.a(lib_a-strncmp.o)
                0x0000000008001160                strncmp
 .text          0x0000000008001204      0x160 /usr/lib/gcc/arm-none-eabi/9.2.1/../../../arm-none-eabi/lib/thumb/v7e-m/nofp/libc.a(lib_a-strtol.o)
                0x0000000008001338                _strtol_r
                0x000000000800133c                strtol_l
                0x0000000008001350                strtol
 .text          0x0000000008001364       0x68 /usr/lib/gcc/arm-none-eabi/9.2.1/../../../arm-none-eabi/lib/thumb/v7e-m/nofp/libc.a(lib_a-__atexit.o)
                0x0000000008001364                __register_exitproc
 .text          0x00000000080013cc        0xc /usr/lib/gcc/arm-none-eabi/9.2.1/../../../arm-none-eabi/lib/thumb/v7e-m/nofp/libc.a(lib_a-errno.o)
                0x00000000080013cc                __errno
 .text          0x00000000080013d8      0x108 /usr/lib/gcc/arm-none-eabi/9.2.1/../../../arm-none-eabi/lib/thumb/v7e-m/nofp/libm.a(lib_a-s_ceil.o)
                0x00000000080013d8                ceil
 .text          0x00000000080014e0      0x108 /usr/lib/gcc/arm-none-eabi/9.2.1/../../../arm-none-eabi/lib/thumb/v7e-m/nofp/libm.a(lib_a-s_floor.o)
                0x00000000080014e0                floor
 .text          0x00000000080015e8      0x118 /usr/lib/gcc/arm-none-eabi/9.2.1/../../../arm-none-eabi/lib/thumb/v7e-m/nofp/libm.a(lib_a-s_rint.o)
                0x00000000080015e8                rint
 .text          0x0000000008001700       0x90 /usr/lib/gcc/arm-none-eabi/9.2.1/../../../arm-none-eabi/lib/thumb/v7e-m/nofp/libm.a(lib_a-s_round.o)
                0x0000000008001700                round
 *(.text*)
 .text.NMI_Handler
                0x0000000008001790        0x2 out/tremo_it.o
                0x0000000008001790                NMI_Handler
 .text.HardFault_Handler
                0x0000000008001792        0x2 out/tremo_it.o
                0x0000000008001792                HardFault_Handler
 .text.MemManage_Handler
                0x0000000008001794        0x2 out/tremo_it.o
                0x0000000008001794                MemManage_Handler
 .text.BusFault_Handler
                0x0000000008001796        0x2 out/tremo_it.o
                0x0000000008001796                BusFault_Handler
 .text.UsageFault_Handler
                0x0000000008001798        0x2 out/tremo_it.o
                0x0000000008001798                UsageFault_Handler
 .text.SVC_Handler
                0x000000000800179a        0x2 out/tremo_it.o
                0x000000000800179a                SVC_Handler
 .text.PendSV_Handler
                0x000000000800179c        0x2 out/tremo_it.o
                0x000000000800179c                PendSV_Handler
 .text.SysTick_Handler
                0x000000000800179e        0x2 out/tremo_it.o
                0x000000000800179e                SysTick_Handler
 .text.PWR_IRQHandler
                0x00000000080017a0        0x2 out/tremo_it.o
                0x00000000080017a0                PWR_IRQHandler
 .text.LORA_IRQHandler
                0x00000000080017a2        0x4 out/tremo_it.o
                0x00000000080017a2                LORA_IRQHandler
 .text.RTC_IRQHandler
                0x00000000080017a6        0x4 out/tremo_it.o
                0x00000000080017a6                RTC_IRQHandler
 .text.TIMER0_IRQHandler
                0x00000000080017aa        0x2 out/tremo_it.o
                0x00000000080017aa                TIMER0_IRQHandler
 .text.TIMER2_IRQHandler
                0x00000000080017ac        0x4 out/tremo_it.o
                0x00000000080017ac                TIMER2_IRQHandler
 .text.UART0_IRQHandler
                0x00000000080017b0       0x44 out/tremo_it.o
                0x00000000080017b0                UART0_IRQHandler
 .text.gptimer_simple_timer
                0x00000000080017f4       0x4e out/main.o
                0x00000000080017f4                gptimer_simple_timer
 *fill*         0x0000000008001842        0x2 
 .text.uart_log_init
                0x0000000008001844       0x60 out/main.o
                0x0000000008001844                uart_log_init
 .text.gptim0_IRQHandler
                0x00000000080018a4       0x38 out/main.o
                0x00000000080018a4                gptim0_IRQHandler
 .text.GPIO_IRQHandler
                0x00000000080018dc       0xac out/main.o
                0x00000000080018dc                GPIO_IRQHandler
 .text.startup.main
                0x0000000008001988      0x104 out/main.o
                0x0000000008001988                main
 .text.OnTxDone
                0x0000000008001a8c       0x18 out/lora_driver.o
                0x0000000008001a8c                OnTxDone
 .text.OnTxTimeout
                0x0000000008001aa4       0x18 out/lora_driver.o
                0x0000000008001aa4                OnTxTimeout
 .text.OnRxTimeout
                0x0000000008001abc       0x18 out/lora_driver.o
                0x0000000008001abc                OnRxTimeout
 .text.OnRxError
                0x0000000008001ad4       0x18 out/lora_driver.o
                0x0000000008001ad4                OnRxError
 .text.OnRxDone
                0x0000000008001aec       0x48 out/lora_driver.o
                0x0000000008001aec                OnRxDone
 .text.handler_uart_data
                0x0000000008001b34      0x1ec out/lora_driver.o
                0x0000000008001b34                handler_uart_data
 .text.Ra08KitLoraTestStart
                0x0000000008001d20      0x2d8 out/lora_driver.o
                0x0000000008001d20                Ra08KitLoraTestStart
 .text.send_assign_packet
                0x0000000008001ff8       0x4c out/address_manager.o
 .text.init_address_manager
                0x0000000008002044       0x10 out/address_manager.o
                0x0000000008002044                init_address_manager
 .text.handle_join_req
                0x0000000008002054       0x7c out/address_manager.o
                0x0000000008002054                handle_join_req
 .text._out_null
                0x00000000080020d0        0x2 out/printf-stdarg.o
 .text._out_rev
                0x00000000080020d2       0x96 out/printf-stdarg.o
 .text._ntoa_format
                0x0000000008002168      0x10a out/printf-stdarg.o
 .text._ntoa_long
                0x0000000008002272       0x82 out/printf-stdarg.o
 .text._ntoa_long_long
                0x00000000080022f4       0xa6 out/printf-stdarg.o
 *fill*         0x000000000800239a        0x2 
 .text._out_char
                0x000000000800239c       0x10 out/printf-stdarg.o
 *fill*         0x00000000080023ac        0x4 
 .text._ftoa    0x00000000080023b0      0x32c out/printf-stdarg.o
 *fill*         0x00000000080026dc        0x4 
 .text._etoa    0x00000000080026e0      0x3b8 out/printf-stdarg.o
 .text._vsnprintf
                0x0000000008002a98      0x550 out/printf-stdarg.o
 .text.__wrap_printf
                0x0000000008002fe8       0x28 out/printf-stdarg.o
                0x0000000008002fe8                __wrap_printf
 .text.nvic_init
                0x0000000008003010       0x24 out/system_cm4.o
                0x0000000008003010                nvic_init
 .text.system_init
                0x0000000008003034       0x44 out/system_cm4.o
                0x0000000008003034                system_init
 .text.gpio_init
                0x0000000008003078      0x124 out/tremo_gpio.o
                0x0000000008003078                gpio_init
 .text.gpio_write
                0x000000000800319c       0xb4 out/tremo_gpio.o
                0x000000000800319c                gpio_write
 .text.gpio_clear_interrupt
                0x0000000008003250       0x10 out/tremo_gpio.o
                0x0000000008003250                gpio_clear_interrupt
 .text.gpio_config_interrupt
                0x0000000008003260       0x20 out/tremo_gpio.o
                0x0000000008003260                gpio_config_interrupt
 .text.gpio_get_interrupt_status
                0x0000000008003280       0x14 out/tremo_gpio.o
                0x0000000008003280                gpio_get_interrupt_status
 .text.gpio_set_iomux
                0x0000000008003294       0x40 out/tremo_gpio.o
                0x0000000008003294                gpio_set_iomux
 .text.uart_get_flag_status
                0x00000000080032d4        0xc out/tremo_uart.o
                0x00000000080032d4                uart_get_flag_status
 .text.uart_send_data
                0x00000000080032e0        0xa out/tremo_uart.o
                0x00000000080032e0                uart_send_data
 .text.uart_receive_data
                0x00000000080032ea        0xc out/tremo_uart.o
                0x00000000080032ea                uart_receive_data
 .text.uart_config_interrupt
                0x00000000080032f6       0x10 out/tremo_uart.o
                0x00000000080032f6                uart_config_interrupt
 .text.uart_config_init
                0x0000000008003306       0x16 out/tremo_uart.o
                0x0000000008003306                uart_config_init
 .text.uart_cmd
                0x000000000800331c       0x12 out/tremo_uart.o
                0x000000000800331c                uart_cmd
 .text.uart_get_interrupt_status
                0x000000000800332e        0xc out/tremo_uart.o
                0x000000000800332e                uart_get_interrupt_status
 .text.uart_clear_interrupt
                0x000000000800333a        0x4 out/tremo_uart.o
                0x000000000800333a                uart_clear_interrupt
 *fill*         0x000000000800333e        0x2 
 .text.uart_init
                0x0000000008003340      0x140 out/tremo_uart.o
                0x0000000008003340                uart_init
 .text.timer_init
                0x0000000008003480       0x44 out/tremo_timer.o
                0x0000000008003480                timer_init
 .text.timer_cmd
                0x00000000080034c4       0x12 out/tremo_timer.o
                0x00000000080034c4                timer_cmd
 .text.timer_config_interrupt
                0x00000000080034d6       0x10 out/tremo_timer.o
                0x00000000080034d6                timer_config_interrupt
 .text.timer_get_status
                0x00000000080034e6       0x10 out/tremo_timer.o
                0x00000000080034e6                timer_get_status
 .text.timer_clear_status
                0x00000000080034f6        0xa out/tremo_timer.o
                0x00000000080034f6                timer_clear_status
 .text.timer_generate_event
                0x0000000008003500       0x10 out/tremo_timer.o
                0x0000000008003500                timer_generate_event
 .text.delay_init
                0x0000000008003510       0x48 out/tremo_delay.o
                0x0000000008003510                delay_init
 .text.delay_us
                0x0000000008003558       0x30 out/tremo_delay.o
                0x0000000008003558                delay_us
 .text.delay_ms
                0x0000000008003588        0xa out/tremo_delay.o
                0x0000000008003588                delay_ms
 .text.rtc_deinit
                0x0000000008003592       0x1e out/tremo_rtc.o
                0x0000000008003592                rtc_deinit
 .text.rtc_check_syn
                0x00000000080035b0       0x14 out/tremo_rtc.o
                0x00000000080035b0                rtc_check_syn
 .text.rtc_calendar_cmd
                0x00000000080035c4       0x20 out/tremo_rtc.o
                0x00000000080035c4                rtc_calendar_cmd
 .text.rtc_cyc_cmd
                0x00000000080035e4       0x20 out/tremo_rtc.o
                0x00000000080035e4                rtc_cyc_cmd
 .text.rtc_config_cyc_wakeup
                0x0000000008003604       0x24 out/tremo_rtc.o
                0x0000000008003604                rtc_config_cyc_wakeup
 .text.rtc_get_calendar
                0x0000000008003628       0xdc out/tremo_rtc.o
                0x0000000008003628                rtc_get_calendar
 .text.rtc_set_status
                0x0000000008003704       0x30 out/tremo_rtc.o
                0x0000000008003704                rtc_set_status
 .text.rtc_get_status
                0x0000000008003734       0x38 out/tremo_rtc.o
                0x0000000008003734                rtc_get_status
 .text.rtc_config_interrupt
                0x000000000800376c       0x38 out/tremo_rtc.o
                0x000000000800376c                rtc_config_interrupt
 .text.rtc_config_cyc_max
                0x00000000080037a4       0x14 out/tremo_rtc.o
                0x00000000080037a4                rtc_config_cyc_max
 .text.pwr_xo32k_lpm_cmd
                0x00000000080037b8       0x18 out/tremo_pwr.o
                0x00000000080037b8                pwr_xo32k_lpm_cmd
 .text.system_get_chip_id
                0x00000000080037d0       0x1c out/tremo_system.o
                0x00000000080037d0                system_get_chip_id
 .text.rcc_get_clk_freq
                0x00000000080037ec       0x9c out/tremo_rcc.o
                0x00000000080037ec                rcc_get_clk_freq
 .text.rcc_get_uart0_clk_source
                0x0000000008003888        0xc out/tremo_rcc.o
                0x0000000008003888                rcc_get_uart0_clk_source
 .text.rcc_get_uart1_clk_source
                0x0000000008003894        0xc out/tremo_rcc.o
                0x0000000008003894                rcc_get_uart1_clk_source
 .text.rcc_get_uart2_clk_source
                0x00000000080038a0        0xc out/tremo_rcc.o
                0x00000000080038a0                rcc_get_uart2_clk_source
 .text.rcc_get_uart3_clk_source
                0x00000000080038ac        0xc out/tremo_rcc.o
                0x00000000080038ac                rcc_get_uart3_clk_source
 .text.rcc_get_rtc_clk_source
                0x00000000080038b8        0xc out/tremo_rcc.o
                0x00000000080038b8                rcc_get_rtc_clk_source
 .text.rcc_enable_peripheral_clk
                0x00000000080038c4      0x4b4 out/tremo_rcc.o
                0x00000000080038c4                rcc_enable_peripheral_clk
 .text.rcc_enable_oscillator
                0x0000000008003d78       0xfc out/tremo_rcc.o
                0x0000000008003d78                rcc_enable_oscillator
 .text.rcc_rst_peripheral
                0x0000000008003e74       0x4a out/tremo_rcc.o
                0x0000000008003e74                rcc_rst_peripheral
 .text.DelayMs  0x0000000008003ebe        0x4 out/delay.o
                0x0000000008003ebe                DelayMs
 *fill*         0x0000000008003ec2        0x2 
 .text.TimeStampsUpdate
                0x0000000008003ec4       0x2c out/timer.o
 .text.TimerInsertNewHeadTimer
                0x0000000008003ef0       0x1c out/timer.o
 .text.TimerInit
                0x0000000008003f0c        0xe out/timer.o
                0x0000000008003f0c                TimerInit
 *fill*         0x0000000008003f1a        0x2 
 .text.TimerStart
                0x0000000008003f1c       0x78 out/timer.o
                0x0000000008003f1c                TimerStart
 .text.TimerIrqHandler
                0x0000000008003f94       0x68 out/timer.o
                0x0000000008003f94                TimerIrqHandler
 .text.TimerStop
                0x0000000008003ffc       0x60 out/timer.o
                0x0000000008003ffc                TimerStop
 .text.TimerSetValue
                0x000000000800405c       0x10 out/timer.o
                0x000000000800405c                TimerSetValue
 .text.TimerGetCurrentTime
                0x000000000800406c       0x18 out/timer.o
                0x000000000800406c                TimerGetCurrentTime
 .text.TimerGetElapsedTime
                0x0000000008004084       0x12 out/timer.o
                0x0000000008004084                TimerGetElapsedTime
 .text.RadioCheckRfFrequency
                0x0000000008004096        0x4 out/radio.o
                0x0000000008004096                RadioCheckRfFrequency
 *fill*         0x000000000800409a        0x2 
 .text.RadioOnTxTimeoutIrq
                0x000000000800409c       0x14 out/radio.o
                0x000000000800409c                RadioOnTxTimeoutIrq
 .text.RadioOnRxTimeoutIrq
                0x00000000080040b0       0x14 out/radio.o
                0x00000000080040b0                RadioOnRxTimeoutIrq
 .text.RadioStandby
                0x00000000080040c4        0x6 out/radio.o
                0x00000000080040c4                RadioStandby
 *fill*         0x00000000080040ca        0x2 
 .text.RadioInit
                0x00000000080040cc       0x6c out/radio.o
                0x00000000080040cc                RadioInit
 .text.RadioGetStatus
                0x0000000008004138       0x18 out/radio.o
                0x0000000008004138                RadioGetStatus
 .text.RadioSetChannel
                0x0000000008004150        0x4 out/radio.o
                0x0000000008004150                RadioSetChannel
 .text.RadioRssi
                0x0000000008004154        0xa out/radio.o
                0x0000000008004154                RadioRssi
 .text.RadioRead
                0x000000000800415e        0x4 out/radio.o
                0x000000000800415e                RadioRead
 .text.RadioWrite
                0x0000000008004162        0x4 out/radio.o
                0x0000000008004162                RadioWrite
 *fill*         0x0000000008004166        0x2 
 .text.RadioSend
                0x0000000008004168       0x54 out/radio.o
                0x0000000008004168                RadioSend
 .text.RadioSleep
                0x00000000080041bc       0x14 out/radio.o
                0x00000000080041bc                RadioSleep
 .text.RadioSetRxDutyCycle
                0x00000000080041d0        0x4 out/radio.o
                0x00000000080041d0                RadioSetRxDutyCycle
 .text.RadioStartCad
                0x00000000080041d4       0x6c out/radio.o
                0x00000000080041d4                RadioStartCad
 .text.RadioSetTxContinuousWave
                0x0000000008004240       0x4c out/radio.o
                0x0000000008004240                RadioSetTxContinuousWave
 .text.RadioWriteBuffer
                0x000000000800428c        0x4 out/radio.o
                0x000000000800428c                RadioWriteBuffer
 .text.RadioReadBuffer
                0x0000000008004290        0x4 out/radio.o
                0x0000000008004290                RadioReadBuffer
 .text.RadioGetWakeupTime
                0x0000000008004294        0xa out/radio.o
                0x0000000008004294                RadioGetWakeupTime
 *fill*         0x000000000800429e        0x2 
 .text.RadioOnCadTimeoutIrq
                0x00000000080042a0       0x20 out/radio.o
                0x00000000080042a0                RadioOnCadTimeoutIrq
 .text.RadioGetFskBandwidthRegValue
                0x00000000080042c0       0x34 out/radio.o
 .text.RadioSetMaxPayloadLength
                0x00000000080042f4       0x28 out/radio.o
                0x00000000080042f4                RadioSetMaxPayloadLength
 .text.RadioRx  0x000000000800431c       0x44 out/radio.o
                0x000000000800431c                RadioRx
 .text.RadioRxBoosted
                0x0000000008004360       0x40 out/radio.o
                0x0000000008004360                RadioRxBoosted
 .text.RadioIrqProcess
                0x00000000080043a0      0x160 out/radio.o
                0x00000000080043a0                RadioIrqProcess
 .text.RadioSetPublicNetwork
                0x0000000008004500       0x3c out/radio.o
                0x0000000008004500                RadioSetPublicNetwork
 .text.RadioSetModem.part.0
                0x000000000800453c       0x24 out/radio.o
 .text.RadioSetModem
                0x0000000008004560       0x20 out/radio.o
                0x0000000008004560                RadioSetModem
 .text.RadioIsChannelFree
                0x0000000008004580       0x4e out/radio.o
                0x0000000008004580                RadioIsChannelFree
 .text.RadioRandom
                0x00000000080045ce       0x3c out/radio.o
                0x00000000080045ce                RadioRandom
 *fill*         0x000000000800460a        0x2 
 .text.RadioSymbTime
                0x000000000800460c       0x2c out/radio.o
                0x000000000800460c                RadioSymbTime
 .text.RadioSetRxConfig
                0x0000000008004638      0x21c out/radio.o
                0x0000000008004638                RadioSetRxConfig
 *fill*         0x0000000008004854        0x4 
 .text.RadioSetTxConfig
                0x0000000008004858      0x198 out/radio.o
                0x0000000008004858                RadioSetTxConfig
 .text.RadioTimeOnAir
                0x00000000080049f0      0x190 out/radio.o
                0x00000000080049f0                RadioTimeOnAir
 .text.RadioOnDioIrq
                0x0000000008004b80       0x24 out/radio.o
                0x0000000008004b80                RadioOnDioIrq
 .text.SX126xGetOperatingMode
                0x0000000008004ba4        0xc out/sx126x.o
                0x0000000008004ba4                SX126xGetOperatingMode
 .text.SX126xSetOperatingMode
                0x0000000008004bb0        0xc out/sx126x.o
                0x0000000008004bb0                SX126xSetOperatingMode
 .text.SX126xCheckDeviceReady
                0x0000000008004bbc       0x38 out/sx126x.o
                0x0000000008004bbc                SX126xCheckDeviceReady
 .text.SX126xSetPayload
                0x0000000008004bf4        0xa out/sx126x.o
                0x0000000008004bf4                SX126xSetPayload
 .text.SX126xSetSyncWord
                0x0000000008004bfe       0x12 out/sx126x.o
                0x0000000008004bfe                SX126xSetSyncWord
 .text.SX126xSetCrcSeed
                0x0000000008004c10       0x24 out/sx126x.o
                0x0000000008004c10                SX126xSetCrcSeed
 .text.SX126xSetCrcPolynomial
                0x0000000008004c34       0x24 out/sx126x.o
                0x0000000008004c34                SX126xSetCrcPolynomial
 .text.SX126xSetWhiteningSeed
                0x0000000008004c58       0x38 out/sx126x.o
                0x0000000008004c58                SX126xSetWhiteningSeed
 .text.SX126xSetSleep
                0x0000000008004c90       0x24 out/sx126x.o
                0x0000000008004c90                SX126xSetSleep
 .text.SX126xSetStandby
                0x0000000008004cb4       0x2c out/sx126x.o
                0x0000000008004cb4                SX126xSetStandby
 .text.SX126xSetTx
                0x0000000008004ce0       0x2c out/sx126x.o
                0x0000000008004ce0                SX126xSetTx
 .text.SX126xSendPayload
                0x0000000008004d0c       0x12 out/sx126x.o
                0x0000000008004d0c                SX126xSendPayload
 *fill*         0x0000000008004d1e        0x2 
 .text.SX126xSetRx
                0x0000000008004d20       0x2c out/sx126x.o
                0x0000000008004d20                SX126xSetRx
 .text.SX126xSetRxBoosted
                0x0000000008004d4c       0x38 out/sx126x.o
                0x0000000008004d4c                SX126xSetRxBoosted
 .text.SX126xSetRxDutyCycle
                0x0000000008004d84       0x38 out/sx126x.o
                0x0000000008004d84                SX126xSetRxDutyCycle
 .text.SX126xSetCad
                0x0000000008004dbc       0x18 out/sx126x.o
                0x0000000008004dbc                SX126xSetCad
 .text.SX126xSetTxContinuousWave
                0x0000000008004dd4        0xa out/sx126x.o
                0x0000000008004dd4                SX126xSetTxContinuousWave
 .text.SX126xSetStopRxTimerOnPreambleDetect
                0x0000000008004dde       0x18 out/sx126x.o
                0x0000000008004dde                SX126xSetStopRxTimerOnPreambleDetect
 .text.SX126xSetLoRaSymbNumTimeout
                0x0000000008004df6       0x18 out/sx126x.o
                0x0000000008004df6                SX126xSetLoRaSymbNumTimeout
 .text.SX126xSetRegulatorMode
                0x0000000008004e0e       0x18 out/sx126x.o
                0x0000000008004e0e                SX126xSetRegulatorMode
 *fill*         0x0000000008004e26        0x2 
 .text.SX126xCalibrateImage
                0x0000000008004e28       0x64 out/sx126x.o
                0x0000000008004e28                SX126xCalibrateImage
 .text.SX126xSetPaConfig
                0x0000000008004e8c       0x24 out/sx126x.o
                0x0000000008004e8c                SX126xSetPaConfig
 .text.SX126xSetDioIrqParams
                0x0000000008004eb0       0x2a out/sx126x.o
                0x0000000008004eb0                SX126xSetDioIrqParams
 .text.SX126xGetIrqStatus
                0x0000000008004eda       0x1e out/sx126x.o
                0x0000000008004eda                SX126xGetIrqStatus
 .text.SX126xSetDio2AsRfSwitchCtrl
                0x0000000008004ef8       0x18 out/sx126x.o
                0x0000000008004ef8                SX126xSetDio2AsRfSwitchCtrl
 .text.SX126xInit
                0x0000000008004f10       0x28 out/sx126x.o
                0x0000000008004f10                SX126xInit
 .text.SX126xSetRfFrequency
                0x0000000008004f38       0x4c out/sx126x.o
                0x0000000008004f38                SX126xSetRfFrequency
 .text.SX126xSetPacketType
                0x0000000008004f84       0x20 out/sx126x.o
                0x0000000008004f84                SX126xSetPacketType
 .text.SX126xGetPacketType
                0x0000000008004fa4        0xc out/sx126x.o
                0x0000000008004fa4                SX126xGetPacketType
 .text.SX126xSetTxParams
                0x0000000008004fb0       0xbc out/sx126x.o
                0x0000000008004fb0                SX126xSetTxParams
 *fill*         0x000000000800506c        0x4 
 .text.SX126xSetModulationParams
                0x0000000008005070       0xb4 out/sx126x.o
                0x0000000008005070                SX126xSetModulationParams
 .text.SX126xSetPacketParams
                0x0000000008005124       0xac out/sx126x.o
                0x0000000008005124                SX126xSetPacketParams
 .text.SX126xSetCadParams
                0x00000000080051d0       0x3c out/sx126x.o
                0x00000000080051d0                SX126xSetCadParams
 .text.SX126xSetBufferBaseAddress
                0x000000000800520c       0x1a out/sx126x.o
                0x000000000800520c                SX126xSetBufferBaseAddress
 .text.SX126xGetRssiInst
                0x0000000008005226       0x1a out/sx126x.o
                0x0000000008005226                SX126xGetRssiInst
 .text.SX126xGetRxBufferStatus
                0x0000000008005240       0x48 out/sx126x.o
                0x0000000008005240                SX126xGetRxBufferStatus
 .text.SX126xGetPayload
                0x0000000008005288       0x32 out/sx126x.o
                0x0000000008005288                SX126xGetPayload
 *fill*         0x00000000080052ba        0x2 
 .text.SX126xGetPacketStatus
                0x00000000080052bc       0x80 out/sx126x.o
                0x00000000080052bc                SX126xGetPacketStatus
 .text.SX126xClearIrqStatus
                0x000000000800533c       0x18 out/sx126x.o
                0x000000000800533c                SX126xClearIrqStatus
 .text.rand1    0x0000000008005354       0x28 out/utilities.o
                0x0000000008005354                rand1
 .text.RtcInit  0x000000000800537c       0x30 out/rtc-board.o
                0x000000000800537c                RtcInit
 .text.RtcSetTimeout
                0x00000000080053ac       0x8c out/rtc-board.o
                0x00000000080053ac                RtcSetTimeout
 .text.RtcStopTimeout
                0x0000000008005438       0x14 out/rtc-board.o
                0x0000000008005438                RtcStopTimeout
 .text.RtcGetTimerContext
                0x000000000800544c        0xc out/rtc-board.o
                0x000000000800544c                RtcGetTimerContext
 .text.RtcGetTimerValue
                0x0000000008005458      0x120 out/rtc-board.o
                0x0000000008005458                RtcGetTimerValue
 .text.RtcSetTimerContext
                0x0000000008005578       0x18 out/rtc-board.o
                0x0000000008005578                RtcSetTimerContext
 .text.RtcGetElapsedTime
                0x0000000008005590       0x18 out/rtc-board.o
                0x0000000008005590                RtcGetElapsedTime
 .text.RtcOnIrq
                0x00000000080055a8       0x32 out/rtc-board.o
                0x00000000080055a8                RtcOnIrq
 .text.BoardDisableIrq
                0x00000000080055da        0x4 out/sx1262-board.o
                0x00000000080055da                BoardDisableIrq
 .text.BoardEnableIrq
                0x00000000080055de        0x4 out/sx1262-board.o
                0x00000000080055de                BoardEnableIrq
 *fill*         0x00000000080055e2        0x2 
 .text.SpiInOut
                0x00000000080055e4       0x18 out/sx1262-board.o
                0x00000000080055e4                SpiInOut
 .text.SX126xLoracInit
                0x00000000080055fc       0x5c out/sx1262-board.o
                0x00000000080055fc                SX126xLoracInit
 .text.SX126xGetBoardTcxoWakeupTime
                0x0000000008005658        0x4 out/sx1262-board.o
                0x0000000008005658                SX126xGetBoardTcxoWakeupTime
 .text.SX126xReset
                0x000000000800565c       0x54 out/sx1262-board.o
                0x000000000800565c                SX126xReset
 .text.SX126xWaitOnBusy
                0x00000000080056b0       0x18 out/sx1262-board.o
                0x00000000080056b0                SX126xWaitOnBusy
 .text.SX126xWakeup
                0x00000000080056c8       0x30 out/sx1262-board.o
                0x00000000080056c8                SX126xWakeup
 .text.SX126xWriteCommand
                0x00000000080056f8       0x44 out/sx1262-board.o
                0x00000000080056f8                SX126xWriteCommand
 .text.SX126xReadCommand
                0x000000000800573c       0x48 out/sx1262-board.o
                0x000000000800573c                SX126xReadCommand
 .text.SX126xWriteRegisters
                0x0000000008005784       0x48 out/sx1262-board.o
                0x0000000008005784                SX126xWriteRegisters
 .text.SX126xWriteRegister
                0x00000000080057cc       0x16 out/sx1262-board.o
                0x00000000080057cc                SX126xWriteRegister
 *fill*         0x00000000080057e2        0x2 
 .text.SX126xReadRegisters
                0x00000000080057e4       0x50 out/sx1262-board.o
                0x00000000080057e4                SX126xReadRegisters
 .text.SX126xReadRegister
                0x0000000008005834       0x16 out/sx1262-board.o
                0x0000000008005834                SX126xReadRegister
 *fill*         0x000000000800584a        0x2 
 .text.SX126xWriteBuffer
                0x000000000800584c       0x48 out/sx1262-board.o
                0x000000000800584c                SX126xWriteBuffer
 .text.SX126xReadBuffer
                0x0000000008005894       0x50 out/sx1262-board.o
                0x0000000008005894                SX126xReadBuffer
 .text.SX126xSetRfTxPower
                0x00000000080058e4        0x6 out/sx1262-board.o
                0x00000000080058e4                SX126xSetRfTxPower
 .text.SX126xGetPaSelect
                0x00000000080058ea        0x4 out/sx1262-board.o
                0x00000000080058ea                SX126xGetPaSelect
 *fill*         0x00000000080058ee        0x2 
 .text.SX126xAntSwOn
                0x00000000080058f0       0x10 out/sx1262-board.o
                0x00000000080058f0                SX126xAntSwOn
 .text.SX126xAntSwOff
                0x0000000008005900       0x10 out/sx1262-board.o
                0x0000000008005900                SX126xAntSwOff
 .text.Reset_Handler
                0x0000000008005910       0x48 out/startup_cm4.o
                0x0000000008005910                Reset_Handler
 .text.Default_Handler
                0x0000000008005958        0x2 out/startup_cm4.o
                0x0000000008005958                SCC_IRQHandler
                0x0000000008005958                EFC_IRQHandler
                0x0000000008005958                I2C0_IRQHandler
                0x0000000008005958                SAC_IRQHandler
                0x0000000008005958                I2C1_IRQHandler
                0x0000000008005958                UART1_IRQHandler
                0x0000000008005958                BSTIMER0_IRQHandler
                0x0000000008005958                TIMER3_IRQHandler
                0x0000000008005958                SEC_IRQHandler
                0x0000000008005958                WDG_IRQHandler
                0x0000000008005958                LPTIMER1_IRQHandler
                0x0000000008005958                LPTIMER0_IRQHandler
                0x0000000008005958                SSP0_IRQHandler
                0x0000000008005958                I2S_IRQHandler
                0x0000000008005958                I2C2_IRQHandler
                0x0000000008005958                LCD_IRQHandler
                0x0000000008005958                LPUART_IRQHandler
                0x0000000008005958                TIMER1_IRQHandler
                0x0000000008005958                UART2_IRQHandler
                0x0000000008005958                Default_Handler
                0x0000000008005958                ADC_IRQHandler
                0x0000000008005958                SSP1_IRQHandler
                0x0000000008005958                DMA0_IRQHandler
                0x0000000008005958                IWDG_IRQHandler
                0x0000000008005958                SSP2_IRQHandler
                0x0000000008005958                BSTIMER1_IRQHandler
                0x0000000008005958                DAC_IRQHandler
                0x0000000008005958                AFEC_IRQHandler
                0x0000000008005958                UART3_IRQHandler
                0x0000000008005958                QSPI_IRQHandler
                0x0000000008005958                DMA1_IRQHandler
 *fill*         0x000000000800595a        0x2 
 .text.startup  0x000000000800595c       0x14 /usr/lib/gcc/arm-none-eabi/9.2.1/../../../arm-none-eabi/lib/thumb/v7e-m/nofp/libc.a(lib_a-__call_atexit.o)
 *(.glue_7)
 .glue_7        0x0000000008005970        0x0 linker stubs
 *(.glue_7t)
 .glue_7t       0x0000000008005970        0x0 linker stubs
 *(.eh_frame)
 .eh_frame      0x0000000008005970        0x0 /usr/lib/gcc/arm-none-eabi/9.2.1/thumb/v7e-m/nofp/crtbegin.o
 *(.init)
 .init          0x0000000008005970        0x4 /usr/lib/gcc/arm-none-eabi/9.2.1/thumb/v7e-m/nofp/crti.o
                0x0000000008005970                _init
 .init          0x0000000008005974        0x8 /usr/lib/gcc/arm-none-eabi/9.2.1/thumb/v7e-m/nofp/crtn.o
 *(.fini)
 .fini          0x000000000800597c        0x4 /usr/lib/gcc/arm-none-eabi/9.2.1/thumb/v7e-m/nofp/crti.o
                0x000000000800597c                _fini
 .fini          0x0000000008005980        0x8 /usr/lib/gcc/arm-none-eabi/9.2.1/thumb/v7e-m/nofp/crtn.o
                0x0000000008005988                . = ALIGN (0x4)
                0x0000000008005988                _etext = .

.vfp11_veneer   0x0000000008005988        0x0
 .vfp11_veneer  0x0000000008005988        0x0 linker stubs

.v4_bx          0x0000000008005988        0x0
 .v4_bx         0x0000000008005988        0x0 linker stubs

.iplt           0x0000000008005988        0x0
 .iplt          0x0000000008005988        0x0 /usr/lib/gcc/arm-none-eabi/9.2.1/thumb/v7e-m/nofp/crtbegin.o

.rodata         0x0000000008005988      0x680
                0x0000000008005988                . = ALIGN (0x4)
 *(.rodata)
 .rodata        0x0000000008005988       0x10 out/main.o
 .rodata        0x0000000008005998       0x15 out/lora_driver.o
 *fill*         0x00000000080059ad        0x3 
 .rodata        0x00000000080059b0       0x50 out/printf-stdarg.o
 .rodata        0x0000000008005a00        0xc out/tremo_uart.o
 *fill*         0x0000000008005a0c        0x4 
 .rodata        0x0000000008005a10      0x188 out/radio.o
                0x0000000008005a10                FskBandwidths
                0x0000000008005b20                Bandwidths
                0x0000000008005b2c                Radio
 .rodata        0x0000000008005b98       0x11 out/sx126x.o
 .rodata        0x0000000008005ba9       0x18 out/rtc-board.o
 *fill*         0x0000000008005bc1        0x3 
 .rodata        0x0000000008005bc4        0x4 /usr/lib/gcc/arm-none-eabi/9.2.1/../../../arm-none-eabi/lib/thumb/v7e-m/nofp/libc.a(lib_a-impure.o)
                0x0000000008005bc4                _global_impure_ptr
 .rodata        0x0000000008005bc8      0x101 /usr/lib/gcc/arm-none-eabi/9.2.1/../../../arm-none-eabi/lib/thumb/v7e-m/nofp/libc.a(lib_a-ctype_.o)
                0x0000000008005bc8                _ctype_
 *fill*         0x0000000008005cc9        0x7 
 .rodata        0x0000000008005cd0       0x10 /usr/lib/gcc/arm-none-eabi/9.2.1/../../../arm-none-eabi/lib/thumb/v7e-m/nofp/libm.a(lib_a-s_rint.o)
 *(.rodata*)
 .rodata.str1.1
                0x0000000008005ce0       0x45 out/main.o
 .rodata.str1.1
                0x0000000008005d25      0x26a out/lora_driver.o
                                        0x273 (size before relaxing)
 .rodata.str1.1
                0x0000000008005f8f       0x5d out/address_manager.o
 .rodata.str1.1
                0x0000000008005fec       0x19 out/printf-stdarg.o
                0x0000000008006008                . = ALIGN (0x4)
 *fill*         0x0000000008006005        0x3 

.ARM.extab
 *(.ARM.extab* .gnu.linkonce.armextab.*)

.ARM            0x0000000008006008        0x8
                0x0000000008006008                __exidx_start = .
 *(.ARM.exidx*)
 .ARM.exidx     0x0000000008006008        0x8 /usr/lib/gcc/arm-none-eabi/9.2.1/thumb/v7e-m/nofp/libgcc.a(_udivmoddi4.o)
                0x0000000008006010                __exidx_end = .

.rel.dyn        0x0000000008006010        0x0
 .rel.iplt      0x0000000008006010        0x0 /usr/lib/gcc/arm-none-eabi/9.2.1/thumb/v7e-m/nofp/crtbegin.o

.preinit_array  0x0000000008006010        0x0
                0x0000000008006010                PROVIDE (__preinit_array_start = .)
 *(.preinit_array*)
                0x0000000008006010                PROVIDE (__preinit_array_end = .)

.init_array     0x0000000008006010        0x8
                0x0000000008006010                PROVIDE (__init_array_start = .)
 *(SORT_BY_NAME(.init_array.*))
 .init_array.00000
                0x0000000008006010        0x4 /usr/lib/gcc/arm-none-eabi/9.2.1/../../../arm-none-eabi/lib/thumb/v7e-m/nofp/libc.a(lib_a-__call_atexit.o)
 *(.init_array*)
 .init_array    0x0000000008006014        0x4 /usr/lib/gcc/arm-none-eabi/9.2.1/thumb/v7e-m/nofp/crtbegin.o
                0x0000000008006018                PROVIDE (__init_array_end = .)

.fini_array     0x0000000008006018        0x4
                0x0000000008006018                PROVIDE (__fini_array_start = .)
 *(SORT_BY_NAME(.fini_array.*))
 *(.fini_array*)
 .fini_array    0x0000000008006018        0x4 /usr/lib/gcc/arm-none-eabi/9.2.1/thumb/v7e-m/nofp/crtbegin.o
                0x000000000800601c                PROVIDE (__fini_array_end = .)
                0x000000000800601c                _sidata = LOADADDR (.data)

.data           0x0000000020000000      0x510 load address 0x000000000800601c
                0x0000000020000000                . = ALIGN (0x4)
                0x0000000020000000                _sdata = .
 *(.data)
 .data          0x0000000020000000        0x8 out/main.o
                0x0000000020000000                g_test_pin
                0x0000000020000004                g_test_gpiox
 .data          0x0000000020000008       0xce out/lora_driver.o
                0x0000000020000008                BufferSize
                0x000000002000000a                Addr_Num
                0x000000002000000c                sendMsgFlag
                0x000000002000000d                ACKBuf
 .data          0x00000000200000d6        0x1 out/radio.o
                0x00000000200000d6                MaxPayloadLength
 *fill*         0x00000000200000d7        0x1 
 .data          0x00000000200000d8        0x4 out/utilities.o
 *fill*         0x00000000200000dc        0x4 
 .data          0x00000000200000e0      0x430 /usr/lib/gcc/arm-none-eabi/9.2.1/../../../arm-none-eabi/lib/thumb/v7e-m/nofp/libc.a(lib_a-impure.o)
                0x00000000200000e0                _impure_ptr
 *(.data*)
                0x0000000020000510                . = ALIGN (0x4)
                0x0000000020000510                _edata = .

.tm_clone_table
                0x0000000020000510        0x0 load address 0x000000000800652c
 .tm_clone_table
                0x0000000020000510        0x0 /usr/lib/gcc/arm-none-eabi/9.2.1/thumb/v7e-m/nofp/crtbegin.o
 .tm_clone_table
                0x0000000020000510        0x0 /usr/lib/gcc/arm-none-eabi/9.2.1/thumb/v7e-m/nofp/crtend.o

.igot.plt       0x0000000020000510        0x0 load address 0x000000000800652c
 .igot.plt      0x0000000020000510        0x0 /usr/lib/gcc/arm-none-eabi/9.2.1/thumb/v7e-m/nofp/crtbegin.o
                0x0000000020000510                . = ALIGN (0x4)

.bss            0x0000000020000510      0x990 load address 0x000000000800652c
                0x0000000020000510                _sbss = .
                0x0000000020000510                __bss_start__ = _sbss
 *(.bss)
 .bss           0x0000000020000510       0x1c /usr/lib/gcc/arm-none-eabi/9.2.1/thumb/v7e-m/nofp/crtbegin.o
 .bss           0x000000002000052c        0xc out/main.o
                0x000000002000052c                key
 .bss           0x0000000020000538       0x7d out/lora_driver.o
                0x0000000020000538                State
                0x0000000020000539                RssiValue
                0x000000002000053a                SnrValue
                0x000000002000053b                rx_index
                0x000000002000053c                rx_data
                0x0000000020000588                ChipId
                0x00000000200005b4                SLAVE1_ADDR
 .bss           0x00000000200005b5      0x600 out/address_manager.o
 .bss           0x0000000020000bb5        0x1 out/tremo_delay.o
 *fill*         0x0000000020000bb6        0x2 
 .bss           0x0000000020000bb8       0x11 out/timer.o
                0x0000000020000bc8                HasLoopedThroughMain
 *fill*         0x0000000020000bc9        0x3 
 .bss           0x0000000020000bcc       0x16 out/radio.o
                0x0000000020000bd0                IrqFired
                0x0000000020000bd4                TxTimeout
                0x0000000020000bd8                RxContinuous
                0x0000000020000bdc                RxTimeout
 *fill*         0x0000000020000be2        0x2 
 .bss           0x0000000020000be4        0x8 out/sx126x.o
                0x0000000020000be8                FrequencyError
 .bss           0x0000000020000bec        0x9 out/rtc-board.o
                0x0000000020000bf0                McuWakeUpTime
                0x0000000020000bf4                NonScheduledWakeUp
 .bss           0x0000000020000bf5        0x1 out/sx1262-board.o
                0x0000000020000bf5                gPaOptSetting
 *(.bss*)
 *(COMMON)
 COMMON         0x0000000020000bf6      0x100 out/lora_driver.o
                0x0000000020000bf6                Buffer
 *fill*         0x0000000020000cf6        0x2 
 COMMON         0x0000000020000cf8      0x190 out/radio.o
                0x0000000020000cf8                irqRegs
                0x0000000020000cfc                SX126x
                0x0000000020000d38                TxTimeoutTimer
                0x0000000020000d4c                RadioRxPayload
                0x0000000020000e4c                CadTimeoutTimer
                0x0000000020000e60                RadioPktStatus
                0x0000000020000e74                RxTimeoutTimer
 COMMON         0x0000000020000e88       0x18 out/rtc-board.o
                0x0000000020000e88                RtcCalendarContext
                0x0000000020000e98                RtcTimerContext
                0x0000000020000ea0                . = ALIGN (0x4)
                0x0000000020000ea0                _ebss = .
                0x0000000020000ea0                __bss_end__ = _ebss

.heap           0x0000000020000ea0        0x0 load address 0x000000000800652c
                0x0000000020000ea0                . = ALIGN (0x4)
                0x0000000020000ea0                _heap_bottom = .
                0x0000000020000ea0                end = _heap_bottom
                0x0000000020000ea0                _end = end
                0x0000000020000ea0                __end = end
                0x0000000020000ea0                . = (. + _HEAP_SIZE)
                0x0000000020000ea0                _heap_top = .

.stack          0x0000000020000ea0     0x1000 load address 0x000000000800652c
                0x0000000020000ea0                . = ALIGN (0x4)
                0x0000000020000ea0                _stack_bottom = .
                0x0000000020001ea0                . = (. + _STACK_SIZE)
 *fill*         0x0000000020000ea0     0x1000 
                0x0000000020001ea0                _stack_top = .

/DISCARD/
 libc.a(*)
 libm.a(*)
 libgcc.a(*)

.ARM.attributes
                0x0000000000000000       0x2e
 *(.ARM.attributes)
 .ARM.attributes
                0x0000000000000000       0x1e /usr/lib/gcc/arm-none-eabi/9.2.1/thumb/v7e-m/nofp/crti.o
 .ARM.attributes
                0x000000000000001e       0x2e /usr/lib/gcc/arm-none-eabi/9.2.1/thumb/v7e-m/nofp/crtbegin.o
 .ARM.attributes
                0x000000000000004c       0x32 out/tremo_it.o
 .ARM.attributes
                0x000000000000007e       0x32 out/main.o
 .ARM.attributes
                0x00000000000000b0       0x32 out/lora_driver.o
 .ARM.attributes
                0x00000000000000e2       0x32 out/address_manager.o
 .ARM.attributes
                0x0000000000000114       0x32 out/printf-stdarg.o
 .ARM.attributes
                0x0000000000000146       0x32 out/system_cm4.o
 .ARM.attributes
                0x0000000000000178       0x32 out/tremo_gpio.o
 .ARM.attributes
                0x00000000000001aa       0x32 out/tremo_uart.o
 .ARM.attributes
                0x00000000000001dc       0x32 out/tremo_timer.o
 .ARM.attributes
                0x000000000000020e       0x32 out/tremo_delay.o
 .ARM.attributes
                0x0000000000000240       0x32 out/tremo_rtc.o
 .ARM.attributes
                0x0000000000000272       0x32 out/tremo_pwr.o
 .ARM.attributes
                0x00000000000002a4       0x32 out/tremo_system.o
 .ARM.attributes
                0x00000000000002d6       0x32 out/tremo_rcc.o
 .ARM.attributes
                0x0000000000000308       0x32 out/delay.o
 .ARM.attributes
                0x000000000000033a       0x32 out/timer.o
 .ARM.attributes
                0x000000000000036c       0x32 out/radio.o
 .ARM.attributes
                0x000000000000039e       0x32 out/sx126x.o
 .ARM.attributes
                0x00000000000003d0       0x32 out/utilities.o
 .ARM.attributes
                0x0000000000000402       0x32 out/rtc-board.o
 .ARM.attributes
                0x0000000000000434       0x32 out/sx1262-board.o
 .ARM.attributes
                0x0000000000000466       0x21 out/startup_cm4.o
 .ARM.attributes
                0x0000000000000487       0x1e /usr/lib/gcc/arm-none-eabi/9.2.1/thumb/v7e-m/nofp/libgcc.a(_arm_addsubdf3.o)
 .ARM.attributes
                0x00000000000004a5       0x1e /usr/lib/gcc/arm-none-eabi/9.2.1/thumb/v7e-m/nofp/libgcc.a(_arm_muldivdf3.o)
 .ARM.attributes
                0x00000000000004c3       0x1e /usr/lib/gcc/arm-none-eabi/9.2.1/thumb/v7e-m/nofp/libgcc.a(_arm_cmpdf2.o)
 .ARM.attributes
                0x00000000000004e1       0x1e /usr/lib/gcc/arm-none-eabi/9.2.1/thumb/v7e-m/nofp/libgcc.a(_arm_fixdfsi.o)
 .ARM.attributes
                0x00000000000004ff       0x1e /usr/lib/gcc/arm-none-eabi/9.2.1/thumb/v7e-m/nofp/libgcc.a(_arm_fixunsdfsi.o)
 .ARM.attributes
                0x000000000000051d       0x1e /usr/lib/gcc/arm-none-eabi/9.2.1/thumb/v7e-m/nofp/libgcc.a(_aeabi_uldivmod.o)
 .ARM.attributes
                0x000000000000053b       0x2e /usr/lib/gcc/arm-none-eabi/9.2.1/thumb/v7e-m/nofp/libgcc.a(_fixunsdfdi.o)
 .ARM.attributes
                0x0000000000000569       0x2e /usr/lib/gcc/arm-none-eabi/9.2.1/thumb/v7e-m/nofp/libgcc.a(_udivmoddi4.o)
 .ARM.attributes
                0x0000000000000597       0x1e /usr/lib/gcc/arm-none-eabi/9.2.1/thumb/v7e-m/nofp/libgcc.a(_dvmd_tls.o)
 .ARM.attributes
                0x00000000000005b5       0x2e /usr/lib/gcc/arm-none-eabi/9.2.1/../../../arm-none-eabi/lib/thumb/v7e-m/nofp/libc.a(lib_a-atexit.o)
 .ARM.attributes
                0x00000000000005e3       0x2e /usr/lib/gcc/arm-none-eabi/9.2.1/../../../arm-none-eabi/lib/thumb/v7e-m/nofp/libc.a(lib_a-atoi.o)
 .ARM.attributes
                0x0000000000000611       0x2e /usr/lib/gcc/arm-none-eabi/9.2.1/../../../arm-none-eabi/lib/thumb/v7e-m/nofp/libc.a(lib_a-fini.o)
 .ARM.attributes
                0x000000000000063f       0x2e /usr/lib/gcc/arm-none-eabi/9.2.1/../../../arm-none-eabi/lib/thumb/v7e-m/nofp/libc.a(lib_a-impure.o)
 .ARM.attributes
                0x000000000000066d       0x2e /usr/lib/gcc/arm-none-eabi/9.2.1/../../../arm-none-eabi/lib/thumb/v7e-m/nofp/libc.a(lib_a-init.o)
 .ARM.attributes
                0x000000000000069b       0x2e /usr/lib/gcc/arm-none-eabi/9.2.1/../../../arm-none-eabi/lib/thumb/v7e-m/nofp/libc.a(lib_a-memcmp.o)
 .ARM.attributes
                0x00000000000006c9       0x1c /usr/lib/gcc/arm-none-eabi/9.2.1/../../../arm-none-eabi/lib/thumb/v7e-m/nofp/libc.a(lib_a-memcpy.o)
 .ARM.attributes
                0x00000000000006e5       0x2e /usr/lib/gcc/arm-none-eabi/9.2.1/../../../arm-none-eabi/lib/thumb/v7e-m/nofp/libc.a(lib_a-memset.o)
 .ARM.attributes
                0x0000000000000713       0x2e /usr/lib/gcc/arm-none-eabi/9.2.1/../../../arm-none-eabi/lib/thumb/v7e-m/nofp/libc.a(lib_a-strchr.o)
 .ARM.attributes
                0x0000000000000741       0x2e /usr/lib/gcc/arm-none-eabi/9.2.1/../../../arm-none-eabi/lib/thumb/v7e-m/nofp/libc.a(lib_a-strncmp.o)
 .ARM.attributes
                0x000000000000076f       0x2e /usr/lib/gcc/arm-none-eabi/9.2.1/../../../arm-none-eabi/lib/thumb/v7e-m/nofp/libc.a(lib_a-strtol.o)
 .ARM.attributes
                0x000000000000079d       0x2e /usr/lib/gcc/arm-none-eabi/9.2.1/../../../arm-none-eabi/lib/thumb/v7e-m/nofp/libc.a(lib_a-__atexit.o)
 .ARM.attributes
                0x00000000000007cb       0x2e /usr/lib/gcc/arm-none-eabi/9.2.1/../../../arm-none-eabi/lib/thumb/v7e-m/nofp/libc.a(lib_a-__call_atexit.o)
 .ARM.attributes
                0x00000000000007f9       0x2e /usr/lib/gcc/arm-none-eabi/9.2.1/../../../arm-none-eabi/lib/thumb/v7e-m/nofp/libc.a(lib_a-ctype_.o)
 .ARM.attributes
                0x0000000000000827       0x2e /usr/lib/gcc/arm-none-eabi/9.2.1/../../../arm-none-eabi/lib/thumb/v7e-m/nofp/libc.a(lib_a-errno.o)
 .ARM.attributes
                0x0000000000000855       0x2e /usr/lib/gcc/arm-none-eabi/9.2.1/thumb/v7e-m/nofp/crtend.o
 .ARM.attributes
                0x0000000000000883       0x1e /usr/lib/gcc/arm-none-eabi/9.2.1/thumb/v7e-m/nofp/crtn.o
OUTPUT(out/lora_myself_net.elf elf32-littlearm)
LOAD linker stubs
LOAD /usr/lib/gcc/arm-none-eabi/9.2.1/../../../arm-none-eabi/lib/thumb/v7e-m/nofp/libc.a
LOAD /usr/lib/gcc/arm-none-eabi/9.2.1/../../../arm-none-eabi/lib/thumb/v7e-m/nofp/libm.a
LOAD /usr/lib/gcc/arm-none-eabi/9.2.1/thumb/v7e-m/nofp/libgcc.a

.comment        0x0000000000000000       0xa7
 .comment       0x0000000000000000       0x59 /usr/lib/gcc/arm-none-eabi/9.2.1/thumb/v7e-m/nofp/crtbegin.o
                                         0x5a (size before relaxing)
 .comment       0x0000000000000059       0x5a out/tremo_it.o
 .comment       0x0000000000000059       0x5a out/main.o
 .comment       0x0000000000000059       0x5a out/lora_driver.o
 .comment       0x0000000000000059       0x5a out/address_manager.o
 .comment       0x0000000000000059       0x5a out/printf-stdarg.o
 .comment       0x0000000000000059       0x5a out/system_cm4.o
 .comment       0x0000000000000059       0x5a out/tremo_gpio.o
 .comment       0x0000000000000059       0x5a out/tremo_uart.o
 .comment       0x0000000000000059       0x5a out/tremo_timer.o
 .comment       0x0000000000000059       0x5a out/tremo_delay.o
 .comment       0x0000000000000059       0x5a out/tremo_rtc.o
 .comment       0x0000000000000059       0x5a out/tremo_pwr.o
 .comment       0x0000000000000059       0x5a out/tremo_system.o
 .comment       0x0000000000000059       0x5a out/tremo_rcc.o
 .comment       0x0000000000000059       0x5a out/delay.o
 .comment       0x0000000000000059       0x5a out/timer.o
 .comment       0x0000000000000059       0x5a out/radio.o
 .comment       0x0000000000000059       0x5a out/sx126x.o
 .comment       0x0000000000000059       0x5a out/utilities.o
 .comment       0x0000000000000059       0x5a out/rtc-board.o
 .comment       0x0000000000000059       0x5a out/sx1262-board.o
 .comment       0x0000000000000059       0x5a /usr/lib/gcc/arm-none-eabi/9.2.1/thumb/v7e-m/nofp/libgcc.a(_fixunsdfdi.o)
 .comment       0x0000000000000059       0x5a /usr/lib/gcc/arm-none-eabi/9.2.1/thumb/v7e-m/nofp/libgcc.a(_udivmoddi4.o)
 .comment       0x0000000000000059       0x4e /usr/lib/gcc/arm-none-eabi/9.2.1/../../../arm-none-eabi/lib/thumb/v7e-m/nofp/libc.a(lib_a-atexit.o)
                                         0x4f (size before relaxing)
 .comment       0x00000000000000a7       0x4f /usr/lib/gcc/arm-none-eabi/9.2.1/../../../arm-none-eabi/lib/thumb/v7e-m/nofp/libc.a(lib_a-atoi.o)
 .comment       0x00000000000000a7       0x4f /usr/lib/gcc/arm-none-eabi/9.2.1/../../../arm-none-eabi/lib/thumb/v7e-m/nofp/libc.a(lib_a-fini.o)
 .comment       0x00000000000000a7       0x4f /usr/lib/gcc/arm-none-eabi/9.2.1/../../../arm-none-eabi/lib/thumb/v7e-m/nofp/libc.a(lib_a-impure.o)
 .comment       0x00000000000000a7       0x4f /usr/lib/gcc/arm-none-eabi/9.2.1/../../../arm-none-eabi/lib/thumb/v7e-m/nofp/libc.a(lib_a-init.o)
 .comment       0x00000000000000a7       0x4f /usr/lib/gcc/arm-none-eabi/9.2.1/../../../arm-none-eabi/lib/thumb/v7e-m/nofp/libc.a(lib_a-memcmp.o)
 .comment       0x00000000000000a7       0x4f /usr/lib/gcc/arm-none-eabi/9.2.1/../../../arm-none-eabi/lib/thumb/v7e-m/nofp/libc.a(lib_a-memset.o)
 .comment       0x00000000000000a7       0x4f /usr/lib/gcc/arm-none-eabi/9.2.1/../../../arm-none-eabi/lib/thumb/v7e-m/nofp/libc.a(lib_a-strchr.o)
 .comment       0x00000000000000a7       0x4f /usr/lib/gcc/arm-none-eabi/9.2.1/../../../arm-none-eabi/lib/thumb/v7e-m/nofp/libc.a(lib_a-strncmp.o)
 .comment       0x00000000000000a7       0x4f /usr/lib/gcc/arm-none-eabi/9.2.1/../../../arm-none-eabi/lib/thumb/v7e-m/nofp/libc.a(lib_a-strtol.o)
 .comment       0x00000000000000a7       0x4f /usr/lib/gcc/arm-none-eabi/9.2.1/../../../arm-none-eabi/lib/thumb/v7e-m/nofp/libc.a(lib_a-__atexit.o)
 .comment       0x00000000000000a7       0x4f /usr/lib/gcc/arm-none-eabi/9.2.1/../../../arm-none-eabi/lib/thumb/v7e-m/nofp/libc.a(lib_a-__call_atexit.o)
 .comment       0x00000000000000a7       0x4f /usr/lib/gcc/arm-none-eabi/9.2.1/../../../arm-none-eabi/lib/thumb/v7e-m/nofp/libc.a(lib_a-ctype_.o)
 .comment       0x00000000000000a7       0x4f /usr/lib/gcc/arm-none-eabi/9.2.1/../../../arm-none-eabi/lib/thumb/v7e-m/nofp/libc.a(lib_a-errno.o)
 .comment       0x00000000000000a7       0x5a /usr/lib/gcc/arm-none-eabi/9.2.1/thumb/v7e-m/nofp/crtend.o

.debug_line     0x0000000000000000     0x25cb
 .debug_line    0x0000000000000000      0x186 /usr/lib/gcc/arm-none-eabi/9.2.1/thumb/v7e-m/nofp/libgcc.a(_arm_addsubdf3.o)
 .debug_line    0x0000000000000186      0x19b /usr/lib/gcc/arm-none-eabi/9.2.1/thumb/v7e-m/nofp/libgcc.a(_arm_muldivdf3.o)
 .debug_line    0x0000000000000321       0xbd /usr/lib/gcc/arm-none-eabi/9.2.1/thumb/v7e-m/nofp/libgcc.a(_arm_cmpdf2.o)
 .debug_line    0x00000000000003de       0x79 /usr/lib/gcc/arm-none-eabi/9.2.1/thumb/v7e-m/nofp/libgcc.a(_arm_fixdfsi.o)
 .debug_line    0x0000000000000457       0x75 /usr/lib/gcc/arm-none-eabi/9.2.1/thumb/v7e-m/nofp/libgcc.a(_arm_fixunsdfsi.o)
 .debug_line    0x00000000000004cc       0x60 /usr/lib/gcc/arm-none-eabi/9.2.1/thumb/v7e-m/nofp/libgcc.a(_aeabi_uldivmod.o)
 .debug_line    0x000000000000052c      0x133 /usr/lib/gcc/arm-none-eabi/9.2.1/thumb/v7e-m/nofp/libgcc.a(_fixunsdfdi.o)
 .debug_line    0x000000000000065f      0x610 /usr/lib/gcc/arm-none-eabi/9.2.1/thumb/v7e-m/nofp/libgcc.a(_udivmoddi4.o)
 .debug_line    0x0000000000000c6f       0x60 /usr/lib/gcc/arm-none-eabi/9.2.1/thumb/v7e-m/nofp/libgcc.a(_dvmd_tls.o)
 .debug_line    0x0000000000000ccf      0x14a /usr/lib/gcc/arm-none-eabi/9.2.1/../../../arm-none-eabi/lib/thumb/v7e-m/nofp/libc.a(lib_a-atexit.o)
 .debug_line    0x0000000000000e19      0x14e /usr/lib/gcc/arm-none-eabi/9.2.1/../../../arm-none-eabi/lib/thumb/v7e-m/nofp/libc.a(lib_a-atoi.o)
 .debug_line    0x0000000000000f67       0xd7 /usr/lib/gcc/arm-none-eabi/9.2.1/../../../arm-none-eabi/lib/thumb/v7e-m/nofp/libc.a(lib_a-fini.o)
 .debug_line    0x000000000000103e       0xe3 /usr/lib/gcc/arm-none-eabi/9.2.1/../../../arm-none-eabi/lib/thumb/v7e-m/nofp/libc.a(lib_a-impure.o)
 .debug_line    0x0000000000001121      0x10d /usr/lib/gcc/arm-none-eabi/9.2.1/../../../arm-none-eabi/lib/thumb/v7e-m/nofp/libc.a(lib_a-init.o)
 .debug_line    0x000000000000122e      0x1d4 /usr/lib/gcc/arm-none-eabi/9.2.1/../../../arm-none-eabi/lib/thumb/v7e-m/nofp/libc.a(lib_a-memcmp.o)
 .debug_line    0x0000000000001402       0xbe /usr/lib/gcc/arm-none-eabi/9.2.1/../../../arm-none-eabi/lib/thumb/v7e-m/nofp/libc.a(lib_a-memcpy.o)
 .debug_line    0x00000000000014c0      0x26b /usr/lib/gcc/arm-none-eabi/9.2.1/../../../arm-none-eabi/lib/thumb/v7e-m/nofp/libc.a(lib_a-memset.o)
 .debug_line    0x000000000000172b      0x21f /usr/lib/gcc/arm-none-eabi/9.2.1/../../../arm-none-eabi/lib/thumb/v7e-m/nofp/libc.a(lib_a-strchr.o)
 .debug_line    0x000000000000194a      0x232 /usr/lib/gcc/arm-none-eabi/9.2.1/../../../arm-none-eabi/lib/thumb/v7e-m/nofp/libc.a(lib_a-strncmp.o)
 .debug_line    0x0000000000001b7c      0x3da /usr/lib/gcc/arm-none-eabi/9.2.1/../../../arm-none-eabi/lib/thumb/v7e-m/nofp/libc.a(lib_a-strtol.o)
 .debug_line    0x0000000000001f56      0x1e1 /usr/lib/gcc/arm-none-eabi/9.2.1/../../../arm-none-eabi/lib/thumb/v7e-m/nofp/libc.a(lib_a-__atexit.o)
 .debug_line    0x0000000000002137      0x238 /usr/lib/gcc/arm-none-eabi/9.2.1/../../../arm-none-eabi/lib/thumb/v7e-m/nofp/libc.a(lib_a-__call_atexit.o)
 .debug_line    0x000000000000236f      0x154 /usr/lib/gcc/arm-none-eabi/9.2.1/../../../arm-none-eabi/lib/thumb/v7e-m/nofp/libc.a(lib_a-ctype_.o)
 .debug_line    0x00000000000024c3      0x108 /usr/lib/gcc/arm-none-eabi/9.2.1/../../../arm-none-eabi/lib/thumb/v7e-m/nofp/libc.a(lib_a-errno.o)

.debug_info     0x0000000000000000     0xa178
 .debug_info    0x0000000000000000       0x26 /usr/lib/gcc/arm-none-eabi/9.2.1/thumb/v7e-m/nofp/libgcc.a(_arm_addsubdf3.o)
 .debug_info    0x0000000000000026       0x26 /usr/lib/gcc/arm-none-eabi/9.2.1/thumb/v7e-m/nofp/libgcc.a(_arm_muldivdf3.o)
 .debug_info    0x000000000000004c       0x26 /usr/lib/gcc/arm-none-eabi/9.2.1/thumb/v7e-m/nofp/libgcc.a(_arm_cmpdf2.o)
 .debug_info    0x0000000000000072       0x26 /usr/lib/gcc/arm-none-eabi/9.2.1/thumb/v7e-m/nofp/libgcc.a(_arm_fixdfsi.o)
 .debug_info    0x0000000000000098       0x26 /usr/lib/gcc/arm-none-eabi/9.2.1/thumb/v7e-m/nofp/libgcc.a(_arm_fixunsdfsi.o)
 .debug_info    0x00000000000000be       0x26 /usr/lib/gcc/arm-none-eabi/9.2.1/thumb/v7e-m/nofp/libgcc.a(_aeabi_uldivmod.o)
 .debug_info    0x00000000000000e4      0x96d /usr/lib/gcc/arm-none-eabi/9.2.1/thumb/v7e-m/nofp/libgcc.a(_fixunsdfdi.o)
 .debug_info    0x0000000000000a51      0xd7c /usr/lib/gcc/arm-none-eabi/9.2.1/thumb/v7e-m/nofp/libgcc.a(_udivmoddi4.o)
 .debug_info    0x00000000000017cd       0x26 /usr/lib/gcc/arm-none-eabi/9.2.1/thumb/v7e-m/nofp/libgcc.a(_dvmd_tls.o)
 .debug_info    0x00000000000017f3      0x995 /usr/lib/gcc/arm-none-eabi/9.2.1/../../../arm-none-eabi/lib/thumb/v7e-m/nofp/libc.a(lib_a-atexit.o)
 .debug_info    0x0000000000002188      0x9d9 /usr/lib/gcc/arm-none-eabi/9.2.1/../../../arm-none-eabi/lib/thumb/v7e-m/nofp/libc.a(lib_a-atoi.o)
 .debug_info    0x0000000000002b61      0x102 /usr/lib/gcc/arm-none-eabi/9.2.1/../../../arm-none-eabi/lib/thumb/v7e-m/nofp/libc.a(lib_a-fini.o)
 .debug_info    0x0000000000002c63      0x92a /usr/lib/gcc/arm-none-eabi/9.2.1/../../../arm-none-eabi/lib/thumb/v7e-m/nofp/libc.a(lib_a-impure.o)
 .debug_info    0x000000000000358d      0x11a /usr/lib/gcc/arm-none-eabi/9.2.1/../../../arm-none-eabi/lib/thumb/v7e-m/nofp/libc.a(lib_a-init.o)
 .debug_info    0x00000000000036a7      0x9c2 /usr/lib/gcc/arm-none-eabi/9.2.1/../../../arm-none-eabi/lib/thumb/v7e-m/nofp/libc.a(lib_a-memcmp.o)
 .debug_info    0x0000000000004069       0x26 /usr/lib/gcc/arm-none-eabi/9.2.1/../../../arm-none-eabi/lib/thumb/v7e-m/nofp/libc.a(lib_a-memcpy.o)
 .debug_info    0x000000000000408f      0xf21 /usr/lib/gcc/arm-none-eabi/9.2.1/../../../arm-none-eabi/lib/thumb/v7e-m/nofp/libc.a(lib_a-memset.o)
 .debug_info    0x0000000000004fb0      0x9b9 /usr/lib/gcc/arm-none-eabi/9.2.1/../../../arm-none-eabi/lib/thumb/v7e-m/nofp/libc.a(lib_a-strchr.o)
 .debug_info    0x0000000000005969      0x995 /usr/lib/gcc/arm-none-eabi/9.2.1/../../../arm-none-eabi/lib/thumb/v7e-m/nofp/libc.a(lib_a-strncmp.o)
 .debug_info    0x00000000000062fe     0x126b /usr/lib/gcc/arm-none-eabi/9.2.1/../../../arm-none-eabi/lib/thumb/v7e-m/nofp/libc.a(lib_a-strtol.o)
 .debug_info    0x0000000000007569      0x9d5 /usr/lib/gcc/arm-none-eabi/9.2.1/../../../arm-none-eabi/lib/thumb/v7e-m/nofp/libc.a(lib_a-__atexit.o)
 .debug_info    0x0000000000007f3e      0xa56 /usr/lib/gcc/arm-none-eabi/9.2.1/../../../arm-none-eabi/lib/thumb/v7e-m/nofp/libc.a(lib_a-__call_atexit.o)
 .debug_info    0x0000000000008994      0xe91 /usr/lib/gcc/arm-none-eabi/9.2.1/../../../arm-none-eabi/lib/thumb/v7e-m/nofp/libc.a(lib_a-ctype_.o)
 .debug_info    0x0000000000009825      0x953 /usr/lib/gcc/arm-none-eabi/9.2.1/../../../arm-none-eabi/lib/thumb/v7e-m/nofp/libc.a(lib_a-errno.o)

.debug_abbrev   0x0000000000000000     0x1ed4
 .debug_abbrev  0x0000000000000000       0x14 /usr/lib/gcc/arm-none-eabi/9.2.1/thumb/v7e-m/nofp/libgcc.a(_arm_addsubdf3.o)
 .debug_abbrev  0x0000000000000014       0x14 /usr/lib/gcc/arm-none-eabi/9.2.1/thumb/v7e-m/nofp/libgcc.a(_arm_muldivdf3.o)
 .debug_abbrev  0x0000000000000028       0x14 /usr/lib/gcc/arm-none-eabi/9.2.1/thumb/v7e-m/nofp/libgcc.a(_arm_cmpdf2.o)
 .debug_abbrev  0x000000000000003c       0x14 /usr/lib/gcc/arm-none-eabi/9.2.1/thumb/v7e-m/nofp/libgcc.a(_arm_fixdfsi.o)
 .debug_abbrev  0x0000000000000050       0x14 /usr/lib/gcc/arm-none-eabi/9.2.1/thumb/v7e-m/nofp/libgcc.a(_arm_fixunsdfsi.o)
 .debug_abbrev  0x0000000000000064       0x14 /usr/lib/gcc/arm-none-eabi/9.2.1/thumb/v7e-m/nofp/libgcc.a(_aeabi_uldivmod.o)
 .debug_abbrev  0x0000000000000078      0x14f /usr/lib/gcc/arm-none-eabi/9.2.1/thumb/v7e-m/nofp/libgcc.a(_fixunsdfdi.o)
 .debug_abbrev  0x00000000000001c7      0x1c2 /usr/lib/gcc/arm-none-eabi/9.2.1/thumb/v7e-m/nofp/libgcc.a(_udivmoddi4.o)
 .debug_abbrev  0x0000000000000389       0x14 /usr/lib/gcc/arm-none-eabi/9.2.1/thumb/v7e-m/nofp/libgcc.a(_dvmd_tls.o)
 .debug_abbrev  0x000000000000039d      0x232 /usr/lib/gcc/arm-none-eabi/9.2.1/../../../arm-none-eabi/lib/thumb/v7e-m/nofp/libc.a(lib_a-atexit.o)
 .debug_abbrev  0x00000000000005cf      0x214 /usr/lib/gcc/arm-none-eabi/9.2.1/../../../arm-none-eabi/lib/thumb/v7e-m/nofp/libc.a(lib_a-atoi.o)
 .debug_abbrev  0x00000000000007e3       0xcf /usr/lib/gcc/arm-none-eabi/9.2.1/../../../arm-none-eabi/lib/thumb/v7e-m/nofp/libc.a(lib_a-fini.o)
 .debug_abbrev  0x00000000000008b2      0x1b8 /usr/lib/gcc/arm-none-eabi/9.2.1/../../../arm-none-eabi/lib/thumb/v7e-m/nofp/libc.a(lib_a-impure.o)
 .debug_abbrev  0x0000000000000a6a       0xcc /usr/lib/gcc/arm-none-eabi/9.2.1/../../../arm-none-eabi/lib/thumb/v7e-m/nofp/libc.a(lib_a-init.o)
 .debug_abbrev  0x0000000000000b36      0x1ed /usr/lib/gcc/arm-none-eabi/9.2.1/../../../arm-none-eabi/lib/thumb/v7e-m/nofp/libc.a(lib_a-memcmp.o)
 .debug_abbrev  0x0000000000000d23       0x14 /usr/lib/gcc/arm-none-eabi/9.2.1/../../../arm-none-eabi/lib/thumb/v7e-m/nofp/libc.a(lib_a-memcpy.o)
 .debug_abbrev  0x0000000000000d37      0x217 /usr/lib/gcc/arm-none-eabi/9.2.1/../../../arm-none-eabi/lib/thumb/v7e-m/nofp/libc.a(lib_a-memset.o)
 .debug_abbrev  0x0000000000000f4e      0x1fc /usr/lib/gcc/arm-none-eabi/9.2.1/../../../arm-none-eabi/lib/thumb/v7e-m/nofp/libc.a(lib_a-strchr.o)
 .debug_abbrev  0x000000000000114a      0x1e8 /usr/lib/gcc/arm-none-eabi/9.2.1/../../../arm-none-eabi/lib/thumb/v7e-m/nofp/libc.a(lib_a-strncmp.o)
 .debug_abbrev  0x0000000000001332      0x312 /usr/lib/gcc/arm-none-eabi/9.2.1/../../../arm-none-eabi/lib/thumb/v7e-m/nofp/libc.a(lib_a-strtol.o)
 .debug_abbrev  0x0000000000001644      0x252 /usr/lib/gcc/arm-none-eabi/9.2.1/../../../arm-none-eabi/lib/thumb/v7e-m/nofp/libc.a(lib_a-__atexit.o)
 .debug_abbrev  0x0000000000001896      0x2b2 /usr/lib/gcc/arm-none-eabi/9.2.1/../../../arm-none-eabi/lib/thumb/v7e-m/nofp/libc.a(lib_a-__call_atexit.o)
 .debug_abbrev  0x0000000000001b48      0x1b6 /usr/lib/gcc/arm-none-eabi/9.2.1/../../../arm-none-eabi/lib/thumb/v7e-m/nofp/libc.a(lib_a-ctype_.o)
 .debug_abbrev  0x0000000000001cfe      0x1d6 /usr/lib/gcc/arm-none-eabi/9.2.1/../../../arm-none-eabi/lib/thumb/v7e-m/nofp/libc.a(lib_a-errno.o)

.debug_aranges  0x0000000000000000      0x2f8
 .debug_aranges
                0x0000000000000000       0x20 /usr/lib/gcc/arm-none-eabi/9.2.1/thumb/v7e-m/nofp/libgcc.a(_arm_addsubdf3.o)
 .debug_aranges
                0x0000000000000020       0x20 /usr/lib/gcc/arm-none-eabi/9.2.1/thumb/v7e-m/nofp/libgcc.a(_arm_muldivdf3.o)
 .debug_aranges
                0x0000000000000040       0x20 /usr/lib/gcc/arm-none-eabi/9.2.1/thumb/v7e-m/nofp/libgcc.a(_arm_cmpdf2.o)
 .debug_aranges
                0x0000000000000060       0x20 /usr/lib/gcc/arm-none-eabi/9.2.1/thumb/v7e-m/nofp/libgcc.a(_arm_fixdfsi.o)
 .debug_aranges
                0x0000000000000080       0x20 /usr/lib/gcc/arm-none-eabi/9.2.1/thumb/v7e-m/nofp/libgcc.a(_arm_fixunsdfsi.o)
 .debug_aranges
                0x00000000000000a0       0x20 /usr/lib/gcc/arm-none-eabi/9.2.1/thumb/v7e-m/nofp/libgcc.a(_aeabi_uldivmod.o)
 .debug_aranges
                0x00000000000000c0       0x20 /usr/lib/gcc/arm-none-eabi/9.2.1/thumb/v7e-m/nofp/libgcc.a(_fixunsdfdi.o)
 .debug_aranges
                0x00000000000000e0       0x20 /usr/lib/gcc/arm-none-eabi/9.2.1/thumb/v7e-m/nofp/libgcc.a(_udivmoddi4.o)
 .debug_aranges
                0x0000000000000100       0x20 /usr/lib/gcc/arm-none-eabi/9.2.1/thumb/v7e-m/nofp/libgcc.a(_dvmd_tls.o)
 .debug_aranges
                0x0000000000000120       0x20 /usr/lib/gcc/arm-none-eabi/9.2.1/../../../arm-none-eabi/lib/thumb/v7e-m/nofp/libc.a(lib_a-atexit.o)
 .debug_aranges
                0x0000000000000140       0x20 /usr/lib/gcc/arm-none-eabi/9.2.1/../../../arm-none-eabi/lib/thumb/v7e-m/nofp/libc.a(lib_a-atoi.o)
 .debug_aranges
                0x0000000000000160       0x20 /usr/lib/gcc/arm-none-eabi/9.2.1/../../../arm-none-eabi/lib/thumb/v7e-m/nofp/libc.a(lib_a-fini.o)
 .debug_aranges
                0x0000000000000180       0x18 /usr/lib/gcc/arm-none-eabi/9.2.1/../../../arm-none-eabi/lib/thumb/v7e-m/nofp/libc.a(lib_a-impure.o)
 .debug_aranges
                0x0000000000000198       0x20 /usr/lib/gcc/arm-none-eabi/9.2.1/../../../arm-none-eabi/lib/thumb/v7e-m/nofp/libc.a(lib_a-init.o)
 .debug_aranges
                0x00000000000001b8       0x20 /usr/lib/gcc/arm-none-eabi/9.2.1/../../../arm-none-eabi/lib/thumb/v7e-m/nofp/libc.a(lib_a-memcmp.o)
 .debug_aranges
                0x00000000000001d8       0x20 /usr/lib/gcc/arm-none-eabi/9.2.1/../../../arm-none-eabi/lib/thumb/v7e-m/nofp/libc.a(lib_a-memcpy.o)
 .debug_aranges
                0x00000000000001f8       0x20 /usr/lib/gcc/arm-none-eabi/9.2.1/../../../arm-none-eabi/lib/thumb/v7e-m/nofp/libc.a(lib_a-memset.o)
 .debug_aranges
                0x0000000000000218       0x20 /usr/lib/gcc/arm-none-eabi/9.2.1/../../../arm-none-eabi/lib/thumb/v7e-m/nofp/libc.a(lib_a-strchr.o)
 .debug_aranges
                0x0000000000000238       0x20 /usr/lib/gcc/arm-none-eabi/9.2.1/../../../arm-none-eabi/lib/thumb/v7e-m/nofp/libc.a(lib_a-strncmp.o)
 .debug_aranges
                0x0000000000000258       0x20 /usr/lib/gcc/arm-none-eabi/9.2.1/../../../arm-none-eabi/lib/thumb/v7e-m/nofp/libc.a(lib_a-strtol.o)
 .debug_aranges
                0x0000000000000278       0x20 /usr/lib/gcc/arm-none-eabi/9.2.1/../../../arm-none-eabi/lib/thumb/v7e-m/nofp/libc.a(lib_a-__atexit.o)
 .debug_aranges
                0x0000000000000298       0x28 /usr/lib/gcc/arm-none-eabi/9.2.1/../../../arm-none-eabi/lib/thumb/v7e-m/nofp/libc.a(lib_a-__call_atexit.o)
 .debug_aranges
                0x00000000000002c0       0x18 /usr/lib/gcc/arm-none-eabi/9.2.1/../../../arm-none-eabi/lib/thumb/v7e-m/nofp/libc.a(lib_a-ctype_.o)
 .debug_aranges
                0x00000000000002d8       0x20 /usr/lib/gcc/arm-none-eabi/9.2.1/../../../arm-none-eabi/lib/thumb/v7e-m/nofp/libc.a(lib_a-errno.o)

.debug_str      0x0000000000000000     0x2174
 .debug_str     0x0000000000000000       0xa5 /usr/lib/gcc/arm-none-eabi/9.2.1/thumb/v7e-m/nofp/libgcc.a(_arm_addsubdf3.o)
 .debug_str     0x00000000000000a5       0xa5 /usr/lib/gcc/arm-none-eabi/9.2.1/thumb/v7e-m/nofp/libgcc.a(_arm_muldivdf3.o)
 .debug_str     0x00000000000000a5       0xa5 /usr/lib/gcc/arm-none-eabi/9.2.1/thumb/v7e-m/nofp/libgcc.a(_arm_cmpdf2.o)
 .debug_str     0x00000000000000a5       0xa5 /usr/lib/gcc/arm-none-eabi/9.2.1/thumb/v7e-m/nofp/libgcc.a(_arm_fixdfsi.o)
 .debug_str     0x00000000000000a5       0xa5 /usr/lib/gcc/arm-none-eabi/9.2.1/thumb/v7e-m/nofp/libgcc.a(_arm_fixunsdfsi.o)
 .debug_str     0x00000000000000a5       0x2c /usr/lib/gcc/arm-none-eabi/9.2.1/thumb/v7e-m/nofp/libgcc.a(_aeabi_uldivmod.o)
                                         0xa0 (size before relaxing)
 .debug_str     0x00000000000000d1     0x10fb /usr/lib/gcc/arm-none-eabi/9.2.1/thumb/v7e-m/nofp/libgcc.a(_fixunsdfdi.o)
                                       0x1193 (size before relaxing)
 .debug_str     0x00000000000011cc      0x11c /usr/lib/gcc/arm-none-eabi/9.2.1/thumb/v7e-m/nofp/libgcc.a(_udivmoddi4.o)
                                       0x11e0 (size before relaxing)
 .debug_str     0x00000000000012e8       0x30 /usr/lib/gcc/arm-none-eabi/9.2.1/thumb/v7e-m/nofp/libgcc.a(_dvmd_tls.o)
                                         0xa4 (size before relaxing)
 .debug_str     0x0000000000001318      0x514 /usr/lib/gcc/arm-none-eabi/9.2.1/../../../arm-none-eabi/lib/thumb/v7e-m/nofp/libc.a(lib_a-atexit.o)
                                        0x5e5 (size before relaxing)
 .debug_str     0x000000000000182c       0x50 /usr/lib/gcc/arm-none-eabi/9.2.1/../../../arm-none-eabi/lib/thumb/v7e-m/nofp/libc.a(lib_a-atoi.o)
                                        0x5b6 (size before relaxing)
 .debug_str     0x000000000000187c       0xc5 /usr/lib/gcc/arm-none-eabi/9.2.1/../../../arm-none-eabi/lib/thumb/v7e-m/nofp/libc.a(lib_a-fini.o)
                                        0x1f4 (size before relaxing)
 .debug_str     0x0000000000001941       0x98 /usr/lib/gcc/arm-none-eabi/9.2.1/../../../arm-none-eabi/lib/thumb/v7e-m/nofp/libc.a(lib_a-impure.o)
                                        0x59a (size before relaxing)
 .debug_str     0x00000000000019d9       0x96 /usr/lib/gcc/arm-none-eabi/9.2.1/../../../arm-none-eabi/lib/thumb/v7e-m/nofp/libc.a(lib_a-init.o)
                                        0x21e (size before relaxing)
 .debug_str     0x0000000000001a6f       0x95 /usr/lib/gcc/arm-none-eabi/9.2.1/../../../arm-none-eabi/lib/thumb/v7e-m/nofp/libc.a(lib_a-memcmp.o)
                                        0x59e (size before relaxing)
 .debug_str     0x0000000000001b04       0xa2 /usr/lib/gcc/arm-none-eabi/9.2.1/../../../arm-none-eabi/lib/thumb/v7e-m/nofp/libc.a(lib_a-memcpy.o)
                                         0xae (size before relaxing)
 .debug_str     0x0000000000001ba6      0x2ba /usr/lib/gcc/arm-none-eabi/9.2.1/../../../arm-none-eabi/lib/thumb/v7e-m/nofp/libc.a(lib_a-memset.o)
                                        0x8c7 (size before relaxing)
 .debug_str     0x0000000000001e60       0x40 /usr/lib/gcc/arm-none-eabi/9.2.1/../../../arm-none-eabi/lib/thumb/v7e-m/nofp/libc.a(lib_a-strchr.o)
                                        0x5a9 (size before relaxing)
 .debug_str     0x0000000000001ea0       0x3d /usr/lib/gcc/arm-none-eabi/9.2.1/../../../arm-none-eabi/lib/thumb/v7e-m/nofp/libc.a(lib_a-strncmp.o)
                                        0x5a0 (size before relaxing)
 .debug_str     0x0000000000001edd       0xbd /usr/lib/gcc/arm-none-eabi/9.2.1/../../../arm-none-eabi/lib/thumb/v7e-m/nofp/libc.a(lib_a-strtol.o)
                                        0x95d (size before relaxing)
 .debug_str     0x0000000000001f9a       0x4f /usr/lib/gcc/arm-none-eabi/9.2.1/../../../arm-none-eabi/lib/thumb/v7e-m/nofp/libc.a(lib_a-__atexit.o)
                                        0x603 (size before relaxing)
 .debug_str     0x0000000000001fe9       0x74 /usr/lib/gcc/arm-none-eabi/9.2.1/../../../arm-none-eabi/lib/thumb/v7e-m/nofp/libc.a(lib_a-__call_atexit.o)
                                        0x616 (size before relaxing)
 .debug_str     0x000000000000205d       0x8c /usr/lib/gcc/arm-none-eabi/9.2.1/../../../arm-none-eabi/lib/thumb/v7e-m/nofp/libc.a(lib_a-ctype_.o)
                                        0x8b2 (size before relaxing)
 .debug_str     0x00000000000020e9       0x8b /usr/lib/gcc/arm-none-eabi/9.2.1/../../../arm-none-eabi/lib/thumb/v7e-m/nofp/libc.a(lib_a-errno.o)
                                        0x5ac (size before relaxing)

.debug_frame    0x0000000000000000      0x554
 .debug_frame   0x0000000000000000       0xac /usr/lib/gcc/arm-none-eabi/9.2.1/thumb/v7e-m/nofp/libgcc.a(_arm_addsubdf3.o)
 .debug_frame   0x00000000000000ac       0x50 /usr/lib/gcc/arm-none-eabi/9.2.1/thumb/v7e-m/nofp/libgcc.a(_arm_muldivdf3.o)
 .debug_frame   0x00000000000000fc       0xc4 /usr/lib/gcc/arm-none-eabi/9.2.1/thumb/v7e-m/nofp/libgcc.a(_arm_cmpdf2.o)
 .debug_frame   0x00000000000001c0       0x24 /usr/lib/gcc/arm-none-eabi/9.2.1/thumb/v7e-m/nofp/libgcc.a(_arm_fixdfsi.o)
 .debug_frame   0x00000000000001e4       0x24 /usr/lib/gcc/arm-none-eabi/9.2.1/thumb/v7e-m/nofp/libgcc.a(_arm_fixunsdfsi.o)
 .debug_frame   0x0000000000000208       0x2c /usr/lib/gcc/arm-none-eabi/9.2.1/thumb/v7e-m/nofp/libgcc.a(_aeabi_uldivmod.o)
 .debug_frame   0x0000000000000234       0x2c /usr/lib/gcc/arm-none-eabi/9.2.1/thumb/v7e-m/nofp/libgcc.a(_fixunsdfdi.o)
 .debug_frame   0x0000000000000260       0x34 /usr/lib/gcc/arm-none-eabi/9.2.1/thumb/v7e-m/nofp/libgcc.a(_udivmoddi4.o)
 .debug_frame   0x0000000000000294       0x20 /usr/lib/gcc/arm-none-eabi/9.2.1/../../../arm-none-eabi/lib/thumb/v7e-m/nofp/libc.a(lib_a-atexit.o)
 .debug_frame   0x00000000000002b4       0x30 /usr/lib/gcc/arm-none-eabi/9.2.1/../../../arm-none-eabi/lib/thumb/v7e-m/nofp/libc.a(lib_a-atoi.o)
 .debug_frame   0x00000000000002e4       0x34 /usr/lib/gcc/arm-none-eabi/9.2.1/../../../arm-none-eabi/lib/thumb/v7e-m/nofp/libc.a(lib_a-fini.o)
 .debug_frame   0x0000000000000318       0x2c /usr/lib/gcc/arm-none-eabi/9.2.1/../../../arm-none-eabi/lib/thumb/v7e-m/nofp/libc.a(lib_a-init.o)
 .debug_frame   0x0000000000000344       0x38 /usr/lib/gcc/arm-none-eabi/9.2.1/../../../arm-none-eabi/lib/thumb/v7e-m/nofp/libc.a(lib_a-memcmp.o)
 .debug_frame   0x000000000000037c       0x38 /usr/lib/gcc/arm-none-eabi/9.2.1/../../../arm-none-eabi/lib/thumb/v7e-m/nofp/libc.a(lib_a-memset.o)
 .debug_frame   0x00000000000003b4       0x30 /usr/lib/gcc/arm-none-eabi/9.2.1/../../../arm-none-eabi/lib/thumb/v7e-m/nofp/libc.a(lib_a-strchr.o)
 .debug_frame   0x00000000000003e4       0x48 /usr/lib/gcc/arm-none-eabi/9.2.1/../../../arm-none-eabi/lib/thumb/v7e-m/nofp/libc.a(lib_a-strncmp.o)
 .debug_frame   0x000000000000042c       0x80 /usr/lib/gcc/arm-none-eabi/9.2.1/../../../arm-none-eabi/lib/thumb/v7e-m/nofp/libc.a(lib_a-strtol.o)
 .debug_frame   0x00000000000004ac       0x38 /usr/lib/gcc/arm-none-eabi/9.2.1/../../../arm-none-eabi/lib/thumb/v7e-m/nofp/libc.a(lib_a-__atexit.o)
 .debug_frame   0x00000000000004e4       0x50 /usr/lib/gcc/arm-none-eabi/9.2.1/../../../arm-none-eabi/lib/thumb/v7e-m/nofp/libc.a(lib_a-__call_atexit.o)
 .debug_frame   0x0000000000000534       0x20 /usr/lib/gcc/arm-none-eabi/9.2.1/../../../arm-none-eabi/lib/thumb/v7e-m/nofp/libc.a(lib_a-errno.o)

.debug_loc      0x0000000000000000     0x2427
 .debug_loc     0x0000000000000000       0xad /usr/lib/gcc/arm-none-eabi/9.2.1/thumb/v7e-m/nofp/libgcc.a(_fixunsdfdi.o)
 .debug_loc     0x00000000000000ad      0xf8a /usr/lib/gcc/arm-none-eabi/9.2.1/thumb/v7e-m/nofp/libgcc.a(_udivmoddi4.o)
 .debug_loc     0x0000000000001037       0x32 /usr/lib/gcc/arm-none-eabi/9.2.1/../../../arm-none-eabi/lib/thumb/v7e-m/nofp/libc.a(lib_a-atexit.o)
 .debug_loc     0x0000000000001069       0x6f /usr/lib/gcc/arm-none-eabi/9.2.1/../../../arm-none-eabi/lib/thumb/v7e-m/nofp/libc.a(lib_a-atoi.o)
 .debug_loc     0x00000000000010d8       0x68 /usr/lib/gcc/arm-none-eabi/9.2.1/../../../arm-none-eabi/lib/thumb/v7e-m/nofp/libc.a(lib_a-fini.o)
 .debug_loc     0x0000000000001140       0xba /usr/lib/gcc/arm-none-eabi/9.2.1/../../../arm-none-eabi/lib/thumb/v7e-m/nofp/libc.a(lib_a-init.o)
 .debug_loc     0x00000000000011fa      0x196 /usr/lib/gcc/arm-none-eabi/9.2.1/../../../arm-none-eabi/lib/thumb/v7e-m/nofp/libc.a(lib_a-memcmp.o)
 .debug_loc     0x0000000000001390      0x231 /usr/lib/gcc/arm-none-eabi/9.2.1/../../../arm-none-eabi/lib/thumb/v7e-m/nofp/libc.a(lib_a-memset.o)
 .debug_loc     0x00000000000015c1      0x25b /usr/lib/gcc/arm-none-eabi/9.2.1/../../../arm-none-eabi/lib/thumb/v7e-m/nofp/libc.a(lib_a-strchr.o)
 .debug_loc     0x000000000000181c      0x1dc /usr/lib/gcc/arm-none-eabi/9.2.1/../../../arm-none-eabi/lib/thumb/v7e-m/nofp/libc.a(lib_a-strncmp.o)
 .debug_loc     0x00000000000019f8      0x7ad /usr/lib/gcc/arm-none-eabi/9.2.1/../../../arm-none-eabi/lib/thumb/v7e-m/nofp/libc.a(lib_a-strtol.o)
 .debug_loc     0x00000000000021a5      0x138 /usr/lib/gcc/arm-none-eabi/9.2.1/../../../arm-none-eabi/lib/thumb/v7e-m/nofp/libc.a(lib_a-__atexit.o)
 .debug_loc     0x00000000000022dd      0x14a /usr/lib/gcc/arm-none-eabi/9.2.1/../../../arm-none-eabi/lib/thumb/v7e-m/nofp/libc.a(lib_a-__call_atexit.o)

.debug_ranges   0x0000000000000000      0x120
 .debug_ranges  0x0000000000000000       0xc8 /usr/lib/gcc/arm-none-eabi/9.2.1/thumb/v7e-m/nofp/libgcc.a(_udivmoddi4.o)
 .debug_ranges  0x00000000000000c8       0x20 /usr/lib/gcc/arm-none-eabi/9.2.1/../../../arm-none-eabi/lib/thumb/v7e-m/nofp/libc.a(lib_a-strtol.o)
 .debug_ranges  0x00000000000000e8       0x38 /usr/lib/gcc/arm-none-eabi/9.2.1/../../../arm-none-eabi/lib/thumb/v7e-m/nofp/libc.a(lib_a-__call_atexit.o)
